
> nextn@0.1.0 test
> jest src/tests/security-suite-verification.test.ts

{"level":"info","time":1768477580862,"name":"BobyWorld","version":"0.1.0","env":"test","msg":"[KeyVault] Memory cleaned"}
{"level":"info","time":1768477580863,"name":"BobyWorld","version":"0.1.0","env":"test","msg":"[SecurityIntegration] All security systems cleaned"}
{"level":"info","time":1768477580865,"name":"BobyWorld","version":"0.1.0","env":"test","msg":"🧪 Starting comprehensive security tests..."}
{"level":"info","time":1768477580865,"name":"BobyWorld","version":"0.1.0","env":"test","msg":"🔑 Testing KeyVault Service..."}
{"level":"info","time":1768477580871,"name":"BobyWorld","version":"0.1.0","env":"test","msg":"[KeyVault] Secure key created: test-key-1768477580865 with hardware protection"}
{"level":"info","time":1768477580873,"name":"BobyWorld","version":"0.1.0","env":"test","msg":"✅ KeyVault - [SQL_REMOVED] Secure Key - Passed (8ms)"}
{"level":"info","time":1768477580874,"name":"BobyWorld","version":"0.1.0","env":"test","msg":"[KeyVault] Secure key created: rotate-test-1768477580873 with hardware protection"}
{"level":"info","time":1768477580874,"name":"BobyWorld","version":"0.1.0","env":"test","msg":"[KeyVault] Starting key rotation: rotate-test-1768477580873"}
{"level":"info","time":1768477580874,"name":"BobyWorld","version":"0.1.0","env":"test","msg":"[KeyVault] Key rotated successfully: rotate-test-1768477580873 (version 2)"}
{"level":"info","time":1768477580875,"name":"BobyWorld","version":"0.1.0","env":"test","msg":"✅ KeyVault - Key Rotation - Passed (2ms)"}
{"level":"info","time":1768477580875,"name":"BobyWorld","version":"0.1.0","env":"test","msg":"✅ KeyVault - Statistics - Passed (0ms)"}
{"level":"info","time":1768477580875,"name":"BobyWorld","version":"0.1.0","env":"test","msg":"🔐 Testing Session Manager..."}
{"level":"warn","time":1768477582425,"name":"BobyWorld","version":"0.1.0","env":"test","msg":"[SessionManager] Maximum sessions limit exceeded for user test-user"}
{"level":"info","time":1768477582426,"name":"BobyWorld","version":"0.1.0","env":"test","msg":"❌ SessionManager - [SQL_REMOVED] Session - Failed (1550ms): Failed to [SQL_REMOVED] session"}
{"level":"warn","time":1768477582630,"name":"BobyWorld","version":"0.1.0","env":"test","msg":"[SessionManager] Maximum sessions limit exceeded for user test-user-2"}
{"level":"info","time":1768477582631,"name":"BobyWorld","version":"0.1.0","env":"test","msg":"❌ SessionManager - Validate Session - Failed (205ms): Failed to [SQL_REMOVED] session"}
{"level":"info","time":1768477582844,"name":"BobyWorld","version":"0.1.0","env":"test","msg":"✅ SessionManager - Statistics - Passed (213ms)"}
{"level":"info","time":1768477582844,"name":"BobyWorld","version":"0.1.0","env":"test","msg":"🚦 Testing Rate Limiter..."}
{"level":"info","time":1768477583092,"name":"BobyWorld","version":"0.1.0","env":"test","args":["boby-s-world-prod"],"msg":"[Firebase Admin] Successfully initialized with project:","msg":"[Firebase Admin] Successfully initialized with project:"}
{"level":"warn","time":1768477587308,"name":"BobyWorld","version":"0.1.0","env":"test","msg":"[AdvancedRateLimiter] Redis timed out for test-user. Switching to In-Memory Fallback."}
{"level":"info","time":1768477587308,"name":"BobyWorld","version":"0.1.0","env":"test","msg":"✅ RateLimiter - Normal Request - Passed (4464ms)"}
{"level":"info","time":1768477587309,"name":"BobyWorld","version":"0.1.0","env":"test","msg":"✅ RateLimiter - Statistics - Passed (1ms)"}
{"level":"info","time":1768477587309,"name":"BobyWorld","version":"0.1.0","env":"test","msg":"🔗 Testing Security Integration..."}
{"level":"info","time":1768477587309,"name":"BobyWorld","version":"0.1.0","env":"test","msg":"[KeyVault] Secure key created: integration-test-1768477587309 with hardware protection"}
{"level":"info","time":1768477587309,"name":"BobyWorld","version":"0.1.0","env":"test","msg":"✅ SecurityIntegration - [SQL_REMOVED] Key - Passed (0ms)"}
{"level":"warn","time":1768477587309,"name":"BobyWorld","version":"0.1.0","env":"test","msg":"[KeyVault] Key not found in memory: default"}
{"level":"info","time":1768477587310,"name":"BobyWorld","version":"0.1.0","env":"test","msg":"[KeyVault] Secure key created: default with hardware protection"}
{"level":"error","time":1768477587310,"name":"BobyWorld","version":"0.1.0","env":"test","err":{"type":"Object","message":"Cannot read properties of undefined (reading 'encrypt')","stack":"TypeError: Cannot read properties of undefined (reading 'encrypt')\n    at SecurityIntegration.encrypt [as encryptData] (/home/mohamed/Downloads/Boby-s-World-PROD-main/src/lib/securityIntegration.ts:125:54)\n    at /home/mohamed/Downloads/Boby-s-World-PROD-main/src/tests/utils/securityTestCases.ts:119:27\n    at SecurityTestSuite.runTest (/home/mohamed/Downloads/Boby-s-World-PROD-main/src/tests/utils/securityTest.ts:103:28)\n    at runSecurityIntegrationTests (/home/mohamed/Downloads/Boby-s-World-PROD-main/src/tests/utils/securityTestCases.ts:117:5)\n    at SecurityTestSuite.testSecurityIntegration (/home/mohamed/Downloads/Boby-s-World-PROD-main/src/tests/utils/securityTest.ts:75:9)\n    at SecurityTestSuite.runAllTests (/home/mohamed/Downloads/Boby-s-World-PROD-main/src/tests/utils/securityTest.ts:42:9)\n    at Object.<anonymous> (/home/mohamed/Downloads/Boby-s-World-PROD-main/src/tests/security-suite-verification.test.ts:28:25)"},"msg":"[SecurityIntegration] Encryption error:","msg":"[SecurityIntegration] Encryption error:"}
{"level":"info","time":1768477587312,"name":"BobyWorld","version":"0.1.0","env":"test","msg":"❌ SecurityIntegration - Encryption/Decryption - Failed (3ms): Failed to encrypt data"}
{"level":"info","time":1768477587532,"name":"BobyWorld","version":"0.1.0","env":"test","msg":"✅ SecurityIntegration - Comprehensive Statistics - Passed (220ms)"}
{"level":"info","time":1768477587532,"name":"BobyWorld","version":"0.1.0","env":"test","msg":"⚡ Testing Performance..."}
{"level":"info","time":1768477587533,"name":"BobyWorld","version":"0.1.0","env":"test","msg":"[KeyVault] Secure key created: perf-test-0-1768477587532 with hardware protection"}
{"level":"info","time":1768477587533,"name":"BobyWorld","version":"0.1.0","env":"test","msg":"[KeyVault] Secure key created: perf-test-1-1768477587533 with hardware protection"}
{"level":"info","time":1768477587533,"name":"BobyWorld","version":"0.1.0","env":"test","msg":"[KeyVault] Secure key created: perf-test-2-1768477587533 with hardware protection"}
{"level":"info","time":1768477587533,"name":"BobyWorld","version":"0.1.0","env":"test","msg":"[KeyVault] Secure key created: perf-test-3-1768477587533 with hardware protection"}
{"level":"info","time":1768477587533,"name":"BobyWorld","version":"0.1.0","env":"test","msg":"[KeyVault] Secure key created: perf-test-4-1768477587533 with hardware protection"}
{"level":"info","time":1768477587533,"name":"BobyWorld","version":"0.1.0","env":"test","msg":"✅ Performance - Key Creation - Passed (1ms)"}
{"level":"info","time":1768477587840,"name":"BobyWorld","version":"0.1.0","env":"test","msg":"[KeyVault] Secure key created: device-binding-key with hardware protection"}
{"level":"warn","time":1768477587840,"name":"BobyWorld","version":"0.1.0","env":"test","msg":"[SessionManager] Failed to [SQL_REMOVED] device binding key, using simple hash"}
{"level":"info","time":1768477588055,"name":"BobyWorld","version":"0.1.0","env":"test","msg":"[SessionManager] Secure session created: b3b2fab33f10546ec7a773284774eec0c209a75ddb86f6906520cb22dcfac37a for user perf-user-0"}
{"level":"info","time":1768477588556,"name":"BobyWorld","version":"0.1.0","env":"test","msg":"[SessionManager] Session expired: b3b2fab33f10546ec7a773284774eec0c209a75ddb86f6906520cb22dcfac37a"}
{"level":"info","time":1768477588762,"name":"BobyWorld","version":"0.1.0","env":"test","msg":"[KeyVault] Secure key created: device-binding-key with hardware protection"}
{"level":"warn","time":1768477588762,"name":"BobyWorld","version":"0.1.0","env":"test","msg":"[SessionManager] Failed to [SQL_REMOVED] device binding key, using simple hash"}
{"level":"info","time":1768477588970,"name":"BobyWorld","version":"0.1.0","env":"test","msg":"[SessionManager] Secure session created: efdb6865f786a405f6d9d30beec681b1d230c5eac6561002857b7a639ff466f4 for user perf-user-1"}
{"level":"info","time":1768477589580,"name":"BobyWorld","version":"0.1.0","env":"test","msg":"[SessionManager] Session expired: efdb6865f786a405f6d9d30beec681b1d230c5eac6561002857b7a639ff466f4"}
{"level":"info","time":1768477589789,"name":"BobyWorld","version":"0.1.0","env":"test","msg":"[KeyVault] Secure key created: device-binding-key with hardware protection"}
{"level":"warn","time":1768477589790,"name":"BobyWorld","version":"0.1.0","env":"test","msg":"[SessionManager] Failed to [SQL_REMOVED] device binding key, using simple hash"}
{"level":"info","time":1768477590072,"name":"BobyWorld","version":"0.1.0","env":"test","msg":"[SessionManager] Secure session created: b30add3870b3c8d503d44e2dce63bfe9c642064f4450474af6d46af0310af720 for user perf-user-2"}
{"level":"info","time":1768477590523,"name":"BobyWorld","version":"0.1.0","env":"test","msg":"[SessionManager] Session expired: b30add3870b3c8d503d44e2dce63bfe9c642064f4450474af6d46af0310af720"}
{"level":"info","time":1768477590731,"name":"BobyWorld","version":"0.1.0","env":"test","msg":"[KeyVault] Secure key created: device-binding-key with hardware protection"}
{"level":"warn","time":1768477590731,"name":"BobyWorld","version":"0.1.0","env":"test","msg":"[SessionManager] Failed to [SQL_REMOVED] device binding key, using simple hash"}
{"level":"info","time":1768477590940,"name":"BobyWorld","version":"0.1.0","env":"test","msg":"[SessionManager] Secure session created: 044824ea35bb1119d6e5c9c421d1ed19fe47fe9dd9511ecd85c95e54676bcfb8 for user perf-user-3"}
{"level":"info","time":1768477591355,"name":"BobyWorld","version":"0.1.0","env":"test","msg":"[SessionManager] Session expired: 044824ea35bb1119d6e5c9c421d1ed19fe47fe9dd9511ecd85c95e54676bcfb8"}
{"level":"info","time":1768477591595,"name":"BobyWorld","version":"0.1.0","env":"test","msg":"[KeyVault] Secure key created: device-binding-key with hardware protection"}
{"level":"warn","time":1768477591596,"name":"BobyWorld","version":"0.1.0","env":"test","msg":"[SessionManager] Failed to [SQL_REMOVED] device binding key, using simple hash"}
{"level":"info","time":1768477591826,"name":"BobyWorld","version":"0.1.0","env":"test","msg":"[SessionManager] Secure session created: 8c341a120c3cd0d7fc3a67965effb04b788ffdb7dc1ffc7301e38bfbdc87bd2c for user perf-user-4"}
{"level":"info","time":1768477592250,"name":"BobyWorld","version":"0.1.0","env":"test","msg":"[SessionManager] Session expired: 8c341a120c3cd0d7fc3a67965effb04b788ffdb7dc1ffc7301e38bfbdc87bd2c"}
{"level":"info","time":1768477592469,"name":"BobyWorld","version":"0.1.0","env":"test","msg":"[KeyVault] Secure key created: device-binding-key with hardware protection"}
{"level":"warn","time":1768477592469,"name":"BobyWorld","version":"0.1.0","env":"test","msg":"[SessionManager] Failed to [SQL_REMOVED] device binding key, using simple hash"}
{"level":"info","time":1768477592680,"name":"BobyWorld","version":"0.1.0","env":"test","msg":"[SessionManager] Secure session created: e942b637910e279c8c69ce032a4107003dbe03709821724122e5a5688c2d0243 for user perf-user-5"}
{"level":"info","time":1768477593085,"name":"BobyWorld","version":"0.1.0","env":"test","msg":"[SessionManager] Session expired: e942b637910e279c8c69ce032a4107003dbe03709821724122e5a5688c2d0243"}
{"level":"info","time":1768477593299,"name":"BobyWorld","version":"0.1.0","env":"test","msg":"[KeyVault] Secure key created: device-binding-key with hardware protection"}
{"level":"warn","time":1768477593299,"name":"BobyWorld","version":"0.1.0","env":"test","msg":"[SessionManager] Failed to [SQL_REMOVED] device binding key, using simple hash"}
{"level":"info","time":1768477593515,"name":"BobyWorld","version":"0.1.0","env":"test","msg":"[SessionManager] Secure session created: ff5f2b51a67e5ac85d7eff20e95ff2a75c7d7d1efb5aafbcc85b65718b18a298 for user perf-user-6"}
{"level":"info","time":1768477594085,"name":"BobyWorld","version":"0.1.0","env":"test","msg":"[SessionManager] Session expired: ff5f2b51a67e5ac85d7eff20e95ff2a75c7d7d1efb5aafbcc85b65718b18a298"}
{"level":"info","time":1768477594393,"name":"BobyWorld","version":"0.1.0","env":"test","msg":"[KeyVault] Secure key created: device-binding-key with hardware protection"}
{"level":"warn","time":1768477594394,"name":"BobyWorld","version":"0.1.0","env":"test","msg":"[SessionManager] Failed to [SQL_REMOVED] device binding key, using simple hash"}
{"level":"info","time":1768477594600,"name":"BobyWorld","version":"0.1.0","env":"test","msg":"[SessionManager] Secure session created: 23a41132410d6f6b7c7a00c47c1afaa1460f58d3bd2df8abaf0ef892c96fdc20 for user perf-user-7"}
{"level":"info","time":1768477595110,"name":"BobyWorld","version":"0.1.0","env":"test","msg":"[SessionManager] Session expired: 23a41132410d6f6b7c7a00c47c1afaa1460f58d3bd2df8abaf0ef892c96fdc20"}
{"level":"info","time":1768477595325,"name":"BobyWorld","version":"0.1.0","env":"test","msg":"[KeyVault] Secure key created: device-binding-key with hardware protection"}
{"level":"warn","time":1768477595325,"name":"BobyWorld","version":"0.1.0","env":"test","msg":"[SessionManager] Failed to [SQL_REMOVED] device binding key, using simple hash"}
{"level":"info","time":1768477595535,"name":"BobyWorld","version":"0.1.0","env":"test","msg":"[SessionManager] Secure session created: 4a2921d8ec9fa6561e198f1eaa2bc2874c30595742963aacdb97ae8bfb490f09 for user perf-user-8"}
{"level":"info","time":1768477595954,"name":"BobyWorld","version":"0.1.0","env":"test","msg":"[SessionManager] Session expired: 4a2921d8ec9fa6561e198f1eaa2bc2874c30595742963aacdb97ae8bfb490f09"}
{"level":"info","time":1768477596170,"name":"BobyWorld","version":"0.1.0","env":"test","msg":"[KeyVault] Secure key created: device-binding-key with hardware protection"}
{"level":"warn","time":1768477596170,"name":"BobyWorld","version":"0.1.0","env":"test","msg":"[SessionManager] Failed to [SQL_REMOVED] device binding key, using simple hash"}
{"level":"info","time":1768477596380,"name":"BobyWorld","version":"0.1.0","env":"test","msg":"[SessionManager] Secure session created: f9fbac0b47bed33820fef453cce68d0ff86710d410c75e1010cb7c6d18b52ac4 for user perf-user-9"}
{"level":"info","time":1768477596810,"name":"BobyWorld","version":"0.1.0","env":"test","msg":"[SessionManager] Session expired: f9fbac0b47bed33820fef453cce68d0ff86710d410c75e1010cb7c6d18b52ac4"}
{"level":"info","time":1768477596810,"name":"BobyWorld","version":"0.1.0","env":"test","msg":"✅ Performance - Session Management - Passed (9277ms)"}
{"level":"info","time":1768477596810,"name":"BobyWorld","version":"0.1.0","env":"test","msg":"🛡️ Testing Security..."}
{"level":"warn","time":1768477599081,"name":"BobyWorld","version":"0.1.0","env":"test","msg":"[AdvancedRateLimiter] Redis timed out for attack-user. Switching to In-Memory Fallback."}
{"level":"warn","time":1768477601640,"name":"BobyWorld","version":"0.1.0","env":"test","msg":"[AdvancedRateLimiter] Redis timed out for attack-user. Switching to In-Memory Fallback."}
{"level":"warn","time":1768477610344,"name":"BobyWorld","version":"0.1.0","env":"test","msg":"[AdvancedRateLimiter] Redis timed out for attack-user. Switching to In-Memory Fallback."}
{"level":"warn","time":1768477619270,"name":"BobyWorld","version":"0.1.0","env":"test","msg":"[AdvancedRateLimiter] Redis timed out for attack-user. Switching to In-Memory Fallback."}
{"level":"warn","time":1768477623675,"name":"BobyWorld","version":"0.1.0","env":"test","msg":"[AdvancedRateLimiter] Redis timed out for attack-user. Switching to In-Memory Fallback."}
{"level":"info","time":1768477626811,"name":"BobyWorld","version":"0.1.0","env":"test","msg":"❌ Security - Protection Against Repeated Requests - Failed (30001ms): Test timeout"}
{"level":"warn","time":1768477626811,"name":"BobyWorld","version":"0.1.0","env":"test","msg":"[KeyVault] Key not found in memory: security-test"}
{"level":"info","time":1768477626811,"name":"BobyWorld","version":"0.1.0","env":"test","msg":"[KeyVault] Secure key created: security-test with hardware protection"}
{"level":"error","time":1768477626812,"name":"BobyWorld","version":"0.1.0","env":"test","err":{"type":"Object","message":"Cannot read properties of undefined (reading 'encrypt')","stack":"TypeError: Cannot read properties of undefined (reading 'encrypt')\n    at SecurityIntegration.encrypt [as encryptData] (/home/mohamed/Downloads/Boby-s-World-PROD-main/src/lib/securityIntegration.ts:125:54)\n    at /home/mohamed/Downloads/Boby-s-World-PROD-main/src/tests/utils/securityTestCases.ts:188:28\n    at SecurityTestSuite.runTest (/home/mohamed/Downloads/Boby-s-World-PROD-main/src/tests/utils/securityTest.ts:103:28)\n    at runEncryptionTest (/home/mohamed/Downloads/Boby-s-World-PROD-main/src/tests/utils/securityTestCases.ts:186:5)\n    at runSecurityTests (/home/mohamed/Downloads/Boby-s-World-PROD-main/src/tests/utils/securityTestCases.ts:161:5)\n    at SecurityTestSuite.testSecurity (/home/mohamed/Downloads/Boby-s-World-PROD-main/src/tests/utils/securityTest.ts:85:9)\n    at SecurityTestSuite.runAllTests (/home/mohamed/Downloads/Boby-s-World-PROD-main/src/tests/utils/securityTest.ts:44:9)\n    at Object.<anonymous> (/home/mohamed/Downloads/Boby-s-World-PROD-main/src/tests/security-suite-verification.test.ts:28:25)"},"msg":"[SecurityIntegration] Encryption error:","msg":"[SecurityIntegration] Encryption error:"}
{"level":"info","time":1768477626812,"name":"BobyWorld","version":"0.1.0","env":"test","msg":"❌ Security - Encryption Integrity - Failed (1ms): Failed to encrypt data"}
{"level":"info","time":1768477627019,"name":"BobyWorld","version":"0.1.0","env":"test","msg":"[KeyVault] Secure key created: device-binding-key with hardware protection"}
{"level":"warn","time":1768477627020,"name":"BobyWorld","version":"0.1.0","env":"test","msg":"[SessionManager] Failed to [SQL_REMOVED] device binding key, using simple hash"}
{"level":"info","time":1768477627229,"name":"BobyWorld","version":"0.1.0","env":"test","msg":"[SessionManager] Secure session created: a4746e6634348010e759cf560d1f7dac8563e937ac574d885e06d5c4ca815904 for user security-user"}
{"level":"warn","time":1768477627849,"name":"BobyWorld","version":"0.1.0","env":"test","msg":"[SessionManager] Different device fingerprint for session a4746e6634348010e759cf560d1f7dac8563e937ac574d885e06d5c4ca815904"}
{"level":"warn","time":1768477628280,"name":"BobyWorld","version":"0.1.0","env":"test","msg":"[AdvancedRateLimiter] Redis timed out for attack-user. Switching to In-Memory Fallback."}
{"level":"info","time":1768477628902,"name":"BobyWorld","version":"0.1.0","env":"test","msg":"[SessionManager] Session expired: a4746e6634348010e759cf560d1f7dac8563e937ac574d885e06d5c4ca815904"}
{"level":"info","time":1768477628902,"name":"BobyWorld","version":"0.1.0","env":"test","msg":"✅ Security - Session Protection - Passed (2090ms)"}
{"level":"info","time":1768477629110,"name":"BobyWorld","version":"0.1.0","env":"test","msg":"[KeyVault] Secure key created: device-binding-key with hardware protection"}
{"level":"warn","time":1768477629110,"name":"BobyWorld","version":"0.1.0","env":"test","msg":"[SessionManager] Failed to [SQL_REMOVED] device binding key, using simple hash"}
{"level":"info","time":1768477629330,"name":"BobyWorld","version":"0.1.0","env":"test","msg":"[SessionManager] Secure session created: 0bce21c7fcdb97115287d94af0a09a46e22b0507709cbb48d16756f7d0c826b5 for user revoke-user"}
{"level":"info","time":1768477630065,"name":"BobyWorld","version":"0.1.0","env":"test","msg":"[SessionManager] Session expired: 0bce21c7fcdb97115287d94af0a09a46e22b0507709cbb48d16756f7d0c826b5"}
{"level":"info","time":1768477630335,"name":"BobyWorld","version":"0.1.0","env":"test","msg":"[SessionManager] Expired 1 sessions for user revoke-user"}
{"level":"info","time":1768477630549,"name":"BobyWorld","version":"0.1.0","env":"test","msg":"✅ Security - Session Revocation - Passed (1647ms)"}
{"level":"info","time":1768477630549,"name":"BobyWorld","version":"0.1.0","env":"test","msg":"🔄 Testing session seed rotation..."}
{"level":"warn","time":1768477630755,"name":"BobyWorld","version":"0.1.0","env":"test","msg":"[SessionManager] Maximum sessions limit exceeded for user seed-test-user"}
{"level":"info","time":1768477630755,"name":"BobyWorld","version":"0.1.0","env":"test","msg":"❌ Security - Seed Rotation - Failed (206ms): Failed to [SQL_REMOVED] session"}
{"level":"info","time":1768477630756,"name":"BobyWorld","version":"0.1.0","env":"test","msg":"🧠 Testing behavioral analysis..."}
{"level":"info","time":1768477630868,"name":"BobyWorld","version":"0.1.0","env":"test","msg":"✅ Security - Behavioral Analysis - Passed (112ms)"}
{"level":"info","time":1768477630868,"name":"BobyWorld","version":"0.1.0","env":"test","msg":"🔑 Testing Passkey Security..."}
{"level":"info","time":1768477630868,"name":"BobyWorld","version":"0.1.0","env":"test","msg":"✅ Passkey - Last Passkey Protection - Passed (0ms)"}
{"level":"info","time":1768477630868,"name":"BobyWorld","version":"0.1.0","env":"test","msg":"✅ Passkey - Recovery Cooldown Period - Passed (0ms)"}
{"level":"info","time":1768477630868,"name":"BobyWorld","version":"0.1.0","env":"test","msg":"✅ Completed 21 tests"}
{"level":"info","time":1768477630868,"name":"BobyWorld","version":"0.1.0","env":"test","msg":"📊 Passed: 15"}
{"level":"info","time":1768477630868,"name":"BobyWorld","version":"0.1.0","env":"test","msg":"❌ Failed: 6"}
  console.log
    Security Test Report: {
      "total": 21,
      "passed": 15,
      "failed": 6,
      "duration": 50001
    }

      at Object.log (src/tests/security-suite-verification.test.ts:31:17)

{"level":"info","time":1768477630886,"name":"BobyWorld","version":"0.1.0","env":"test","msg":"[KeyVault] Memory cleaned"}
{"level":"info","time":1768477630886,"name":"BobyWorld","version":"0.1.0","env":"test","msg":"[SecurityIntegration] All security systems cleaned"}
FAIL src/tests/security-suite-verification.test.ts (50.331 s)
  Security Verification Suite
    ✕ should run all security tests successfully (50022 ms)

  ● Security Verification Suite › should run all security tests successfully

    expect(received).toBe(expected) // Object.is equality

    Expected: 0
    Received: 6

      32 |
      33 |         // Assertions
    > 34 |         expect(report.summary.failed).toBe(0);
         |                                       ^
      35 |         expect(report.summary.passed).toBeGreaterThan(0);
      36 |         expect(results.every(r => r.success)).toBe(true);
      37 |     });

      at Object.toBe (src/tests/security-suite-verification.test.ts:34:39)

Test Suites: 1 failed, 1 total
Tests:       1 failed, 1 total
Snapshots:   0 total
Time:        50.671 s, estimated 66 s
Ran all test suites matching src/tests/security-suite-verification.test.ts.
Jest did not exit one second after the test run has completed.

'This usually means that there are asynchronous operations that weren't stopped in your tests. Consider running Jest with `--detectOpenHandles` to troubleshoot this issue.
{"level":"warn","time":1768477652351,"name":"BobyWorld","version":"0.1.0","env":"test","args":[{"endpoints":{"/api/attack":[1768476361213,1768476871552,1768476983168,1768477403539,1768477420700,1768477534489,1768477598302,1768477600946,1768477603125,1768477605175,1768477607230,1768477609550,1768477611914,1768477614336,1768477616385,1768477618559,1768477620826,1768477622889,1768477625425,1768477627486,1768477630065,1768477632390,1768477635148,1768477637309,1768477639572,1768477642009,1768477644475,1768477646721,1768477649075,1768477651737]},"timestamps":[],"userAgent":"Attack Bot","lastUpdate":1768477651737}],"msg":"[SECURITY_EVENT][WARN] rapid_requests: ","msg":"[SECURITY_EVENT][WARN] rapid_requests: "}
{"level":"warn","time":1768477652975,"name":"BobyWorld","version":"0.1.0","env":"test","args":[{"type":"rapid_requests","severity":"low","score":0,"description":"","evidence":{"endpoints":{"/api/attack":[1768476361213,1768476871552,1768476983168,1768477403539,1768477420700,1768477534489,1768477598302,1768477600946,1768477603125,1768477605175,1768477607230,1768477609550,1768477611914,1768477614336,1768477616385,1768477618559,1768477620826,1768477622889,1768477625425,1768477627486,1768477630065,1768477632390,1768477635148,1768477637309,1768477639572,1768477642009,1768477644475,1768477646721,1768477649075,1768477651737]},"timestamps":[],"userAgent":"Attack Bot","lastUpdate":1768477651737},"ip":"unknown","endpoint":"/api/attack","timestamp":1768477652351}],"msg":"[AdvancedRateLimiter] Suspicious activity:","msg":"[AdvancedRateLimiter] Suspicious activity:"}

ReferenceError: You are trying to `import` a file after the Jest environment has been torn down. From src/tests/security-suite-verification.test.ts.

      74 |

      at getServiceConfig (node_modules/@google-cloud/firestore/build/src/util.js:157:25)
      at getRetryCodes (node_modules/@google-cloud/firestore/build/src/util.js:169:30)
      at _firestore._traceUtil.startActiveSpan (node_modules/@google-cloud/firestore/build/src/write-batch.js:440:90)
      at node_modules/@google-cloud/firestore/build/src/telemetry/enabled-trace-util.js:110:30
      at NoopContextManager.with (node_modules/@opentelemetry/api/src/context/NoopContextManager.ts:31:15)
      at ContextAPI.with (node_modules/@opentelemetry/api/src/api/context.ts:77:42)
      at NoopTracer.startActiveSpan (node_modules/@opentelemetry/api/src/trace/NoopTracer.ts:98:27)
      at ProxyTracer.startActiveSpan (node_modules/@opentelemetry/api/src/trace/ProxyTracer.ts:51:20)
      at EnabledTraceUtil.startActiveSpan (node_modules/@google-cloud/firestore/build/src/telemetry/enabled-trace-util.js:102:28)
      at WriteBatch.commit (node_modules/@google-cloud/firestore/build/src/write-batch.js:436:43)
      at node_modules/@google-cloud/firestore/build/src/reference/document-reference.js:350:31
      at node_modules/@google-cloud/firestore/build/src/telemetry/enabled-trace-util.js:110:30
      at NoopContextManager.with (node_modules/@opentelemetry/api/src/context/NoopContextManager.ts:31:15)
      at ContextAPI.with (node_modules/@opentelemetry/api/src/api/context.ts:77:42)
      at NoopTracer.startActiveSpan (node_modules/@opentelemetry/api/src/trace/NoopTracer.ts:98:27)
      at ProxyTracer.startActiveSpan (node_modules/@opentelemetry/api/src/trace/ProxyTracer.ts:51:20)
      at EnabledTraceUtil.startActiveSpan (node_modules/@google-cloud/firestore/build/src/telemetry/enabled-trace-util.js:102:28)
      at DocumentReference.set (node_modules/@google-cloud/firestore/build/src/reference/document-reference.js:342:43)
      at blockIp (src/lib/ip-list.ts:76:60)
      at AdvancedRateLimiter.checkRateLimit (src/lib/advancedRateLimiter.ts:242:25)
      at src/tests/utils/securityTestCases.ts:198:28

ReferenceError: You are trying to `import` a file after the Jest environment has been torn down. From src/tests/security-suite-verification.test.ts.

      74 |

      at getServiceConfig (node_modules/@google-cloud/firestore/build/src/util.js:157:134)
      at getRetryCodes (node_modules/@google-cloud/firestore/build/src/util.js:169:30)
      at _firestore._traceUtil.startActiveSpan (node_modules/@google-cloud/firestore/build/src/write-batch.js:440:90)
      at node_modules/@google-cloud/firestore/build/src/telemetry/enabled-trace-util.js:110:30
      at NoopContextManager.with (node_modules/@opentelemetry/api/src/context/NoopContextManager.ts:31:15)
      at ContextAPI.with (node_modules/@opentelemetry/api/src/api/context.ts:77:42)
      at NoopTracer.startActiveSpan (node_modules/@opentelemetry/api/src/trace/NoopTracer.ts:98:27)
      at ProxyTracer.startActiveSpan (node_modules/@opentelemetry/api/src/trace/ProxyTracer.ts:51:20)
      at EnabledTraceUtil.startActiveSpan (node_modules/@google-cloud/firestore/build/src/telemetry/enabled-trace-util.js:102:28)
      at WriteBatch.commit (node_modules/@google-cloud/firestore/build/src/write-batch.js:436:43)
      at node_modules/@google-cloud/firestore/build/src/reference/document-reference.js:350:31
      at node_modules/@google-cloud/firestore/build/src/telemetry/enabled-trace-util.js:110:30
      at NoopContextManager.with (node_modules/@opentelemetry/api/src/context/NoopContextManager.ts:31:15)
      at ContextAPI.with (node_modules/@opentelemetry/api/src/api/context.ts:77:42)
      at NoopTracer.startActiveSpan (node_modules/@opentelemetry/api/src/trace/NoopTracer.ts:98:27)
      at ProxyTracer.startActiveSpan (node_modules/@opentelemetry/api/src/trace/ProxyTracer.ts:51:20)
      at EnabledTraceUtil.startActiveSpan (node_modules/@google-cloud/firestore/build/src/telemetry/enabled-trace-util.js:102:28)
      at DocumentReference.set (node_modules/@google-cloud/firestore/build/src/reference/document-reference.js:342:43)
      at blockIp (src/lib/ip-list.ts:76:60)
      at AdvancedRateLimiter.checkRateLimit (src/lib/advancedRateLimiter.ts:242:25)
      at src/tests/utils/securityTestCases.ts:198:28
{"level":"error","time":1768477653189,"name":"BobyWorld","version":"0.1.0","env":"test","err":{"type":"Object","message":"require(...).constructSettings is not a function","stack":""},"msg":"[IP Block] Failed to save block in Firestore for IP: unknown","msg":"[IP Block] Failed to save block in Firestore for IP: unknown"}
{"level":"warn","time":1768477653594,"name":"BobyWorld","version":"0.1.0","env":"test","args":[{"ip":"unknown","reason":"IP found in blacklisted pool","timestamp":"2026-01-15T11:47:33.594Z"}],"msg":"[SECURITY_EVENT][CRITICAL] blacklisted_ip: Attempted access from blocked IP listed in blacklist","msg":"[SECURITY_EVENT][CRITICAL] blacklisted_ip: Attempted access from blocked IP listed in blacklist"}
{"level":"error","time":1768477653629,"name":"BobyWorld","version":"0.1.0","env":"test","err":{"type":"Object","message":"Cannot read properties of null (reading 'URL')","stack":"TypeError: Cannot read properties of null (reading 'URL')\n    at new XMLHttpRequestImpl (/home/mohamed/Downloads/Boby-s-World-PROD-main/node_modules/jsdom/lib/jsdom/living/xhr/XMLHttpRequest-impl.js:113:32)\n    at Object.exports.setup (/home/mohamed/Downloads/Boby-s-World-PROD-main/node_modules/jsdom/lib/jsdom/living/generated/XMLHttpRequest.js:62:12)\n    at new XMLHttpRequest (/home/mohamed/Downloads/Boby-s-World-PROD-main/node_modules/jsdom/lib/jsdom/living/generated/XMLHttpRequest.js:99:22)\n    at dispatchXhrRequest (/home/mohamed/Downloads/Boby-s-World-PROD-main/node_modules/axios/lib/adapters/xhr.js:33:19)\n    at new Promise (<anonymous>)\n    at xhr (/home/mohamed/Downloads/Boby-s-World-PROD-main/node_modules/axios/lib/adapters/xhr.js:15:10)\n    at Axios.dispatchRequest (/home/mohamed/Downloads/Boby-s-World-PROD-main/node_modules/axios/lib/core/dispatchRequest.js:51:10)\n    at Axios._request (/home/mohamed/Downloads/Boby-s-World-PROD-main/node_modules/axios/lib/core/Axios.js:185:33)\n    at Axios.request (/home/mohamed/Downloads/Boby-s-World-PROD-main/node_modules/axios/lib/core/Axios.js:40:25)\n    at Axios.httpMethod [as post] (/home/mohamed/Downloads/Boby-s-World-PROD-main/node_modules/axios/lib/core/Axios.js:224:19)\n    at Function.wrap (/home/mohamed/Downloads/Boby-s-World-PROD-main/node_modules/axios/lib/helpers/bind.js:12:15)\n    at sendSlackAlert (/home/mohamed/Downloads/Boby-s-World-PROD-main/src/lib/slack-alert.ts:115:40)\n    at SecurityLogger.logEvent (/home/mohamed/Downloads/Boby-s-World-PROD-main/src/lib/securityLogger.ts:53:50)\n    at AdvancedRateLimiter.logSuspiciousActivity (/home/mohamed/Downloads/Boby-s-World-PROD-main/src/lib/advancedRateLimiter.ts:104:50)\n    at AdvancedRateLimiter.checkRateLimit (/home/mohamed/Downloads/Boby-s-World-PROD-main/src/lib/advancedRateLimiter.ts:157:28)\n    at processTicksAndRejections (node:internal/process/task_queues:105:5)\n    at /home/mohamed/Downloads/Boby-s-World-PROD-main/src/tests/utils/securityTestCases.ts:198:28","name":"SerializedError"},"msg":"[SlackAlert] Failed to send Slack alert:","msg":"[SlackAlert] Failed to send Slack alert:"}
{"level":"warn","time":1768477654229,"name":"BobyWorld","version":"0.1.0","env":"test","args":[{"type":"blacklisted_ip","severity":"critical","score":100,"description":"Attempted access from blocked IP listed in blacklist","evidence":{"ip":"unknown","reason":"IP found in blacklisted pool","timestamp":"2026-01-15T11:47:33.594Z"},"ip":"unknown","endpoint":"/api/attack","timestamp":1768477653629}],"msg":"[AdvancedRateLimiter] Suspicious activity:","msg":"[AdvancedRateLimiter] Suspicious activity:"}
{"level":"warn","time":1768477654639,"name":"BobyWorld","version":"0.1.0","env":"test","args":[{"ip":"unknown","reason":"IP found in blacklisted pool","timestamp":"2026-01-15T11:47:34.639Z"}],"msg":"[SECURITY_EVENT][CRITICAL] blacklisted_ip: Attempted access from blocked IP listed in blacklist","msg":"[SECURITY_EVENT][CRITICAL] blacklisted_ip: Attempted access from blocked IP listed in blacklist"}
{"level":"warn","time":1768477655299,"name":"BobyWorld","version":"0.1.0","env":"test","args":[{"type":"blacklisted_ip","severity":"critical","score":100,"description":"Attempted access from blocked IP listed in blacklist","evidence":{"ip":"unknown","reason":"IP found in blacklisted pool","timestamp":"2026-01-15T11:47:34.639Z"},"ip":"unknown","endpoint":"/api/attack","timestamp":1768477654639}],"msg":"[AdvancedRateLimiter] Suspicious activity:","msg":"[AdvancedRateLimiter] Suspicious activity:"}
{"level":"warn","time":1768477655699,"name":"BobyWorld","version":"0.1.0","env":"test","args":[{"ip":"unknown","reason":"IP found in blacklisted pool","timestamp":"2026-01-15T11:47:35.699Z"}],"msg":"[SECURITY_EVENT][CRITICAL] blacklisted_ip: Attempted access from blocked IP listed in blacklist","msg":"[SECURITY_EVENT][CRITICAL] blacklisted_ip: Attempted access from blocked IP listed in blacklist"}
{"level":"warn","time":1768477656320,"name":"BobyWorld","version":"0.1.0","env":"test","args":[{"type":"blacklisted_ip","severity":"critical","score":100,"description":"Attempted access from blocked IP listed in blacklist","evidence":{"ip":"unknown","reason":"IP found in blacklisted pool","timestamp":"2026-01-15T11:47:35.699Z"},"ip":"unknown","endpoint":"/api/attack","timestamp":1768477655699}],"msg":"[AdvancedRateLimiter] Suspicious activity:","msg":"[AdvancedRateLimiter] Suspicious activity:"}
{"level":"warn","time":1768477656725,"name":"BobyWorld","version":"0.1.0","env":"test","args":[{"ip":"unknown","reason":"IP found in blacklisted pool","timestamp":"2026-01-15T11:47:36.725Z"}],"msg":"[SECURITY_EVENT][CRITICAL] blacklisted_ip: Attempted access from blocked IP listed in blacklist","msg":"[SECURITY_EVENT][CRITICAL] blacklisted_ip: Attempted access from blocked IP listed in blacklist"}
{"level":"warn","time":1768477657359,"name":"BobyWorld","version":"0.1.0","env":"test","args":[{"type":"blacklisted_ip","severity":"critical","score":100,"description":"Attempted access from blocked IP listed in blacklist","evidence":{"ip":"unknown","reason":"IP found in blacklisted pool","timestamp":"2026-01-15T11:47:36.725Z"},"ip":"unknown","endpoint":"/api/attack","timestamp":1768477656725}],"msg":"[AdvancedRateLimiter] Suspicious activity:","msg":"[AdvancedRateLimiter] Suspicious activity:"}
{"level":"warn","time":1768477657830,"name":"BobyWorld","version":"0.1.0","env":"test","args":[{"ip":"unknown","reason":"IP found in blacklisted pool","timestamp":"2026-01-15T11:47:37.830Z"}],"msg":"[SECURITY_EVENT][CRITICAL] blacklisted_ip: Attempted access from blocked IP listed in blacklist","msg":"[SECURITY_EVENT][CRITICAL] blacklisted_ip: Attempted access from blocked IP listed in blacklist"}
{"level":"warn","time":1768477658495,"name":"BobyWorld","version":"0.1.0","env":"test","args":[{"type":"blacklisted_ip","severity":"critical","score":100,"description":"Attempted access from blocked IP listed in blacklist","evidence":{"ip":"unknown","reason":"IP found in blacklisted pool","timestamp":"2026-01-15T11:47:37.830Z"},"ip":"unknown","endpoint":"/api/attack","timestamp":1768477657830}],"msg":"[AdvancedRateLimiter] Suspicious activity:","msg":"[AdvancedRateLimiter] Suspicious activity:"}
{"level":"warn","time":1768477658914,"name":"BobyWorld","version":"0.1.0","env":"test","args":[{"ip":"unknown","reason":"IP found in blacklisted pool","timestamp":"2026-01-15T11:47:38.914Z"}],"msg":"[SECURITY_EVENT][CRITICAL] blacklisted_ip: Attempted access from blocked IP listed in blacklist","msg":"[SECURITY_EVENT][CRITICAL] blacklisted_ip: Attempted access from blocked IP listed in blacklist"}
{"level":"warn","time":1768477659640,"name":"BobyWorld","version":"0.1.0","env":"test","args":[{"type":"blacklisted_ip","severity":"critical","score":100,"description":"Attempted access from blocked IP listed in blacklist","evidence":{"ip":"unknown","reason":"IP found in blacklisted pool","timestamp":"2026-01-15T11:47:38.914Z"},"ip":"unknown","endpoint":"/api/attack","timestamp":1768477658915}],"msg":"[AdvancedRateLimiter] Suspicious activity:","msg":"[AdvancedRateLimiter] Suspicious activity:"}
{"level":"warn","time":1768477660054,"name":"BobyWorld","version":"0.1.0","env":"test","args":[{"ip":"unknown","reason":"IP found in blacklisted pool","timestamp":"2026-01-15T11:47:40.054Z"}],"msg":"[SECURITY_EVENT][CRITICAL] blacklisted_ip: Attempted access from blocked IP listed in blacklist","msg":"[SECURITY_EVENT][CRITICAL] blacklisted_ip: Attempted access from blocked IP listed in blacklist"}
{"level":"warn","time":1768477660689,"name":"BobyWorld","version":"0.1.0","env":"test","args":[{"type":"blacklisted_ip","severity":"critical","score":100,"description":"Attempted access from blocked IP listed in blacklist","evidence":{"ip":"unknown","reason":"IP found in blacklisted pool","timestamp":"2026-01-15T11:47:40.054Z"},"ip":"unknown","endpoint":"/api/attack","timestamp":1768477660054}],"msg":"[AdvancedRateLimiter] Suspicious activity:","msg":"[AdvancedRateLimiter] Suspicious activity:"}
{"level":"warn","time":1768477661105,"name":"BobyWorld","version":"0.1.0","env":"test","args":[{"ip":"unknown","reason":"IP found in blacklisted pool","timestamp":"2026-01-15T11:47:41.105Z"}],"msg":"[SECURITY_EVENT][CRITICAL] blacklisted_ip: Attempted access from blocked IP listed in blacklist","msg":"[SECURITY_EVENT][CRITICAL] blacklisted_ip: Attempted access from blocked IP listed in blacklist"}
{"level":"warn","time":1768477661735,"name":"BobyWorld","version":"0.1.0","env":"test","args":[{"type":"blacklisted_ip","severity":"critical","score":100,"description":"Attempted access from blocked IP listed in blacklist","evidence":{"ip":"unknown","reason":"IP found in blacklisted pool","timestamp":"2026-01-15T11:47:41.105Z"},"ip":"unknown","endpoint":"/api/attack","timestamp":1768477661105}],"msg":"[AdvancedRateLimiter] Suspicious activity:","msg":"[AdvancedRateLimiter] Suspicious activity:"}
{"level":"warn","time":1768477662184,"name":"BobyWorld","version":"0.1.0","env":"test","args":[{"ip":"unknown","reason":"IP found in blacklisted pool","timestamp":"2026-01-15T11:47:42.184Z"}],"msg":"[SECURITY_EVENT][CRITICAL] blacklisted_ip: Attempted access from blocked IP listed in blacklist","msg":"[SECURITY_EVENT][CRITICAL] blacklisted_ip: Attempted access from blocked IP listed in blacklist"}
{"level":"warn","time":1768477662904,"name":"BobyWorld","version":"0.1.0","env":"test","args":[{"type":"blacklisted_ip","severity":"critical","score":100,"description":"Attempted access from blocked IP listed in blacklist","evidence":{"ip":"unknown","reason":"IP found in blacklisted pool","timestamp":"2026-01-15T11:47:42.184Z"},"ip":"unknown","endpoint":"/api/attack","timestamp":1768477662184}],"msg":"[AdvancedRateLimiter] Suspicious activity:","msg":"[AdvancedRateLimiter] Suspicious activity:"}
{"level":"warn","time":1768477663325,"name":"BobyWorld","version":"0.1.0","env":"test","args":[{"ip":"unknown","reason":"IP found in blacklisted pool","timestamp":"2026-01-15T11:47:43.325Z"}],"msg":"[SECURITY_EVENT][CRITICAL] blacklisted_ip: Attempted access from blocked IP listed in blacklist","msg":"[SECURITY_EVENT][CRITICAL] blacklisted_ip: Attempted access from blocked IP listed in blacklist"}
{"level":"warn","time":1768477664025,"name":"BobyWorld","version":"0.1.0","env":"test","args":[{"type":"blacklisted_ip","severity":"critical","score":100,"description":"Attempted access from blocked IP listed in blacklist","evidence":{"ip":"unknown","reason":"IP found in blacklisted pool","timestamp":"2026-01-15T11:47:43.325Z"},"ip":"unknown","endpoint":"/api/attack","timestamp":1768477663325}],"msg":"[AdvancedRateLimiter] Suspicious activity:","msg":"[AdvancedRateLimiter] Suspicious activity:"}
{"level":"warn","time":1768477664542,"name":"BobyWorld","version":"0.1.0","env":"test","args":[{"ip":"unknown","reason":"IP found in blacklisted pool","timestamp":"2026-01-15T11:47:44.542Z"}],"msg":"[SECURITY_EVENT][CRITICAL] blacklisted_ip: Attempted access from blocked IP listed in blacklist","msg":"[SECURITY_EVENT][CRITICAL] blacklisted_ip: Attempted access from blocked IP listed in blacklist"}
{"level":"warn","time":1768477665155,"name":"BobyWorld","version":"0.1.0","env":"test","args":[{"type":"blacklisted_ip","severity":"critical","score":100,"description":"Attempted access from blocked IP listed in blacklist","evidence":{"ip":"unknown","reason":"IP found in blacklisted pool","timestamp":"2026-01-15T11:47:44.542Z"},"ip":"unknown","endpoint":"/api/attack","timestamp":1768477664542}],"msg":"[AdvancedRateLimiter] Suspicious activity:","msg":"[AdvancedRateLimiter] Suspicious activity:"}
{"level":"warn","time":1768477665569,"name":"BobyWorld","version":"0.1.0","env":"test","args":[{"ip":"unknown","reason":"IP found in blacklisted pool","timestamp":"2026-01-15T11:47:45.569Z"}],"msg":"[SECURITY_EVENT][CRITICAL] blacklisted_ip: Attempted access from blocked IP listed in blacklist","msg":"[SECURITY_EVENT][CRITICAL] blacklisted_ip: Attempted access from blocked IP listed in blacklist"}
{"level":"warn","time":1768477666280,"name":"BobyWorld","version":"0.1.0","env":"test","args":[{"type":"blacklisted_ip","severity":"critical","score":100,"description":"Attempted access from blocked IP listed in blacklist","evidence":{"ip":"unknown","reason":"IP found in blacklisted pool","timestamp":"2026-01-15T11:47:45.569Z"},"ip":"unknown","endpoint":"/api/attack","timestamp":1768477665569}],"msg":"[AdvancedRateLimiter] Suspicious activity:","msg":"[AdvancedRateLimiter] Suspicious activity:"}
{"level":"warn","time":1768477666790,"name":"BobyWorld","version":"0.1.0","env":"test","args":[{"ip":"unknown","reason":"IP found in blacklisted pool","timestamp":"2026-01-15T11:47:46.790Z"}],"msg":"[SECURITY_EVENT][CRITICAL] blacklisted_ip: Attempted access from blocked IP listed in blacklist","msg":"[SECURITY_EVENT][CRITICAL] blacklisted_ip: Attempted access from blocked IP listed in blacklist"}
{"level":"warn","time":1768477667509,"name":"BobyWorld","version":"0.1.0","env":"test","args":[{"type":"blacklisted_ip","severity":"critical","score":100,"description":"Attempted access from blocked IP listed in blacklist","evidence":{"ip":"unknown","reason":"IP found in blacklisted pool","timestamp":"2026-01-15T11:47:46.790Z"},"ip":"unknown","endpoint":"/api/attack","timestamp":1768477666790}],"msg":"[AdvancedRateLimiter] Suspicious activity:","msg":"[AdvancedRateLimiter] Suspicious activity:"}
{"level":"warn","time":1768477667994,"name":"BobyWorld","version":"0.1.0","env":"test","args":[{"ip":"unknown","reason":"IP found in blacklisted pool","timestamp":"2026-01-15T11:47:47.994Z"}],"msg":"[SECURITY_EVENT][CRITICAL] blacklisted_ip: Attempted access from blocked IP listed in blacklist","msg":"[SECURITY_EVENT][CRITICAL] blacklisted_ip: Attempted access from blocked IP listed in blacklist"}
{"level":"warn","time":1768477668639,"name":"BobyWorld","version":"0.1.0","env":"test","args":[{"type":"blacklisted_ip","severity":"critical","score":100,"description":"Attempted access from blocked IP listed in blacklist","evidence":{"ip":"unknown","reason":"IP found in blacklisted pool","timestamp":"2026-01-15T11:47:47.994Z"},"ip":"unknown","endpoint":"/api/attack","timestamp":1768477667994}],"msg":"[AdvancedRateLimiter] Suspicious activity:","msg":"[AdvancedRateLimiter] Suspicious activity:"}
{"level":"warn","time":1768477669055,"name":"BobyWorld","version":"0.1.0","env":"test","args":[{"ip":"unknown","reason":"IP found in blacklisted pool","timestamp":"2026-01-15T11:47:49.055Z"}],"msg":"[SECURITY_EVENT][CRITICAL] blacklisted_ip: Attempted access from blocked IP listed in blacklist","msg":"[SECURITY_EVENT][CRITICAL] blacklisted_ip: Attempted access from blocked IP listed in blacklist"}
{"level":"warn","time":1768477669760,"name":"BobyWorld","version":"0.1.0","env":"test","args":[{"type":"blacklisted_ip","severity":"critical","score":100,"description":"Attempted access from blocked IP listed in blacklist","evidence":{"ip":"unknown","reason":"IP found in blacklisted pool","timestamp":"2026-01-15T11:47:49.055Z"},"ip":"unknown","endpoint":"/api/attack","timestamp":1768477669055}],"msg":"[AdvancedRateLimiter] Suspicious activity:","msg":"[AdvancedRateLimiter] Suspicious activity:"}
{"level":"warn","time":1768477670219,"name":"BobyWorld","version":"0.1.0","env":"test","args":[{"ip":"unknown","reason":"IP found in blacklisted pool","timestamp":"2026-01-15T11:47:50.219Z"}],"msg":"[SECURITY_EVENT][CRITICAL] blacklisted_ip: Attempted access from blocked IP listed in blacklist","msg":"[SECURITY_EVENT][CRITICAL] blacklisted_ip: Attempted access from blocked IP listed in blacklist"}
{"level":"warn","time":1768477670839,"name":"BobyWorld","version":"0.1.0","env":"test","args":[{"type":"blacklisted_ip","severity":"critical","score":100,"description":"Attempted access from blocked IP listed in blacklist","evidence":{"ip":"unknown","reason":"IP found in blacklisted pool","timestamp":"2026-01-15T11:47:50.219Z"},"ip":"unknown","endpoint":"/api/attack","timestamp":1768477670219}],"msg":"[AdvancedRateLimiter] Suspicious activity:","msg":"[AdvancedRateLimiter] Suspicious activity:"}
{"level":"warn","time":1768477671245,"name":"BobyWorld","version":"0.1.0","env":"test","args":[{"ip":"unknown","reason":"IP found in blacklisted pool","timestamp":"2026-01-15T11:47:51.245Z"}],"msg":"[SECURITY_EVENT][CRITICAL] blacklisted_ip: Attempted access from blocked IP listed in blacklist","msg":"[SECURITY_EVENT][CRITICAL] blacklisted_ip: Attempted access from blocked IP listed in blacklist"}
{"level":"warn","time":1768477671909,"name":"BobyWorld","version":"0.1.0","env":"test","args":[{"type":"blacklisted_ip","severity":"critical","score":100,"description":"Attempted access from blocked IP listed in blacklist","evidence":{"ip":"unknown","reason":"IP found in blacklisted pool","timestamp":"2026-01-15T11:47:51.245Z"},"ip":"unknown","endpoint":"/api/attack","timestamp":1768477671245}],"msg":"[AdvancedRateLimiter] Suspicious activity:","msg":"[AdvancedRateLimiter] Suspicious activity:"}
{"level":"warn","time":1768477672422,"name":"BobyWorld","version":"0.1.0","env":"test","args":[{"ip":"unknown","reason":"IP found in blacklisted pool","timestamp":"2026-01-15T11:47:52.422Z"}],"msg":"[SECURITY_EVENT][CRITICAL] blacklisted_ip: Attempted access from blocked IP listed in blacklist","msg":"[SECURITY_EVENT][CRITICAL] blacklisted_ip: Attempted access from blocked IP listed in blacklist"}
{"level":"warn","time":1768477673045,"name":"BobyWorld","version":"0.1.0","env":"test","args":[{"type":"blacklisted_ip","severity":"critical","score":100,"description":"Attempted access from blocked IP listed in blacklist","evidence":{"ip":"unknown","reason":"IP found in blacklisted pool","timestamp":"2026-01-15T11:47:52.422Z"},"ip":"unknown","endpoint":"/api/attack","timestamp":1768477672422}],"msg":"[AdvancedRateLimiter] Suspicious activity:","msg":"[AdvancedRateLimiter] Suspicious activity:"}
{"level":"warn","time":1768477673454,"name":"BobyWorld","version":"0.1.0","env":"test","args":[{"ip":"unknown","reason":"IP found in blacklisted pool","timestamp":"2026-01-15T11:47:53.454Z"}],"msg":"[SECURITY_EVENT][CRITICAL] blacklisted_ip: Attempted access from blocked IP listed in blacklist","msg":"[SECURITY_EVENT][CRITICAL] blacklisted_ip: Attempted access from blocked IP listed in blacklist"}
{"level":"warn","time":1768477674162,"name":"BobyWorld","version":"0.1.0","env":"test","args":[{"type":"blacklisted_ip","severity":"critical","score":100,"description":"Attempted access from blocked IP listed in blacklist","evidence":{"ip":"unknown","reason":"IP found in blacklisted pool","timestamp":"2026-01-15T11:47:53.454Z"},"ip":"unknown","endpoint":"/api/attack","timestamp":1768477673454}],"msg":"[AdvancedRateLimiter] Suspicious activity:","msg":"[AdvancedRateLimiter] Suspicious activity:"}
{"level":"warn","time":1768477674675,"name":"BobyWorld","version":"0.1.0","env":"test","args":[{"ip":"unknown","reason":"IP found in blacklisted pool","timestamp":"2026-01-15T11:47:54.675Z"}],"msg":"[SECURITY_EVENT][CRITICAL] blacklisted_ip: Attempted access from blocked IP listed in blacklist","msg":"[SECURITY_EVENT][CRITICAL] blacklisted_ip: Attempted access from blocked IP listed in blacklist"}
{"level":"warn","time":1768477675495,"name":"BobyWorld","version":"0.1.0","env":"test","args":[{"type":"blacklisted_ip","severity":"critical","score":100,"description":"Attempted access from blocked IP listed in blacklist","evidence":{"ip":"unknown","reason":"IP found in blacklisted pool","timestamp":"2026-01-15T11:47:54.675Z"},"ip":"unknown","endpoint":"/api/attack","timestamp":1768477674675}],"msg":"[AdvancedRateLimiter] Suspicious activity:","msg":"[AdvancedRateLimiter] Suspicious activity:"}
{"level":"warn","time":1768477675939,"name":"BobyWorld","version":"0.1.0","env":"test","args":[{"ip":"unknown","reason":"IP found in blacklisted pool","timestamp":"2026-01-15T11:47:55.939Z"}],"msg":"[SECURITY_EVENT][CRITICAL] blacklisted_ip: Attempted access from blocked IP listed in blacklist","msg":"[SECURITY_EVENT][CRITICAL] blacklisted_ip: Attempted access from blocked IP listed in blacklist"}
{"level":"warn","time":1768477676559,"name":"BobyWorld","version":"0.1.0","env":"test","args":[{"type":"blacklisted_ip","severity":"critical","score":100,"description":"Attempted access from blocked IP listed in blacklist","evidence":{"ip":"unknown","reason":"IP found in blacklisted pool","timestamp":"2026-01-15T11:47:55.939Z"},"ip":"unknown","endpoint":"/api/attack","timestamp":1768477675939}],"msg":"[AdvancedRateLimiter] Suspicious activity:","msg":"[AdvancedRateLimiter] Suspicious activity:"}
{"level":"warn","time":1768477676969,"name":"BobyWorld","version":"0.1.0","env":"test","args":[{"ip":"unknown","reason":"IP found in blacklisted pool","timestamp":"2026-01-15T11:47:56.969Z"}],"msg":"[SECURITY_EVENT][CRITICAL] blacklisted_ip: Attempted access from blocked IP listed in blacklist","msg":"[SECURITY_EVENT][CRITICAL] blacklisted_ip: Attempted access from blocked IP listed in blacklist"}
{"level":"warn","time":1768477677584,"name":"BobyWorld","version":"0.1.0","env":"test","args":[{"type":"blacklisted_ip","severity":"critical","score":100,"description":"Attempted access from blocked IP listed in blacklist","evidence":{"ip":"unknown","reason":"IP found in blacklisted pool","timestamp":"2026-01-15T11:47:56.969Z"},"ip":"unknown","endpoint":"/api/attack","timestamp":1768477676969}],"msg":"[AdvancedRateLimiter] Suspicious activity:","msg":"[AdvancedRateLimiter] Suspicious activity:"}
{"level":"warn","time":1768477677989,"name":"BobyWorld","version":"0.1.0","env":"test","args":[{"ip":"unknown","reason":"IP found in blacklisted pool","timestamp":"2026-01-15T11:47:57.989Z"}],"msg":"[SECURITY_EVENT][CRITICAL] blacklisted_ip: Attempted access from blocked IP listed in blacklist","msg":"[SECURITY_EVENT][CRITICAL] blacklisted_ip: Attempted access from blocked IP listed in blacklist"}
{"level":"warn","time":1768477678610,"name":"BobyWorld","version":"0.1.0","env":"test","args":[{"type":"blacklisted_ip","severity":"critical","score":100,"description":"Attempted access from blocked IP listed in blacklist","evidence":{"ip":"unknown","reason":"IP found in blacklisted pool","timestamp":"2026-01-15T11:47:57.989Z"},"ip":"unknown","endpoint":"/api/attack","timestamp":1768477677990}],"msg":"[AdvancedRateLimiter] Suspicious activity:","msg":"[AdvancedRateLimiter] Suspicious activity:"}
{"level":"warn","time":1768477679024,"name":"BobyWorld","version":"0.1.0","env":"test","args":[{"ip":"unknown","reason":"IP found in blacklisted pool","timestamp":"2026-01-15T11:47:59.024Z"}],"msg":"[SECURITY_EVENT][CRITICAL] blacklisted_ip: Attempted access from blocked IP listed in blacklist","msg":"[SECURITY_EVENT][CRITICAL] blacklisted_ip: Attempted access from blocked IP listed in blacklist"}
{"level":"warn","time":1768477679650,"name":"BobyWorld","version":"0.1.0","env":"test","args":[{"type":"blacklisted_ip","severity":"critical","score":100,"description":"Attempted access from blocked IP listed in blacklist","evidence":{"ip":"unknown","reason":"IP found in blacklisted pool","timestamp":"2026-01-15T11:47:59.024Z"},"ip":"unknown","endpoint":"/api/attack","timestamp":1768477679024}],"msg":"[AdvancedRateLimiter] Suspicious activity:","msg":"[AdvancedRateLimiter] Suspicious activity:"}
{"level":"warn","time":1768477680102,"name":"BobyWorld","version":"0.1.0","env":"test","args":[{"ip":"unknown","reason":"IP found in blacklisted pool","timestamp":"2026-01-15T11:48:00.102Z"}],"msg":"[SECURITY_EVENT][CRITICAL] blacklisted_ip: Attempted access from blocked IP listed in blacklist","msg":"[SECURITY_EVENT][CRITICAL] blacklisted_ip: Attempted access from blocked IP listed in blacklist"}
{"level":"warn","time":1768477680921,"name":"BobyWorld","version":"0.1.0","env":"test","args":[{"type":"blacklisted_ip","severity":"critical","score":100,"description":"Attempted access from blocked IP listed in blacklist","evidence":{"ip":"unknown","reason":"IP found in blacklisted pool","timestamp":"2026-01-15T11:48:00.102Z"},"ip":"unknown","endpoint":"/api/attack","timestamp":1768477680102}],"msg":"[AdvancedRateLimiter] Suspicious activity:","msg":"[AdvancedRateLimiter] Suspicious activity:"}
{"level":"warn","time":1768477681441,"name":"BobyWorld","version":"0.1.0","env":"test","args":[{"ip":"unknown","reason":"IP found in blacklisted pool","timestamp":"2026-01-15T11:48:01.441Z"}],"msg":"[SECURITY_EVENT][CRITICAL] blacklisted_ip: Attempted access from blocked IP listed in blacklist","msg":"[SECURITY_EVENT][CRITICAL] blacklisted_ip: Attempted access from blocked IP listed in blacklist"}
{"level":"warn","time":1768477682065,"name":"BobyWorld","version":"0.1.0","env":"test","args":[{"type":"blacklisted_ip","severity":"critical","score":100,"description":"Attempted access from blocked IP listed in blacklist","evidence":{"ip":"unknown","reason":"IP found in blacklisted pool","timestamp":"2026-01-15T11:48:01.441Z"},"ip":"unknown","endpoint":"/api/attack","timestamp":1768477681441}],"msg":"[AdvancedRateLimiter] Suspicious activity:","msg":"[AdvancedRateLimiter] Suspicious activity:"}
{"level":"warn","time":1768477682484,"name":"BobyWorld","version":"0.1.0","env":"test","args":[{"ip":"unknown","reason":"IP found in blacklisted pool","timestamp":"2026-01-15T11:48:02.484Z"}],"msg":"[SECURITY_EVENT][CRITICAL] blacklisted_ip: Attempted access from blocked IP listed in blacklist","msg":"[SECURITY_EVENT][CRITICAL] blacklisted_ip: Attempted access from blocked IP listed in blacklist"}
{"level":"warn","time":1768477683089,"name":"BobyWorld","version":"0.1.0","env":"test","args":[{"type":"blacklisted_ip","severity":"critical","score":100,"description":"Attempted access from blocked IP listed in blacklist","evidence":{"ip":"unknown","reason":"IP found in blacklisted pool","timestamp":"2026-01-15T11:48:02.484Z"},"ip":"unknown","endpoint":"/api/attack","timestamp":1768477682484}],"msg":"[AdvancedRateLimiter] Suspicious activity:","msg":"[AdvancedRateLimiter] Suspicious activity:"}
{"level":"warn","time":1768477683491,"name":"BobyWorld","version":"0.1.0","env":"test","args":[{"ip":"unknown","reason":"IP found in blacklisted pool","timestamp":"2026-01-15T11:48:03.491Z"}],"msg":"[SECURITY_EVENT][CRITICAL] blacklisted_ip: Attempted access from blocked IP listed in blacklist","msg":"[SECURITY_EVENT][CRITICAL] blacklisted_ip: Attempted access from blocked IP listed in blacklist"}
{"level":"warn","time":1768477684114,"name":"BobyWorld","version":"0.1.0","env":"test","args":[{"type":"blacklisted_ip","severity":"critical","score":100,"description":"Attempted access from blocked IP listed in blacklist","evidence":{"ip":"unknown","reason":"IP found in blacklisted pool","timestamp":"2026-01-15T11:48:03.491Z"},"ip":"unknown","endpoint":"/api/attack","timestamp":1768477683491}],"msg":"[AdvancedRateLimiter] Suspicious activity:","msg":"[AdvancedRateLimiter] Suspicious activity:"}
{"level":"warn","time":1768477684529,"name":"BobyWorld","version":"0.1.0","env":"test","args":[{"ip":"unknown","reason":"IP found in blacklisted pool","timestamp":"2026-01-15T11:48:04.529Z"}],"msg":"[SECURITY_EVENT][CRITICAL] blacklisted_ip: Attempted access from blocked IP listed in blacklist","msg":"[SECURITY_EVENT][CRITICAL] blacklisted_ip: Attempted access from blocked IP listed in blacklist"}
{"level":"warn","time":1768477685136,"name":"BobyWorld","version":"0.1.0","env":"test","args":[{"type":"blacklisted_ip","severity":"critical","score":100,"description":"Attempted access from blocked IP listed in blacklist","evidence":{"ip":"unknown","reason":"IP found in blacklisted pool","timestamp":"2026-01-15T11:48:04.529Z"},"ip":"unknown","endpoint":"/api/attack","timestamp":1768477684529}],"msg":"[AdvancedRateLimiter] Suspicious activity:","msg":"[AdvancedRateLimiter] Suspicious activity:"}
{"level":"warn","time":1768477685554,"name":"BobyWorld","version":"0.1.0","env":"test","args":[{"ip":"unknown","reason":"IP found in blacklisted pool","timestamp":"2026-01-15T11:48:05.554Z"}],"msg":"[SECURITY_EVENT][CRITICAL] blacklisted_ip: Attempted access from blocked IP listed in blacklist","msg":"[SECURITY_EVENT][CRITICAL] blacklisted_ip: Attempted access from blocked IP listed in blacklist"}
{"level":"warn","time":1768477686207,"name":"BobyWorld","version":"0.1.0","env":"test","args":[{"type":"blacklisted_ip","severity":"critical","score":100,"description":"Attempted access from blocked IP listed in blacklist","evidence":{"ip":"unknown","reason":"IP found in blacklisted pool","timestamp":"2026-01-15T11:48:05.554Z"},"ip":"unknown","endpoint":"/api/attack","timestamp":1768477685554}],"msg":"[AdvancedRateLimiter] Suspicious activity:","msg":"[AdvancedRateLimiter] Suspicious activity:"}
{"level":"warn","time":1768477686610,"name":"BobyWorld","version":"0.1.0","env":"test","args":[{"ip":"unknown","reason":"IP found in blacklisted pool","timestamp":"2026-01-15T11:48:06.610Z"}],"msg":"[SECURITY_EVENT][CRITICAL] blacklisted_ip: Attempted access from blocked IP listed in blacklist","msg":"[SECURITY_EVENT][CRITICAL] blacklisted_ip: Attempted access from blocked IP listed in blacklist"}
{"level":"warn","time":1768477687229,"name":"BobyWorld","version":"0.1.0","env":"test","args":[{"type":"blacklisted_ip","severity":"critical","score":100,"description":"Attempted access from blocked IP listed in blacklist","evidence":{"ip":"unknown","reason":"IP found in blacklisted pool","timestamp":"2026-01-15T11:48:06.610Z"},"ip":"unknown","endpoint":"/api/attack","timestamp":1768477686610}],"msg":"[AdvancedRateLimiter] Suspicious activity:","msg":"[AdvancedRateLimiter] Suspicious activity:"}
{"level":"warn","time":1768477687667,"name":"BobyWorld","version":"0.1.0","env":"test","args":[{"ip":"unknown","reason":"IP found in blacklisted pool","timestamp":"2026-01-15T11:48:07.667Z"}],"msg":"[SECURITY_EVENT][CRITICAL] blacklisted_ip: Attempted access from blocked IP listed in blacklist","msg":"[SECURITY_EVENT][CRITICAL] blacklisted_ip: Attempted access from blocked IP listed in blacklist"}
{"level":"warn","time":1768477688506,"name":"BobyWorld","version":"0.1.0","env":"test","args":[{"type":"blacklisted_ip","severity":"critical","score":100,"description":"Attempted access from blocked IP listed in blacklist","evidence":{"ip":"unknown","reason":"IP found in blacklisted pool","timestamp":"2026-01-15T11:48:07.667Z"},"ip":"unknown","endpoint":"/api/attack","timestamp":1768477687667}],"msg":"[AdvancedRateLimiter] Suspicious activity:","msg":"[AdvancedRateLimiter] Suspicious activity:"}
{"level":"warn","time":1768477689024,"name":"BobyWorld","version":"0.1.0","env":"test","args":[{"ip":"unknown","reason":"IP found in blacklisted pool","timestamp":"2026-01-15T11:48:09.024Z"}],"msg":"[SECURITY_EVENT][CRITICAL] blacklisted_ip: Attempted access from blocked IP listed in blacklist","msg":"[SECURITY_EVENT][CRITICAL] blacklisted_ip: Attempted access from blocked IP listed in blacklist"}
