{"level":"info","time":1768693540982,"name":"BobyWorld","version":"0.1.0","env":"test","msg":"[KeyVault] Memory cleaned"}
{"level":"info","time":1768693540982,"name":"BobyWorld","version":"0.1.0","env":"test","msg":"[SecurityIntegration] All security systems cleaned"}
{"level":"info","time":1768693540984,"name":"BobyWorld","version":"0.1.0","env":"test","msg":"🧪 Starting comprehensive security tests..."}
{"level":"info","time":1768693540984,"name":"BobyWorld","version":"0.1.0","env":"test","msg":"🔑 Testing KeyVault Service..."}
{"level":"info","time":1768693540991,"name":"BobyWorld","version":"0.1.0","env":"test","msg":"[KeyVault] Secure key created: test-key-1768693540984 with hardware protection"}
{"level":"info","time":1768693540992,"name":"BobyWorld","version":"0.1.0","env":"test","msg":"✅ KeyVault - [SQL_REMOVED] Secure Key - Passed (8ms)"}
{"level":"info","time":1768693540992,"name":"BobyWorld","version":"0.1.0","env":"test","msg":"[KeyVault] Secure key created: rotate-test-1768693540992 with hardware protection"}
{"level":"info","time":1768693540992,"name":"BobyWorld","version":"0.1.0","env":"test","msg":"[KeyVault] Starting key rotation: rotate-test-1768693540992"}
{"level":"info","time":1768693540993,"name":"BobyWorld","version":"0.1.0","env":"test","msg":"[KeyVault] Key rotated successfully: rotate-test-1768693540992 (version 2)"}
{"level":"info","time":1768693540993,"name":"BobyWorld","version":"0.1.0","env":"test","msg":"✅ KeyVault - Key Rotation - Passed (1ms)"}
{"level":"info","time":1768693540993,"name":"BobyWorld","version":"0.1.0","env":"test","msg":"✅ KeyVault - Statistics - Passed (0ms)"}
{"level":"info","time":1768693540993,"name":"BobyWorld","version":"0.1.0","env":"test","msg":"🔐 Testing Session Manager..."}
{"level":"warn","time":1768693541858,"name":"BobyWorld","version":"0.1.0","env":"test","msg":"[SessionManager] Maximum sessions limit exceeded for user test-user"}
{"level":"info","time":1768693541858,"name":"BobyWorld","version":"0.1.0","env":"test","msg":"❌ SessionManager - [SQL_REMOVED] Session - Failed (865ms): Failed to [SQL_REMOVED] session"}
{"level":"warn","time":1768693541989,"name":"BobyWorld","version":"0.1.0","env":"test","msg":"[SessionManager] Maximum sessions limit exceeded for user test-user-2"}
{"level":"info","time":1768693541989,"name":"BobyWorld","version":"0.1.0","env":"test","msg":"❌ SessionManager - Validate Session - Failed (131ms): Failed to [SQL_REMOVED] session"}
{"level":"info","time":1768693542113,"name":"BobyWorld","version":"0.1.0","env":"test","msg":"✅ SessionManager - Statistics - Passed (124ms)"}
{"level":"info","time":1768693542113,"name":"BobyWorld","version":"0.1.0","env":"test","msg":"🚦 Testing Rate Limiter..."}
{"level":"info","time":1768693542113,"name":"BobyWorld","version":"0.1.0","env":"test","msg":"✅ RateLimiter - Normal Request - Passed (0ms)"}
{"level":"info","time":1768693542114,"name":"BobyWorld","version":"0.1.0","env":"test","msg":"✅ RateLimiter - Statistics - Passed (1ms)"}
{"level":"info","time":1768693542114,"name":"BobyWorld","version":"0.1.0","env":"test","msg":"🔗 Testing Security Integration..."}
{"level":"info","time":1768693542114,"name":"BobyWorld","version":"0.1.0","env":"test","msg":"[KeyVault] Secure key created: integration-test-1768693542114 with hardware protection"}
{"level":"info","time":1768693542114,"name":"BobyWorld","version":"0.1.0","env":"test","msg":"✅ SecurityIntegration - [SQL_REMOVED] Key - Passed (0ms)"}
{"level":"warn","time":1768693542114,"name":"BobyWorld","version":"0.1.0","env":"test","msg":"[KeyVault] Key not found in memory: default"}
{"level":"info","time":1768693542115,"name":"BobyWorld","version":"0.1.0","env":"test","msg":"[KeyVault] Secure key created: default with hardware protection"}
{"level":"info","time":1768693542116,"name":"BobyWorld","version":"0.1.0","env":"test","msg":"✅ SecurityIntegration - Encryption/Decryption - Passed (1ms)"}
{"level":"info","time":1768693542233,"name":"BobyWorld","version":"0.1.0","env":"test","msg":"✅ SecurityIntegration - Comprehensive Statistics - Passed (117ms)"}
{"level":"info","time":1768693542233,"name":"BobyWorld","version":"0.1.0","env":"test","msg":"⚡ Testing Performance..."}
{"level":"info","time":1768693542234,"name":"BobyWorld","version":"0.1.0","env":"test","msg":"[KeyVault] Secure key created: perf-test-0-1768693542233 with hardware protection"}
{"level":"info","time":1768693542234,"name":"BobyWorld","version":"0.1.0","env":"test","msg":"[KeyVault] Secure key created: perf-test-1-1768693542234 with hardware protection"}
{"level":"info","time":1768693542234,"name":"BobyWorld","version":"0.1.0","env":"test","msg":"[KeyVault] Secure key created: perf-test-2-1768693542234 with hardware protection"}
{"level":"info","time":1768693542234,"name":"BobyWorld","version":"0.1.0","env":"test","msg":"[KeyVault] Secure key created: perf-test-3-1768693542234 with hardware protection"}
{"level":"info","time":1768693542235,"name":"BobyWorld","version":"0.1.0","env":"test","msg":"[KeyVault] Secure key created: perf-test-4-1768693542234 with hardware protection"}
{"level":"info","time":1768693542235,"name":"BobyWorld","version":"0.1.0","env":"test","msg":"✅ Performance - Key Creation - Passed (2ms)"}
{"level":"info","time":1768693542353,"name":"BobyWorld","version":"0.1.0","env":"test","msg":"[KeyVault] Secure key created: device-binding-key with hardware protection"}
{"level":"warn","time":1768693542353,"name":"BobyWorld","version":"0.1.0","env":"test","msg":"[SessionManager] Failed to [SQL_REMOVED] device binding key, using simple hash"}
{"level":"info","time":1768693542479,"name":"BobyWorld","version":"0.1.0","env":"test","msg":"[SessionManager] Secure session created: 4bf81d1f0651fafe4ad9ab81799608e7be5a60df5e27f61a435da3e1da8658b4 for user perf-user-0"}
{"level":"info","time":1768693542750,"name":"BobyWorld","version":"0.1.0","env":"test","msg":"[SessionManager] Session expired: 4bf81d1f0651fafe4ad9ab81799608e7be5a60df5e27f61a435da3e1da8658b4"}
{"level":"info","time":1768693542872,"name":"BobyWorld","version":"0.1.0","env":"test","msg":"[KeyVault] Secure key created: device-binding-key with hardware protection"}
{"level":"warn","time":1768693542872,"name":"BobyWorld","version":"0.1.0","env":"test","msg":"[SessionManager] Failed to [SQL_REMOVED] device binding key, using simple hash"}
{"level":"info","time":1768693543010,"name":"BobyWorld","version":"0.1.0","env":"test","msg":"[SessionManager] Secure session created: f2ec3d953d3303436c310f51d48befd93a3a0ca185bda310c07dcdb40815320a for user perf-user-1"}
{"level":"info","time":1768693543269,"name":"BobyWorld","version":"0.1.0","env":"test","msg":"[SessionManager] Session expired: f2ec3d953d3303436c310f51d48befd93a3a0ca185bda310c07dcdb40815320a"}
{"level":"info","time":1768693543393,"name":"BobyWorld","version":"0.1.0","env":"test","msg":"[KeyVault] Secure key created: device-binding-key with hardware protection"}
{"level":"warn","time":1768693543393,"name":"BobyWorld","version":"0.1.0","env":"test","msg":"[SessionManager] Failed to [SQL_REMOVED] device binding key, using simple hash"}
{"level":"info","time":1768693543518,"name":"BobyWorld","version":"0.1.0","env":"test","msg":"[SessionManager] Secure session created: 1a0af7a26e8d155353fd6a7a7b8e688881b89260cb9eb4a59c46c0eadf56ecf8 for user perf-user-2"}
{"level":"info","time":1768693543789,"name":"BobyWorld","version":"0.1.0","env":"test","msg":"[SessionManager] Session expired: 1a0af7a26e8d155353fd6a7a7b8e688881b89260cb9eb4a59c46c0eadf56ecf8"}
{"level":"info","time":1768693543914,"name":"BobyWorld","version":"0.1.0","env":"test","msg":"[KeyVault] Secure key created: device-binding-key with hardware protection"}
{"level":"warn","time":1768693543914,"name":"BobyWorld","version":"0.1.0","env":"test","msg":"[SessionManager] Failed to [SQL_REMOVED] device binding key, using simple hash"}
{"level":"info","time":1768693544037,"name":"BobyWorld","version":"0.1.0","env":"test","msg":"[SessionManager] Secure session created: 28257f77cfeb3d88fb9fff7aef7dc066a3cc381732288f7f1cad7f769fa39680 for user perf-user-3"}
{"level":"info","time":1768693544287,"name":"BobyWorld","version":"0.1.0","env":"test","msg":"[SessionManager] Session expired: 28257f77cfeb3d88fb9fff7aef7dc066a3cc381732288f7f1cad7f769fa39680"}
{"level":"info","time":1768693544408,"name":"BobyWorld","version":"0.1.0","env":"test","msg":"[KeyVault] Secure key created: device-binding-key with hardware protection"}
{"level":"warn","time":1768693544408,"name":"BobyWorld","version":"0.1.0","env":"test","msg":"[SessionManager] Failed to [SQL_REMOVED] device binding key, using simple hash"}
{"level":"info","time":1768693544549,"name":"BobyWorld","version":"0.1.0","env":"test","msg":"[SessionManager] Secure session created: c2aaaccef31aedb135290d05d0b852b18711faa281929d56cc2821038c61c469 for user perf-user-4"}
{"level":"info","time":1768693544803,"name":"BobyWorld","version":"0.1.0","env":"test","msg":"[SessionManager] Session expired: c2aaaccef31aedb135290d05d0b852b18711faa281929d56cc2821038c61c469"}
{"level":"info","time":1768693544927,"name":"BobyWorld","version":"0.1.0","env":"test","msg":"[KeyVault] Secure key created: device-binding-key with hardware protection"}
{"level":"warn","time":1768693544927,"name":"BobyWorld","version":"0.1.0","env":"test","msg":"[SessionManager] Failed to [SQL_REMOVED] device binding key, using simple hash"}
{"level":"info","time":1768693545069,"name":"BobyWorld","version":"0.1.0","env":"test","msg":"[SessionManager] Secure session created: 348050290c2e375ec98f03c7c0ea854687880d0302ba3841a0267602738956b7 for user perf-user-5"}
{"level":"info","time":1768693545367,"name":"BobyWorld","version":"0.1.0","env":"test","msg":"[SessionManager] Session expired: 348050290c2e375ec98f03c7c0ea854687880d0302ba3841a0267602738956b7"}
{"level":"info","time":1768693545488,"name":"BobyWorld","version":"0.1.0","env":"test","msg":"[KeyVault] Secure key created: device-binding-key with hardware protection"}
{"level":"warn","time":1768693545488,"name":"BobyWorld","version":"0.1.0","env":"test","msg":"[SessionManager] Failed to [SQL_REMOVED] device binding key, using simple hash"}
{"level":"info","time":1768693545629,"name":"BobyWorld","version":"0.1.0","env":"test","msg":"[SessionManager] Secure session created: 1be5024a6c0121e2a4aa0ec17b179ae40c5c102e3bdc78eaafe2f885eb2d4b65 for user perf-user-6"}
{"level":"info","time":1768693545883,"name":"BobyWorld","version":"0.1.0","env":"test","msg":"[SessionManager] Session expired: 1be5024a6c0121e2a4aa0ec17b179ae40c5c102e3bdc78eaafe2f885eb2d4b65"}
{"level":"info","time":1768693546009,"name":"BobyWorld","version":"0.1.0","env":"test","msg":"[KeyVault] Secure key created: device-binding-key with hardware protection"}
{"level":"warn","time":1768693546009,"name":"BobyWorld","version":"0.1.0","env":"test","msg":"[SessionManager] Failed to [SQL_REMOVED] device binding key, using simple hash"}
{"level":"info","time":1768693546149,"name":"BobyWorld","version":"0.1.0","env":"test","msg":"[SessionManager] Secure session created: aaab670f807d13d9a1be45b5484fc1153083cc22a31751883ab22f916f561c44 for user perf-user-7"}
{"level":"info","time":1768693546393,"name":"BobyWorld","version":"0.1.0","env":"test","msg":"[SessionManager] Session expired: aaab670f807d13d9a1be45b5484fc1153083cc22a31751883ab22f916f561c44"}
{"level":"info","time":1768693546513,"name":"BobyWorld","version":"0.1.0","env":"test","msg":"[KeyVault] Secure key created: device-binding-key with hardware protection"}
{"level":"warn","time":1768693546513,"name":"BobyWorld","version":"0.1.0","env":"test","msg":"[SessionManager] Failed to [SQL_REMOVED] device binding key, using simple hash"}
{"level":"info","time":1768693546643,"name":"BobyWorld","version":"0.1.0","env":"test","msg":"[SessionManager] Secure session created: 22660a2d66b0c6e4eac7ab47aeb41499bbf825532171cf9be5303a10ff087b55 for user perf-user-8"}
{"level":"info","time":1768693546893,"name":"BobyWorld","version":"0.1.0","env":"test","msg":"[SessionManager] Session expired: 22660a2d66b0c6e4eac7ab47aeb41499bbf825532171cf9be5303a10ff087b55"}
{"level":"info","time":1768693547030,"name":"BobyWorld","version":"0.1.0","env":"test","msg":"[KeyVault] Secure key created: device-binding-key with hardware protection"}
{"level":"warn","time":1768693547030,"name":"BobyWorld","version":"0.1.0","env":"test","msg":"[SessionManager] Failed to [SQL_REMOVED] device binding key, using simple hash"}
{"level":"info","time":1768693547158,"name":"BobyWorld","version":"0.1.0","env":"test","msg":"[SessionManager] Secure session created: e6d504b32f25bdcc0f6115064a42e845d68589910a66b9c7c92d6c1213c15157 for user perf-user-9"}
{"level":"info","time":1768693547407,"name":"BobyWorld","version":"0.1.0","env":"test","msg":"[SessionManager] Session expired: e6d504b32f25bdcc0f6115064a42e845d68589910a66b9c7c92d6c1213c15157"}
{"level":"info","time":1768693547407,"name":"BobyWorld","version":"0.1.0","env":"test","msg":"✅ Performance - Session Management - Passed (5172ms)"}
{"level":"info","time":1768693547408,"name":"BobyWorld","version":"0.1.0","env":"test","msg":"🛡️ Testing Security..."}
{"level":"warn","time":1768693547653,"name":"BobyWorld","version":"0.1.0","env":"test","args":[{"ip":"192.168.1.1","timestamp":"2026-01-17T23:45:47.653Z"}],"msg":"[SECURITY_EVENT][CRITICAL] blacklisted_ip: Attempted access from blocked IP","msg":"[SECURITY_EVENT][CRITICAL] blacklisted_ip: Attempted access from blocked IP"}
{"level":"warn","time":1768693548669,"name":"BobyWorld","version":"0.1.0","env":"test","args":[{"type":"blacklisted_ip","severity":"critical","score":100,"description":"Attempted access from blocked IP","evidence":{"ip":"192.168.1.1","timestamp":"2026-01-17T23:45:47.653Z"},"ip":"192.168.1.1","endpoint":"/api/attack","timestamp":1768693548276}],"msg":"[AdvancedRateLimiter] Suspicious activity:","msg":"[AdvancedRateLimiter] Suspicious activity:"}
{"level":"warn","time":1768693548911,"name":"BobyWorld","version":"0.1.0","env":"test","args":[{"ip":"192.168.1.1","timestamp":"2026-01-17T23:45:48.911Z"}],"msg":"[SECURITY_EVENT][CRITICAL] blacklisted_ip: Attempted access from blocked IP","msg":"[SECURITY_EVENT][CRITICAL] blacklisted_ip: Attempted access from blocked IP"}
{"level":"warn","time":1768693549372,"name":"BobyWorld","version":"0.1.0","env":"test","args":[{"type":"blacklisted_ip","severity":"critical","score":100,"description":"Attempted access from blocked IP","evidence":{"ip":"192.168.1.1","timestamp":"2026-01-17T23:45:48.911Z"},"ip":"192.168.1.1","endpoint":"/api/attack","timestamp":1768693548911}],"msg":"[AdvancedRateLimiter] Suspicious activity:","msg":"[AdvancedRateLimiter] Suspicious activity:"}
{"level":"warn","time":1768693549759,"name":"BobyWorld","version":"0.1.0","env":"test","args":[{"ip":"192.168.1.1","timestamp":"2026-01-17T23:45:49.759Z"}],"msg":"[SECURITY_EVENT][CRITICAL] blacklisted_ip: Attempted access from blocked IP","msg":"[SECURITY_EVENT][CRITICAL] blacklisted_ip: Attempted access from blocked IP"}
{"level":"warn","time":1768693550373,"name":"BobyWorld","version":"0.1.0","env":"test","args":[{"type":"blacklisted_ip","severity":"critical","score":100,"description":"Attempted access from blocked IP","evidence":{"ip":"192.168.1.1","timestamp":"2026-01-17T23:45:49.759Z"},"ip":"192.168.1.1","endpoint":"/api/attack","timestamp":1768693549759}],"msg":"[AdvancedRateLimiter] Suspicious activity:","msg":"[AdvancedRateLimiter] Suspicious activity:"}
{"level":"warn","time":1768693550783,"name":"BobyWorld","version":"0.1.0","env":"test","args":[{"ip":"192.168.1.1","timestamp":"2026-01-17T23:45:50.783Z"}],"msg":"[SECURITY_EVENT][CRITICAL] blacklisted_ip: Attempted access from blocked IP","msg":"[SECURITY_EVENT][CRITICAL] blacklisted_ip: Attempted access from blocked IP"}
{"level":"warn","time":1768693551248,"name":"BobyWorld","version":"0.1.0","env":"test","args":[{"type":"blacklisted_ip","severity":"critical","score":100,"description":"Attempted access from blocked IP","evidence":{"ip":"192.168.1.1","timestamp":"2026-01-17T23:45:50.783Z"},"ip":"192.168.1.1","endpoint":"/api/attack","timestamp":1768693550783}],"msg":"[AdvancedRateLimiter] Suspicious activity:","msg":"[AdvancedRateLimiter] Suspicious activity:"}
{"level":"warn","time":1768693551510,"name":"BobyWorld","version":"0.1.0","env":"test","args":[{"ip":"192.168.1.1","timestamp":"2026-01-17T23:45:51.510Z"}],"msg":"[SECURITY_EVENT][CRITICAL] blacklisted_ip: Attempted access from blocked IP","msg":"[SECURITY_EVENT][CRITICAL] blacklisted_ip: Attempted access from blocked IP"}
{"level":"warn","time":1768693551874,"name":"BobyWorld","version":"0.1.0","env":"test","args":[{"type":"blacklisted_ip","severity":"critical","score":100,"description":"Attempted access from blocked IP","evidence":{"ip":"192.168.1.1","timestamp":"2026-01-17T23:45:51.510Z"},"ip":"192.168.1.1","endpoint":"/api/attack","timestamp":1768693551510}],"msg":"[AdvancedRateLimiter] Suspicious activity:","msg":"[AdvancedRateLimiter] Suspicious activity:"}
{"level":"warn","time":1768693552127,"name":"BobyWorld","version":"0.1.0","env":"test","args":[{"ip":"192.168.1.1","timestamp":"2026-01-17T23:45:52.127Z"}],"msg":"[SECURITY_EVENT][CRITICAL] blacklisted_ip: Attempted access from blocked IP","msg":"[SECURITY_EVENT][CRITICAL] blacklisted_ip: Attempted access from blocked IP"}
{"level":"warn","time":1768693552497,"name":"BobyWorld","version":"0.1.0","env":"test","args":[{"type":"blacklisted_ip","severity":"critical","score":100,"description":"Attempted access from blocked IP","evidence":{"ip":"192.168.1.1","timestamp":"2026-01-17T23:45:52.127Z"},"ip":"192.168.1.1","endpoint":"/api/attack","timestamp":1768693552127}],"msg":"[AdvancedRateLimiter] Suspicious activity:","msg":"[AdvancedRateLimiter] Suspicious activity:"}
{"level":"warn","time":1768693552763,"name":"BobyWorld","version":"0.1.0","env":"test","args":[{"ip":"192.168.1.1","timestamp":"2026-01-17T23:45:52.762Z"}],"msg":"[SECURITY_EVENT][CRITICAL] blacklisted_ip: Attempted access from blocked IP","msg":"[SECURITY_EVENT][CRITICAL] blacklisted_ip: Attempted access from blocked IP"}
{"level":"warn","time":1768693553152,"name":"BobyWorld","version":"0.1.0","env":"test","args":[{"type":"blacklisted_ip","severity":"critical","score":100,"description":"Attempted access from blocked IP","evidence":{"ip":"192.168.1.1","timestamp":"2026-01-17T23:45:52.762Z"},"ip":"192.168.1.1","endpoint":"/api/attack","timestamp":1768693552763}],"msg":"[AdvancedRateLimiter] Suspicious activity:","msg":"[AdvancedRateLimiter] Suspicious activity:"}
{"level":"warn","time":1768693553547,"name":"BobyWorld","version":"0.1.0","env":"test","args":[{"ip":"192.168.1.1","timestamp":"2026-01-17T23:45:53.547Z"}],"msg":"[SECURITY_EVENT][CRITICAL] blacklisted_ip: Attempted access from blocked IP","msg":"[SECURITY_EVENT][CRITICAL] blacklisted_ip: Attempted access from blocked IP"}
{"level":"warn","time":1768693554162,"name":"BobyWorld","version":"0.1.0","env":"test","args":[{"type":"blacklisted_ip","severity":"critical","score":100,"description":"Attempted access from blocked IP","evidence":{"ip":"192.168.1.1","timestamp":"2026-01-17T23:45:53.547Z"},"ip":"192.168.1.1","endpoint":"/api/attack","timestamp":1768693553548}],"msg":"[AdvancedRateLimiter] Suspicious activity:","msg":"[AdvancedRateLimiter] Suspicious activity:"}
{"level":"warn","time":1768693554571,"name":"BobyWorld","version":"0.1.0","env":"test","args":[{"ip":"192.168.1.1","timestamp":"2026-01-17T23:45:54.571Z"}],"msg":"[SECURITY_EVENT][CRITICAL] blacklisted_ip: Attempted access from blocked IP","msg":"[SECURITY_EVENT][CRITICAL] blacklisted_ip: Attempted access from blocked IP"}
{"level":"warn","time":1768693555084,"name":"BobyWorld","version":"0.1.0","env":"test","args":[{"type":"blacklisted_ip","severity":"critical","score":100,"description":"Attempted access from blocked IP","evidence":{"ip":"192.168.1.1","timestamp":"2026-01-17T23:45:54.571Z"},"ip":"192.168.1.1","endpoint":"/api/attack","timestamp":1768693554572}],"msg":"[AdvancedRateLimiter] Suspicious activity:","msg":"[AdvancedRateLimiter] Suspicious activity:"}
{"level":"warn","time":1768693555493,"name":"BobyWorld","version":"0.1.0","env":"test","args":[{"ip":"192.168.1.1","timestamp":"2026-01-17T23:45:55.493Z"}],"msg":"[SECURITY_EVENT][CRITICAL] blacklisted_ip: Attempted access from blocked IP","msg":"[SECURITY_EVENT][CRITICAL] blacklisted_ip: Attempted access from blocked IP"}
{"level":"warn","time":1768693556005,"name":"BobyWorld","version":"0.1.0","env":"test","args":[{"type":"blacklisted_ip","severity":"critical","score":100,"description":"Attempted access from blocked IP","evidence":{"ip":"192.168.1.1","timestamp":"2026-01-17T23:45:55.493Z"},"ip":"192.168.1.1","endpoint":"/api/attack","timestamp":1768693555493}],"msg":"[AdvancedRateLimiter] Suspicious activity:","msg":"[AdvancedRateLimiter] Suspicious activity:"}
{"level":"warn","time":1768693556415,"name":"BobyWorld","version":"0.1.0","env":"test","args":[{"ip":"192.168.1.1","timestamp":"2026-01-17T23:45:56.415Z"}],"msg":"[SECURITY_EVENT][CRITICAL] blacklisted_ip: Attempted access from blocked IP","msg":"[SECURITY_EVENT][CRITICAL] blacklisted_ip: Attempted access from blocked IP"}
{"level":"warn","time":1768693557029,"name":"BobyWorld","version":"0.1.0","env":"test","args":[{"type":"blacklisted_ip","severity":"critical","score":100,"description":"Attempted access from blocked IP","evidence":{"ip":"192.168.1.1","timestamp":"2026-01-17T23:45:56.415Z"},"ip":"192.168.1.1","endpoint":"/api/attack","timestamp":1768693556415}],"msg":"[AdvancedRateLimiter] Suspicious activity:","msg":"[AdvancedRateLimiter] Suspicious activity:"}
{"level":"warn","time":1768693557412,"name":"BobyWorld","version":"0.1.0","env":"test","args":[{"ip":"192.168.1.1","timestamp":"2026-01-17T23:45:57.412Z"}],"msg":"[SECURITY_EVENT][CRITICAL] blacklisted_ip: Attempted access from blocked IP","msg":"[SECURITY_EVENT][CRITICAL] blacklisted_ip: Attempted access from blocked IP"}
{"level":"warn","time":1768693558053,"name":"BobyWorld","version":"0.1.0","env":"test","args":[{"type":"blacklisted_ip","severity":"critical","score":100,"description":"Attempted access from blocked IP","evidence":{"ip":"192.168.1.1","timestamp":"2026-01-17T23:45:57.412Z"},"ip":"192.168.1.1","endpoint":"/api/attack","timestamp":1768693557412}],"msg":"[AdvancedRateLimiter] Suspicious activity:","msg":"[AdvancedRateLimiter] Suspicious activity:"}
{"level":"warn","time":1768693558433,"name":"BobyWorld","version":"0.1.0","env":"test","args":[{"ip":"192.168.1.1","timestamp":"2026-01-17T23:45:58.433Z"}],"msg":"[SECURITY_EVENT][CRITICAL] blacklisted_ip: Attempted access from blocked IP","msg":"[SECURITY_EVENT][CRITICAL] blacklisted_ip: Attempted access from blocked IP"}
{"level":"warn","time":1768693558843,"name":"BobyWorld","version":"0.1.0","env":"test","args":[{"type":"blacklisted_ip","severity":"critical","score":100,"description":"Attempted access from blocked IP","evidence":{"ip":"192.168.1.1","timestamp":"2026-01-17T23:45:58.433Z"},"ip":"192.168.1.1","endpoint":"/api/attack","timestamp":1768693558433}],"msg":"[AdvancedRateLimiter] Suspicious activity:","msg":"[AdvancedRateLimiter] Suspicious activity:"}
{"level":"warn","time":1768693559093,"name":"BobyWorld","version":"0.1.0","env":"test","args":[{"ip":"192.168.1.1","timestamp":"2026-01-17T23:45:59.093Z"}],"msg":"[SECURITY_EVENT][CRITICAL] blacklisted_ip: Attempted access from blocked IP","msg":"[SECURITY_EVENT][CRITICAL] blacklisted_ip: Attempted access from blocked IP"}
{"level":"warn","time":1768693559472,"name":"BobyWorld","version":"0.1.0","env":"test","args":[{"type":"blacklisted_ip","severity":"critical","score":100,"description":"Attempted access from blocked IP","evidence":{"ip":"192.168.1.1","timestamp":"2026-01-17T23:45:59.093Z"},"ip":"192.168.1.1","endpoint":"/api/attack","timestamp":1768693559093}],"msg":"[AdvancedRateLimiter] Suspicious activity:","msg":"[AdvancedRateLimiter] Suspicious activity:"}
{"level":"warn","time":1768693559837,"name":"BobyWorld","version":"0.1.0","env":"test","args":[{"ip":"192.168.1.1","timestamp":"2026-01-17T23:45:59.837Z"}],"msg":"[SECURITY_EVENT][CRITICAL] blacklisted_ip: Attempted access from blocked IP","msg":"[SECURITY_EVENT][CRITICAL] blacklisted_ip: Attempted access from blocked IP"}
{"level":"warn","time":1768693560196,"name":"BobyWorld","version":"0.1.0","env":"test","args":[{"type":"blacklisted_ip","severity":"critical","score":100,"description":"Attempted access from blocked IP","evidence":{"ip":"192.168.1.1","timestamp":"2026-01-17T23:45:59.837Z"},"ip":"192.168.1.1","endpoint":"/api/attack","timestamp":1768693559838}],"msg":"[AdvancedRateLimiter] Suspicious activity:","msg":"[AdvancedRateLimiter] Suspicious activity:"}
{"level":"warn","time":1768693560433,"name":"BobyWorld","version":"0.1.0","env":"test","args":[{"ip":"192.168.1.1","timestamp":"2026-01-17T23:46:00.433Z"}],"msg":"[SECURITY_EVENT][CRITICAL] blacklisted_ip: Attempted access from blocked IP","msg":"[SECURITY_EVENT][CRITICAL] blacklisted_ip: Attempted access from blocked IP"}
{"level":"warn","time":1768693560803,"name":"BobyWorld","version":"0.1.0","env":"test","args":[{"type":"blacklisted_ip","severity":"critical","score":100,"description":"Attempted access from blocked IP","evidence":{"ip":"192.168.1.1","timestamp":"2026-01-17T23:46:00.433Z"},"ip":"192.168.1.1","endpoint":"/api/attack","timestamp":1768693560433}],"msg":"[AdvancedRateLimiter] Suspicious activity:","msg":"[AdvancedRateLimiter] Suspicious activity:"}
{"level":"warn","time":1768693561042,"name":"BobyWorld","version":"0.1.0","env":"test","args":[{"ip":"192.168.1.1","timestamp":"2026-01-17T23:46:01.042Z"}],"msg":"[SECURITY_EVENT][CRITICAL] blacklisted_ip: Attempted access from blocked IP","msg":"[SECURITY_EVENT][CRITICAL] blacklisted_ip: Attempted access from blocked IP"}
{"level":"warn","time":1768693561470,"name":"BobyWorld","version":"0.1.0","env":"test","args":[{"type":"blacklisted_ip","severity":"critical","score":100,"description":"Attempted access from blocked IP","evidence":{"ip":"192.168.1.1","timestamp":"2026-01-17T23:46:01.042Z"},"ip":"192.168.1.1","endpoint":"/api/attack","timestamp":1768693561043}],"msg":"[AdvancedRateLimiter] Suspicious activity:","msg":"[AdvancedRateLimiter] Suspicious activity:"}
{"level":"warn","time":1768693561842,"name":"BobyWorld","version":"0.1.0","env":"test","args":[{"ip":"192.168.1.1","timestamp":"2026-01-17T23:46:01.842Z"}],"msg":"[SECURITY_EVENT][CRITICAL] blacklisted_ip: Attempted access from blocked IP","msg":"[SECURITY_EVENT][CRITICAL] blacklisted_ip: Attempted access from blocked IP"}
{"level":"warn","time":1768693562457,"name":"BobyWorld","version":"0.1.0","env":"test","args":[{"type":"blacklisted_ip","severity":"critical","score":100,"description":"Attempted access from blocked IP","evidence":{"ip":"192.168.1.1","timestamp":"2026-01-17T23:46:01.842Z"},"ip":"192.168.1.1","endpoint":"/api/attack","timestamp":1768693561842}],"msg":"[AdvancedRateLimiter] Suspicious activity:","msg":"[AdvancedRateLimiter] Suspicious activity:"}
{"level":"warn","time":1768693562849,"name":"BobyWorld","version":"0.1.0","env":"test","args":[{"ip":"192.168.1.1","timestamp":"2026-01-17T23:46:02.849Z"}],"msg":"[SECURITY_EVENT][CRITICAL] blacklisted_ip: Attempted access from blocked IP","msg":"[SECURITY_EVENT][CRITICAL] blacklisted_ip: Attempted access from blocked IP"}
{"level":"warn","time":1768693563480,"name":"BobyWorld","version":"0.1.0","env":"test","args":[{"type":"blacklisted_ip","severity":"critical","score":100,"description":"Attempted access from blocked IP","evidence":{"ip":"192.168.1.1","timestamp":"2026-01-17T23:46:02.849Z"},"ip":"192.168.1.1","endpoint":"/api/attack","timestamp":1768693562849}],"msg":"[AdvancedRateLimiter] Suspicious activity:","msg":"[AdvancedRateLimiter] Suspicious activity:"}
{"level":"warn","time":1768693563890,"name":"BobyWorld","version":"0.1.0","env":"test","args":[{"ip":"192.168.1.1","timestamp":"2026-01-17T23:46:03.890Z"}],"msg":"[SECURITY_EVENT][CRITICAL] blacklisted_ip: Attempted access from blocked IP","msg":"[SECURITY_EVENT][CRITICAL] blacklisted_ip: Attempted access from blocked IP"}
{"level":"warn","time":1768693564401,"name":"BobyWorld","version":"0.1.0","env":"test","args":[{"type":"blacklisted_ip","severity":"critical","score":100,"description":"Attempted access from blocked IP","evidence":{"ip":"192.168.1.1","timestamp":"2026-01-17T23:46:03.890Z"},"ip":"192.168.1.1","endpoint":"/api/attack","timestamp":1768693563890}],"msg":"[AdvancedRateLimiter] Suspicious activity:","msg":"[AdvancedRateLimiter] Suspicious activity:"}
{"level":"warn","time":1768693564915,"name":"BobyWorld","version":"0.1.0","env":"test","args":[{"ip":"192.168.1.1","timestamp":"2026-01-17T23:46:04.915Z"}],"msg":"[SECURITY_EVENT][CRITICAL] blacklisted_ip: Attempted access from blocked IP","msg":"[SECURITY_EVENT][CRITICAL] blacklisted_ip: Attempted access from blocked IP"}
{"level":"warn","time":1768693565528,"name":"BobyWorld","version":"0.1.0","env":"test","args":[{"type":"blacklisted_ip","severity":"critical","score":100,"description":"Attempted access from blocked IP","evidence":{"ip":"192.168.1.1","timestamp":"2026-01-17T23:46:04.915Z"},"ip":"192.168.1.1","endpoint":"/api/attack","timestamp":1768693564915}],"msg":"[AdvancedRateLimiter] Suspicious activity:","msg":"[AdvancedRateLimiter] Suspicious activity:"}
{"level":"warn","time":1768693565835,"name":"BobyWorld","version":"0.1.0","env":"test","args":[{"ip":"192.168.1.1","timestamp":"2026-01-17T23:46:05.835Z"}],"msg":"[SECURITY_EVENT][CRITICAL] blacklisted_ip: Attempted access from blocked IP","msg":"[SECURITY_EVENT][CRITICAL] blacklisted_ip: Attempted access from blocked IP"}
{"level":"warn","time":1768693566313,"name":"BobyWorld","version":"0.1.0","env":"test","args":[{"type":"blacklisted_ip","severity":"critical","score":100,"description":"Attempted access from blocked IP","evidence":{"ip":"192.168.1.1","timestamp":"2026-01-17T23:46:05.835Z"},"ip":"192.168.1.1","endpoint":"/api/attack","timestamp":1768693565836}],"msg":"[AdvancedRateLimiter] Suspicious activity:","msg":"[AdvancedRateLimiter] Suspicious activity:"}
{"level":"warn","time":1768693566616,"name":"BobyWorld","version":"0.1.0","env":"test","args":[{"ip":"192.168.1.1","timestamp":"2026-01-17T23:46:06.616Z"}],"msg":"[SECURITY_EVENT][CRITICAL] blacklisted_ip: Attempted access from blocked IP","msg":"[SECURITY_EVENT][CRITICAL] blacklisted_ip: Attempted access from blocked IP"}
{"level":"warn","time":1768693567129,"name":"BobyWorld","version":"0.1.0","env":"test","args":[{"type":"blacklisted_ip","severity":"critical","score":100,"description":"Attempted access from blocked IP","evidence":{"ip":"192.168.1.1","timestamp":"2026-01-17T23:46:06.616Z"},"ip":"192.168.1.1","endpoint":"/api/attack","timestamp":1768693566617}],"msg":"[AdvancedRateLimiter] Suspicious activity:","msg":"[AdvancedRateLimiter] Suspicious activity:"}
{"level":"warn","time":1768693567372,"name":"BobyWorld","version":"0.1.0","env":"test","args":[{"ip":"192.168.1.1","timestamp":"2026-01-17T23:46:07.372Z"}],"msg":"[SECURITY_EVENT][CRITICAL] blacklisted_ip: Attempted access from blocked IP","msg":"[SECURITY_EVENT][CRITICAL] blacklisted_ip: Attempted access from blocked IP"}
{"level":"warn","time":1768693567749,"name":"BobyWorld","version":"0.1.0","env":"test","args":[{"type":"blacklisted_ip","severity":"critical","score":100,"description":"Attempted access from blocked IP","evidence":{"ip":"192.168.1.1","timestamp":"2026-01-17T23:46:07.372Z"},"ip":"192.168.1.1","endpoint":"/api/attack","timestamp":1768693567373}],"msg":"[AdvancedRateLimiter] Suspicious activity:","msg":"[AdvancedRateLimiter] Suspicious activity:"}
{"level":"warn","time":1768693567993,"name":"BobyWorld","version":"0.1.0","env":"test","args":[{"ip":"192.168.1.1","timestamp":"2026-01-17T23:46:07.993Z"}],"msg":"[SECURITY_EVENT][CRITICAL] blacklisted_ip: Attempted access from blocked IP","msg":"[SECURITY_EVENT][CRITICAL] blacklisted_ip: Attempted access from blocked IP"}
{"level":"warn","time":1768693568353,"name":"BobyWorld","version":"0.1.0","env":"test","args":[{"type":"blacklisted_ip","severity":"critical","score":100,"description":"Attempted access from blocked IP","evidence":{"ip":"192.168.1.1","timestamp":"2026-01-17T23:46:07.993Z"},"ip":"192.168.1.1","endpoint":"/api/attack","timestamp":1768693567993}],"msg":"[AdvancedRateLimiter] Suspicious activity:","msg":"[AdvancedRateLimiter] Suspicious activity:"}
{"level":"warn","time":1768693568589,"name":"BobyWorld","version":"0.1.0","env":"test","args":[{"ip":"192.168.1.1","timestamp":"2026-01-17T23:46:08.589Z"}],"msg":"[SECURITY_EVENT][CRITICAL] blacklisted_ip: Attempted access from blocked IP","msg":"[SECURITY_EVENT][CRITICAL] blacklisted_ip: Attempted access from blocked IP"}
{"level":"warn","time":1768693568973,"name":"BobyWorld","version":"0.1.0","env":"test","args":[{"type":"blacklisted_ip","severity":"critical","score":100,"description":"Attempted access from blocked IP","evidence":{"ip":"192.168.1.1","timestamp":"2026-01-17T23:46:08.589Z"},"ip":"192.168.1.1","endpoint":"/api/attack","timestamp":1768693568589}],"msg":"[AdvancedRateLimiter] Suspicious activity:","msg":"[AdvancedRateLimiter] Suspicious activity:"}
{"level":"warn","time":1768693569317,"name":"BobyWorld","version":"0.1.0","env":"test","args":[{"ip":"192.168.1.1","timestamp":"2026-01-17T23:46:09.317Z"}],"msg":"[SECURITY_EVENT][CRITICAL] blacklisted_ip: Attempted access from blocked IP","msg":"[SECURITY_EVENT][CRITICAL] blacklisted_ip: Attempted access from blocked IP"}
{"level":"warn","time":1768693569830,"name":"BobyWorld","version":"0.1.0","env":"test","args":[{"type":"blacklisted_ip","severity":"critical","score":100,"description":"Attempted access from blocked IP","evidence":{"ip":"192.168.1.1","timestamp":"2026-01-17T23:46:09.317Z"},"ip":"192.168.1.1","endpoint":"/api/attack","timestamp":1768693569317}],"msg":"[AdvancedRateLimiter] Suspicious activity:","msg":"[AdvancedRateLimiter] Suspicious activity:"}
{"level":"warn","time":1768693570239,"name":"BobyWorld","version":"0.1.0","env":"test","args":[{"ip":"192.168.1.1","timestamp":"2026-01-17T23:46:10.239Z"}],"msg":"[SECURITY_EVENT][CRITICAL] blacklisted_ip: Attempted access from blocked IP","msg":"[SECURITY_EVENT][CRITICAL] blacklisted_ip: Attempted access from blocked IP"}
{"level":"warn","time":1768693570832,"name":"BobyWorld","version":"0.1.0","env":"test","args":[{"type":"blacklisted_ip","severity":"critical","score":100,"description":"Attempted access from blocked IP","evidence":{"ip":"192.168.1.1","timestamp":"2026-01-17T23:46:10.239Z"},"ip":"192.168.1.1","endpoint":"/api/attack","timestamp":1768693570239}],"msg":"[AdvancedRateLimiter] Suspicious activity:","msg":"[AdvancedRateLimiter] Suspicious activity:"}
{"level":"warn","time":1768693571072,"name":"BobyWorld","version":"0.1.0","env":"test","args":[{"ip":"192.168.1.1","timestamp":"2026-01-17T23:46:11.072Z"}],"msg":"[SECURITY_EVENT][CRITICAL] blacklisted_ip: Attempted access from blocked IP","msg":"[SECURITY_EVENT][CRITICAL] blacklisted_ip: Attempted access from blocked IP"}
{"level":"warn","time":1768693571598,"name":"BobyWorld","version":"0.1.0","env":"test","args":[{"type":"blacklisted_ip","severity":"critical","score":100,"description":"Attempted access from blocked IP","evidence":{"ip":"192.168.1.1","timestamp":"2026-01-17T23:46:11.072Z"},"ip":"192.168.1.1","endpoint":"/api/attack","timestamp":1768693571072}],"msg":"[AdvancedRateLimiter] Suspicious activity:","msg":"[AdvancedRateLimiter] Suspicious activity:"}
{"level":"warn","time":1768693571961,"name":"BobyWorld","version":"0.1.0","env":"test","args":[{"ip":"192.168.1.1","timestamp":"2026-01-17T23:46:11.961Z"}],"msg":"[SECURITY_EVENT][CRITICAL] blacklisted_ip: Attempted access from blocked IP","msg":"[SECURITY_EVENT][CRITICAL] blacklisted_ip: Attempted access from blocked IP"}
{"level":"warn","time":1768693572492,"name":"BobyWorld","version":"0.1.0","env":"test","args":[{"type":"blacklisted_ip","severity":"critical","score":100,"description":"Attempted access from blocked IP","evidence":{"ip":"192.168.1.1","timestamp":"2026-01-17T23:46:11.961Z"},"ip":"192.168.1.1","endpoint":"/api/attack","timestamp":1768693571961}],"msg":"[AdvancedRateLimiter] Suspicious activity:","msg":"[AdvancedRateLimiter] Suspicious activity:"}
{"level":"warn","time":1768693572813,"name":"BobyWorld","version":"0.1.0","env":"test","args":[{"ip":"192.168.1.1","timestamp":"2026-01-17T23:46:12.813Z"}],"msg":"[SECURITY_EVENT][CRITICAL] blacklisted_ip: Attempted access from blocked IP","msg":"[SECURITY_EVENT][CRITICAL] blacklisted_ip: Attempted access from blocked IP"}
{"level":"warn","time":1768693573313,"name":"BobyWorld","version":"0.1.0","env":"test","args":[{"type":"blacklisted_ip","severity":"critical","score":100,"description":"Attempted access from blocked IP","evidence":{"ip":"192.168.1.1","timestamp":"2026-01-17T23:46:12.813Z"},"ip":"192.168.1.1","endpoint":"/api/attack","timestamp":1768693572814}],"msg":"[AdvancedRateLimiter] Suspicious activity:","msg":"[AdvancedRateLimiter] Suspicious activity:"}
{"level":"warn","time":1768693573720,"name":"BobyWorld","version":"0.1.0","env":"test","args":[{"ip":"192.168.1.1","timestamp":"2026-01-17T23:46:13.720Z"}],"msg":"[SECURITY_EVENT][CRITICAL] blacklisted_ip: Attempted access from blocked IP","msg":"[SECURITY_EVENT][CRITICAL] blacklisted_ip: Attempted access from blocked IP"}
{"level":"warn","time":1768693574158,"name":"BobyWorld","version":"0.1.0","env":"test","args":[{"type":"blacklisted_ip","severity":"critical","score":100,"description":"Attempted access from blocked IP","evidence":{"ip":"192.168.1.1","timestamp":"2026-01-17T23:46:13.720Z"},"ip":"192.168.1.1","endpoint":"/api/attack","timestamp":1768693573720}],"msg":"[AdvancedRateLimiter] Suspicious activity:","msg":"[AdvancedRateLimiter] Suspicious activity:"}
{"level":"warn","time":1768693574539,"name":"BobyWorld","version":"0.1.0","env":"test","args":[{"ip":"192.168.1.1","timestamp":"2026-01-17T23:46:14.539Z"}],"msg":"[SECURITY_EVENT][CRITICAL] blacklisted_ip: Attempted access from blocked IP","msg":"[SECURITY_EVENT][CRITICAL] blacklisted_ip: Attempted access from blocked IP"}
{"level":"warn","time":1768693575128,"name":"BobyWorld","version":"0.1.0","env":"test","args":[{"type":"blacklisted_ip","severity":"critical","score":100,"description":"Attempted access from blocked IP","evidence":{"ip":"192.168.1.1","timestamp":"2026-01-17T23:46:14.539Z"},"ip":"192.168.1.1","endpoint":"/api/attack","timestamp":1768693574539}],"msg":"[AdvancedRateLimiter] Suspicious activity:","msg":"[AdvancedRateLimiter] Suspicious activity:"}
{"level":"warn","time":1768693575394,"name":"BobyWorld","version":"0.1.0","env":"test","args":[{"ip":"192.168.1.1","timestamp":"2026-01-17T23:46:15.393Z"}],"msg":"[SECURITY_EVENT][CRITICAL] blacklisted_ip: Attempted access from blocked IP","msg":"[SECURITY_EVENT][CRITICAL] blacklisted_ip: Attempted access from blocked IP"}
{"level":"warn","time":1768693575762,"name":"BobyWorld","version":"0.1.0","env":"test","args":[{"type":"blacklisted_ip","severity":"critical","score":100,"description":"Attempted access from blocked IP","evidence":{"ip":"192.168.1.1","timestamp":"2026-01-17T23:46:15.393Z"},"ip":"192.168.1.1","endpoint":"/api/attack","timestamp":1768693575394}],"msg":"[AdvancedRateLimiter] Suspicious activity:","msg":"[AdvancedRateLimiter] Suspicious activity:"}
{"level":"warn","time":1768693575998,"name":"BobyWorld","version":"0.1.0","env":"test","args":[{"ip":"192.168.1.1","timestamp":"2026-01-17T23:46:15.998Z"}],"msg":"[SECURITY_EVENT][CRITICAL] blacklisted_ip: Attempted access from blocked IP","msg":"[SECURITY_EVENT][CRITICAL] blacklisted_ip: Attempted access from blocked IP"}
{"level":"warn","time":1768693576362,"name":"BobyWorld","version":"0.1.0","env":"test","args":[{"type":"blacklisted_ip","severity":"critical","score":100,"description":"Attempted access from blocked IP","evidence":{"ip":"192.168.1.1","timestamp":"2026-01-17T23:46:15.998Z"},"ip":"192.168.1.1","endpoint":"/api/attack","timestamp":1768693575998}],"msg":"[AdvancedRateLimiter] Suspicious activity:","msg":"[AdvancedRateLimiter] Suspicious activity:"}
{"level":"warn","time":1768693576607,"name":"BobyWorld","version":"0.1.0","env":"test","args":[{"ip":"192.168.1.1","timestamp":"2026-01-17T23:46:16.607Z"}],"msg":"[SECURITY_EVENT][CRITICAL] blacklisted_ip: Attempted access from blocked IP","msg":"[SECURITY_EVENT][CRITICAL] blacklisted_ip: Attempted access from blocked IP"}
{"level":"warn","time":1768693576969,"name":"BobyWorld","version":"0.1.0","env":"test","args":[{"type":"blacklisted_ip","severity":"critical","score":100,"description":"Attempted access from blocked IP","evidence":{"ip":"192.168.1.1","timestamp":"2026-01-17T23:46:16.607Z"},"ip":"192.168.1.1","endpoint":"/api/attack","timestamp":1768693576607}],"msg":"[AdvancedRateLimiter] Suspicious activity:","msg":"[AdvancedRateLimiter] Suspicious activity:"}
{"level":"warn","time":1768693577229,"name":"BobyWorld","version":"0.1.0","env":"test","args":[{"ip":"192.168.1.1","timestamp":"2026-01-17T23:46:17.229Z"}],"msg":"[SECURITY_EVENT][CRITICAL] blacklisted_ip: Attempted access from blocked IP","msg":"[SECURITY_EVENT][CRITICAL] blacklisted_ip: Attempted access from blocked IP"}
{"level":"info","time":1768693577408,"name":"BobyWorld","version":"0.1.0","env":"test","msg":"❌ Security - Protection Against Repeated Requests - Failed (29999ms): Test timeout"}
{"level":"warn","time":1768693577408,"name":"BobyWorld","version":"0.1.0","env":"test","msg":"[KeyVault] Key not found in memory: security-test"}
{"level":"info","time":1768693577409,"name":"BobyWorld","version":"0.1.0","env":"test","msg":"[KeyVault] Secure key created: security-test with hardware protection"}
{"level":"info","time":1768693577410,"name":"BobyWorld","version":"0.1.0","env":"test","msg":"✅ Security - Encryption Integrity - Passed (2ms)"}
{"level":"info","time":1768693577527,"name":"BobyWorld","version":"0.1.0","env":"test","msg":"[KeyVault] Secure key created: device-binding-key with hardware protection"}
{"level":"warn","time":1768693577527,"name":"BobyWorld","version":"0.1.0","env":"test","msg":"[SessionManager] Failed to [SQL_REMOVED] device binding key, using simple hash"}
{"level":"warn","time":1768693577592,"name":"BobyWorld","version":"0.1.0","env":"test","args":[{"type":"blacklisted_ip","severity":"critical","score":100,"description":"Attempted access from blocked IP","evidence":{"ip":"192.168.1.1","timestamp":"2026-01-17T23:46:17.229Z"},"ip":"192.168.1.1","endpoint":"/api/attack","timestamp":1768693577229}],"msg":"[AdvancedRateLimiter] Suspicious activity:","msg":"[AdvancedRateLimiter] Suspicious activity:"}
{"level":"info","time":1768693577653,"name":"BobyWorld","version":"0.1.0","env":"test","msg":"[SessionManager] Secure session created: 8f50e548c10bbc3f61f71bb40631cdce541974b41023d70cf0dff7bc5cc701a8 for user security-user"}
{"level":"warn","time":1768693577833,"name":"BobyWorld","version":"0.1.0","env":"test","args":[{"ip":"192.168.1.1","timestamp":"2026-01-17T23:46:17.833Z"}],"msg":"[SECURITY_EVENT][CRITICAL] blacklisted_ip: Attempted access from blocked IP","msg":"[SECURITY_EVENT][CRITICAL] blacklisted_ip: Attempted access from blocked IP"}
{"level":"warn","time":1768693578207,"name":"BobyWorld","version":"0.1.0","env":"test","args":[{"type":"blacklisted_ip","severity":"critical","score":100,"description":"Attempted access from blocked IP","evidence":{"ip":"192.168.1.1","timestamp":"2026-01-17T23:46:17.833Z"},"ip":"192.168.1.1","endpoint":"/api/attack","timestamp":1768693577833}],"msg":"[AdvancedRateLimiter] Suspicious activity:","msg":"[AdvancedRateLimiter] Suspicious activity:"}
{"level":"warn","time":1768693578469,"name":"BobyWorld","version":"0.1.0","env":"test","args":[{"ip":"192.168.1.1","timestamp":"2026-01-17T23:46:18.469Z"}],"msg":"[SECURITY_EVENT][CRITICAL] blacklisted_ip: Attempted access from blocked IP","msg":"[SECURITY_EVENT][CRITICAL] blacklisted_ip: Attempted access from blocked IP"}
{"level":"info","time":1768693578522,"name":"BobyWorld","version":"0.1.0","env":"test","msg":"[SessionManager] Session expired: 8f50e548c10bbc3f61f71bb40631cdce541974b41023d70cf0dff7bc5cc701a8"}
{"level":"info","time":1768693578522,"name":"BobyWorld","version":"0.1.0","env":"test","msg":"✅ Security - Session Protection - Passed (1111ms)"}
{"level":"info","time":1768693578642,"name":"BobyWorld","version":"0.1.0","env":"test","msg":"[KeyVault] Secure key created: device-binding-key with hardware protection"}
{"level":"warn","time":1768693578642,"name":"BobyWorld","version":"0.1.0","env":"test","msg":"[SessionManager] Failed to [SQL_REMOVED] device binding key, using simple hash"}
{"level":"info","time":1768693578767,"name":"BobyWorld","version":"0.1.0","env":"test","msg":"[SessionManager] Secure session created: a5ffb2514aa8be3e400421074caadec2e489182601fb3e3cae2852a01bec7211 for user revoke-user"}
{"level":"warn","time":1768693578832,"name":"BobyWorld","version":"0.1.0","env":"test","args":[{"type":"blacklisted_ip","severity":"critical","score":100,"description":"Attempted access from blocked IP","evidence":{"ip":"192.168.1.1","timestamp":"2026-01-17T23:46:18.469Z"},"ip":"192.168.1.1","endpoint":"/api/attack","timestamp":1768693578470}],"msg":"[AdvancedRateLimiter] Suspicious activity:","msg":"[AdvancedRateLimiter] Suspicious activity:"}
{"level":"warn","time":1768693579069,"name":"BobyWorld","version":"0.1.0","env":"test","args":[{"ip":"192.168.1.1","timestamp":"2026-01-17T23:46:19.069Z"}],"msg":"[SECURITY_EVENT][CRITICAL] blacklisted_ip: Attempted access from blocked IP","msg":"[SECURITY_EVENT][CRITICAL] blacklisted_ip: Attempted access from blocked IP"}
{"level":"info","time":1768693579152,"name":"BobyWorld","version":"0.1.0","env":"test","msg":"[SessionManager] Session expired: a5ffb2514aa8be3e400421074caadec2e489182601fb3e3cae2852a01bec7211"}
{"level":"info","time":1768693579343,"name":"BobyWorld","version":"0.1.0","env":"test","msg":"[SessionManager] Expired 1 sessions for user revoke-user"}
{"level":"info","time":1768693579469,"name":"BobyWorld","version":"0.1.0","env":"test","msg":"✅ Security - Session Revocation - Passed (947ms)"}
{"level":"info","time":1768693579470,"name":"BobyWorld","version":"0.1.0","env":"test","msg":"🔄 Testing session seed rotation..."}
{"level":"warn","time":1768693579659,"name":"BobyWorld","version":"0.1.0","env":"test","args":[{"type":"blacklisted_ip","severity":"critical","score":100,"description":"Attempted access from blocked IP","evidence":{"ip":"192.168.1.1","timestamp":"2026-01-17T23:46:19.069Z"},"ip":"192.168.1.1","endpoint":"/api/attack","timestamp":1768693579069}],"msg":"[AdvancedRateLimiter] Suspicious activity:","msg":"[AdvancedRateLimiter] Suspicious activity:"}
{"level":"warn","time":1768693579659,"name":"BobyWorld","version":"0.1.0","env":"test","msg":"[SessionManager] Maximum sessions limit exceeded for user seed-test-user"}
{"level":"info","time":1768693579659,"name":"BobyWorld","version":"0.1.0","env":"test","msg":"❌ Security - Seed Rotation - Failed (189ms): Failed to [SQL_REMOVED] session"}
{"level":"info","time":1768693579659,"name":"BobyWorld","version":"0.1.0","env":"test","msg":"🧠 Testing behavioral analysis..."}
{"level":"info","time":1768693579772,"name":"BobyWorld","version":"0.1.0","env":"test","msg":"✅ Security - Behavioral Analysis - Passed (113ms)"}
{"level":"info","time":1768693579773,"name":"BobyWorld","version":"0.1.0","env":"test","msg":"🔑 Testing Passkey Security..."}
{"level":"info","time":1768693579773,"name":"BobyWorld","version":"0.1.0","env":"test","msg":"✅ Passkey - Last Passkey Protection - Passed (0ms)"}
{"level":"info","time":1768693579773,"name":"BobyWorld","version":"0.1.0","env":"test","msg":"✅ Passkey - Recovery Cooldown Period - Passed (0ms)"}
{"level":"info","time":1768693579773,"name":"BobyWorld","version":"0.1.0","env":"test","msg":"✅ Completed 21 tests"}
{"level":"info","time":1768693579773,"name":"BobyWorld","version":"0.1.0","env":"test","msg":"📊 Passed: 17"}
{"level":"info","time":1768693579773,"name":"BobyWorld","version":"0.1.0","env":"test","msg":"❌ Failed: 4"}
  console.log
    Security Test Report: {
      "total": 21,
      "passed": 17,
      "failed": 4,
      "duration": 38783
    }

      at Object.log (src/tests/security-suite-verification.test.ts:31:17)

{"level":"info","time":1768693579792,"name":"BobyWorld","version":"0.1.0","env":"test","msg":"[KeyVault] Memory cleaned"}
{"level":"info","time":1768693579792,"name":"BobyWorld","version":"0.1.0","env":"test","msg":"[SecurityIntegration] All security systems cleaned"}
FAIL src/tests/security-suite-verification.test.ts (39.092 s)
  Security Verification Suite
    ✕ should run all security tests successfully (38806 ms)

  ● Security Verification Suite › should run all security tests successfully

    expect(received).toBe(expected) // Object.is equality

    Expected: 0
    Received: 4

      32 |
      33 |         // Assertions
    > 34 |         expect(report.summary.failed).toBe(0);
         |                                       ^
      35 |         expect(report.summary.passed).toBeGreaterThan(0);
      36 |         expect(results.every(r => r.success)).toBe(true);
      37 |     });

      at Object.toBe (src/tests/security-suite-verification.test.ts:34:39)

Test Suites: 1 failed, 1 total
Tests:       1 failed, 1 total
Snapshots:   0 total
Time:        39.525 s, estimated 54 s
Ran all test suites matching src/tests/security-suite-verification.test.ts.
{"level":"warn","time":1768693580070,"name":"BobyWorld","version":"0.1.0","env":"test","args":[{"ip":"192.168.1.1","timestamp":"2026-01-17T23:46:20.069Z"}],"msg":"[SECURITY_EVENT][CRITICAL] blacklisted_ip: Attempted access from blocked IP","msg":"[SECURITY_EVENT][CRITICAL] blacklisted_ip: Attempted access from blocked IP"}
{"level":"warn","time":1768693580683,"name":"BobyWorld","version":"0.1.0","env":"test","args":[{"type":"blacklisted_ip","severity":"critical","score":100,"description":"Attempted access from blocked IP","evidence":{"ip":"192.168.1.1","timestamp":"2026-01-17T23:46:20.069Z"},"ip":"192.168.1.1","endpoint":"/api/attack","timestamp":1768693580070}],"msg":"[AdvancedRateLimiter] Suspicious activity:","msg":"[AdvancedRateLimiter] Suspicious activity:"}
Jest did not exit one second after the test run has completed.

'This usually means that there are asynchronous operations that weren't stopped in your tests. Consider running Jest with `--detectOpenHandles` to troubleshoot this issue.
{"level":"warn","time":1768693581093,"name":"BobyWorld","version":"0.1.0","env":"test","args":[{"ip":"192.168.1.1","timestamp":"2026-01-17T23:46:21.093Z"}],"msg":"[SECURITY_EVENT][CRITICAL] blacklisted_ip: Attempted access from blocked IP","msg":"[SECURITY_EVENT][CRITICAL] blacklisted_ip: Attempted access from blocked IP"}
{"level":"warn","time":1768693581707,"name":"BobyWorld","version":"0.1.0","env":"test","args":[{"type":"blacklisted_ip","severity":"critical","score":100,"description":"Attempted access from blocked IP","evidence":{"ip":"192.168.1.1","timestamp":"2026-01-17T23:46:21.093Z"},"ip":"192.168.1.1","endpoint":"/api/attack","timestamp":1768693581093}],"msg":"[AdvancedRateLimiter] Suspicious activity:","msg":"[AdvancedRateLimiter] Suspicious activity:"}
{"level":"warn","time":1768693582096,"name":"BobyWorld","version":"0.1.0","env":"test","args":[{"ip":"192.168.1.1","timestamp":"2026-01-17T23:46:22.096Z"}],"msg":"[SECURITY_EVENT][CRITICAL] blacklisted_ip: Attempted access from blocked IP","msg":"[SECURITY_EVENT][CRITICAL] blacklisted_ip: Attempted access from blocked IP"}
{"level":"warn","time":1768693582629,"name":"BobyWorld","version":"0.1.0","env":"test","args":[{"type":"blacklisted_ip","severity":"critical","score":100,"description":"Attempted access from blocked IP","evidence":{"ip":"192.168.1.1","timestamp":"2026-01-17T23:46:22.096Z"},"ip":"192.168.1.1","endpoint":"/api/attack","timestamp":1768693582096}],"msg":"[AdvancedRateLimiter] Suspicious activity:","msg":"[AdvancedRateLimiter] Suspicious activity:"}
{"level":"warn","time":1768693583039,"name":"BobyWorld","version":"0.1.0","env":"test","args":[{"ip":"192.168.1.1","timestamp":"2026-01-17T23:46:23.039Z"}],"msg":"[SECURITY_EVENT][CRITICAL] blacklisted_ip: Attempted access from blocked IP","msg":"[SECURITY_EVENT][CRITICAL] blacklisted_ip: Attempted access from blocked IP"}
{"level":"warn","time":1768693583550,"name":"BobyWorld","version":"0.1.0","env":"test","args":[{"type":"blacklisted_ip","severity":"critical","score":100,"description":"Attempted access from blocked IP","evidence":{"ip":"192.168.1.1","timestamp":"2026-01-17T23:46:23.039Z"},"ip":"192.168.1.1","endpoint":"/api/attack","timestamp":1768693583039}],"msg":"[AdvancedRateLimiter] Suspicious activity:","msg":"[AdvancedRateLimiter] Suspicious activity:"}
{"level":"warn","time":1768693583960,"name":"BobyWorld","version":"0.1.0","env":"test","args":[{"ip":"192.168.1.1","timestamp":"2026-01-17T23:46:23.960Z"}],"msg":"[SECURITY_EVENT][CRITICAL] blacklisted_ip: Attempted access from blocked IP","msg":"[SECURITY_EVENT][CRITICAL] blacklisted_ip: Attempted access from blocked IP"}
{"level":"warn","time":1768693584477,"name":"BobyWorld","version":"0.1.0","env":"test","args":[{"type":"blacklisted_ip","severity":"critical","score":100,"description":"Attempted access from blocked IP","evidence":{"ip":"192.168.1.1","timestamp":"2026-01-17T23:46:23.960Z"},"ip":"192.168.1.1","endpoint":"/api/attack","timestamp":1768693583960}],"msg":"[AdvancedRateLimiter] Suspicious activity:","msg":"[AdvancedRateLimiter] Suspicious activity:"}
{"level":"warn","time":1768693584882,"name":"BobyWorld","version":"0.1.0","env":"test","args":[{"ip":"192.168.1.1","timestamp":"2026-01-17T23:46:24.881Z"}],"msg":"[SECURITY_EVENT][CRITICAL] blacklisted_ip: Attempted access from blocked IP","msg":"[SECURITY_EVENT][CRITICAL] blacklisted_ip: Attempted access from blocked IP"}
{"level":"warn","time":1768693585481,"name":"BobyWorld","version":"0.1.0","env":"test","args":[{"type":"blacklisted_ip","severity":"critical","score":100,"description":"Attempted access from blocked IP","evidence":{"ip":"192.168.1.1","timestamp":"2026-01-17T23:46:24.881Z"},"ip":"192.168.1.1","endpoint":"/api/attack","timestamp":1768693584882}],"msg":"[AdvancedRateLimiter] Suspicious activity:","msg":"[AdvancedRateLimiter] Suspicious activity:"}
{"level":"warn","time":1768693585906,"name":"BobyWorld","version":"0.1.0","env":"test","args":[{"ip":"192.168.1.1","timestamp":"2026-01-17T23:46:25.905Z"}],"msg":"[SECURITY_EVENT][CRITICAL] blacklisted_ip: Attempted access from blocked IP","msg":"[SECURITY_EVENT][CRITICAL] blacklisted_ip: Attempted access from blocked IP"}
{"level":"warn","time":1768693586372,"name":"BobyWorld","version":"0.1.0","env":"test","args":[{"type":"blacklisted_ip","severity":"critical","score":100,"description":"Attempted access from blocked IP","evidence":{"ip":"192.168.1.1","timestamp":"2026-01-17T23:46:25.905Z"},"ip":"192.168.1.1","endpoint":"/api/attack","timestamp":1768693585906}],"msg":"[AdvancedRateLimiter] Suspicious activity:","msg":"[AdvancedRateLimiter] Suspicious activity:"}
{"level":"warn","time":1768693586676,"name":"BobyWorld","version":"0.1.0","env":"test","args":[{"ip":"192.168.1.1","timestamp":"2026-01-17T23:46:26.676Z"}],"msg":"[SECURITY_EVENT][CRITICAL] blacklisted_ip: Attempted access from blocked IP","msg":"[SECURITY_EVENT][CRITICAL] blacklisted_ip: Attempted access from blocked IP"}
{"level":"warn","time":1768693587134,"name":"BobyWorld","version":"0.1.0","env":"test","args":[{"type":"blacklisted_ip","severity":"critical","score":100,"description":"Attempted access from blocked IP","evidence":{"ip":"192.168.1.1","timestamp":"2026-01-17T23:46:26.676Z"},"ip":"192.168.1.1","endpoint":"/api/attack","timestamp":1768693586676}],"msg":"[AdvancedRateLimiter] Suspicious activity:","msg":"[AdvancedRateLimiter] Suspicious activity:"}
{"level":"warn","time":1768693587399,"name":"BobyWorld","version":"0.1.0","env":"test","args":[{"ip":"192.168.1.1","timestamp":"2026-01-17T23:46:27.398Z"}],"msg":"[SECURITY_EVENT][CRITICAL] blacklisted_ip: Attempted access from blocked IP","msg":"[SECURITY_EVENT][CRITICAL] blacklisted_ip: Attempted access from blocked IP"}
{"level":"warn","time":1768693587773,"name":"BobyWorld","version":"0.1.0","env":"test","args":[{"type":"blacklisted_ip","severity":"critical","score":100,"description":"Attempted access from blocked IP","evidence":{"ip":"192.168.1.1","timestamp":"2026-01-17T23:46:27.398Z"},"ip":"192.168.1.1","endpoint":"/api/attack","timestamp":1768693587399}],"msg":"[AdvancedRateLimiter] Suspicious activity:","msg":"[AdvancedRateLimiter] Suspicious activity:"}
{"level":"warn","time":1768693588033,"name":"BobyWorld","version":"0.1.0","env":"test","args":[{"ip":"192.168.1.1","timestamp":"2026-01-17T23:46:28.033Z"}],"msg":"[SECURITY_EVENT][CRITICAL] blacklisted_ip: Attempted access from blocked IP","msg":"[SECURITY_EVENT][CRITICAL] blacklisted_ip: Attempted access from blocked IP"}
{"level":"warn","time":1768693588401,"name":"BobyWorld","version":"0.1.0","env":"test","args":[{"type":"blacklisted_ip","severity":"critical","score":100,"description":"Attempted access from blocked IP","evidence":{"ip":"192.168.1.1","timestamp":"2026-01-17T23:46:28.033Z"},"ip":"192.168.1.1","endpoint":"/api/attack","timestamp":1768693588033}],"msg":"[AdvancedRateLimiter] Suspicious activity:","msg":"[AdvancedRateLimiter] Suspicious activity:"}
{"level":"warn","time":1768693588652,"name":"BobyWorld","version":"0.1.0","env":"test","args":[{"ip":"192.168.1.1","timestamp":"2026-01-17T23:46:28.652Z"}],"msg":"[SECURITY_EVENT][CRITICAL] blacklisted_ip: Attempted access from blocked IP","msg":"[SECURITY_EVENT][CRITICAL] blacklisted_ip: Attempted access from blocked IP"}
{"level":"warn","time":1768693589032,"name":"BobyWorld","version":"0.1.0","env":"test","args":[{"type":"blacklisted_ip","severity":"critical","score":100,"description":"Attempted access from blocked IP","evidence":{"ip":"192.168.1.1","timestamp":"2026-01-17T23:46:28.652Z"},"ip":"192.168.1.1","endpoint":"/api/attack","timestamp":1768693588652}],"msg":"[AdvancedRateLimiter] Suspicious activity:","msg":"[AdvancedRateLimiter] Suspicious activity:"}
{"level":"warn","time":1768693589277,"name":"BobyWorld","version":"0.1.0","env":"test","args":[{"ip":"192.168.1.1","timestamp":"2026-01-17T23:46:29.277Z"}],"msg":"[SECURITY_EVENT][CRITICAL] blacklisted_ip: Attempted access from blocked IP","msg":"[SECURITY_EVENT][CRITICAL] blacklisted_ip: Attempted access from blocked IP"}
{"level":"warn","time":1768693589637,"name":"BobyWorld","version":"0.1.0","env":"test","args":[{"type":"blacklisted_ip","severity":"critical","score":100,"description":"Attempted access from blocked IP","evidence":{"ip":"192.168.1.1","timestamp":"2026-01-17T23:46:29.277Z"},"ip":"192.168.1.1","endpoint":"/api/attack","timestamp":1768693589277}],"msg":"[AdvancedRateLimiter] Suspicious activity:","msg":"[AdvancedRateLimiter] Suspicious activity:"}
{"level":"warn","time":1768693589888,"name":"BobyWorld","version":"0.1.0","env":"test","args":[{"ip":"192.168.1.1","timestamp":"2026-01-17T23:46:29.888Z"}],"msg":"[SECURITY_EVENT][CRITICAL] blacklisted_ip: Attempted access from blocked IP","msg":"[SECURITY_EVENT][CRITICAL] blacklisted_ip: Attempted access from blocked IP"}
{"level":"warn","time":1768693590247,"name":"BobyWorld","version":"0.1.0","env":"test","args":[{"type":"blacklisted_ip","severity":"critical","score":100,"description":"Attempted access from blocked IP","evidence":{"ip":"192.168.1.1","timestamp":"2026-01-17T23:46:29.888Z"},"ip":"192.168.1.1","endpoint":"/api/attack","timestamp":1768693589888}],"msg":"[AdvancedRateLimiter] Suspicious activity:","msg":"[AdvancedRateLimiter] Suspicious activity:"}
{"level":"warn","time":1768693590509,"name":"BobyWorld","version":"0.1.0","env":"test","args":[{"ip":"192.168.1.1","timestamp":"2026-01-17T23:46:30.509Z"}],"msg":"[SECURITY_EVENT][CRITICAL] blacklisted_ip: Attempted access from blocked IP","msg":"[SECURITY_EVENT][CRITICAL] blacklisted_ip: Attempted access from blocked IP"}
{"level":"warn","time":1768693590881,"name":"BobyWorld","version":"0.1.0","env":"test","args":[{"type":"blacklisted_ip","severity":"critical","score":100,"description":"Attempted access from blocked IP","evidence":{"ip":"192.168.1.1","timestamp":"2026-01-17T23:46:30.509Z"},"ip":"192.168.1.1","endpoint":"/api/attack","timestamp":1768693590509}],"msg":"[AdvancedRateLimiter] Suspicious activity:","msg":"[AdvancedRateLimiter] Suspicious activity:"}
{"level":"warn","time":1768693591122,"name":"BobyWorld","version":"0.1.0","env":"test","args":[{"ip":"192.168.1.1","timestamp":"2026-01-17T23:46:31.122Z"}],"msg":"[SECURITY_EVENT][CRITICAL] blacklisted_ip: Attempted access from blocked IP","msg":"[SECURITY_EVENT][CRITICAL] blacklisted_ip: Attempted access from blocked IP"}
{"level":"warn","time":1768693591742,"name":"BobyWorld","version":"0.1.0","env":"test","args":[{"type":"blacklisted_ip","severity":"critical","score":100,"description":"Attempted access from blocked IP","evidence":{"ip":"192.168.1.1","timestamp":"2026-01-17T23:46:31.122Z"},"ip":"192.168.1.1","endpoint":"/api/attack","timestamp":1768693591122}],"msg":"[AdvancedRateLimiter] Suspicious activity:","msg":"[AdvancedRateLimiter] Suspicious activity:"}
{"level":"warn","time":1768693592153,"name":"BobyWorld","version":"0.1.0","env":"test","args":[{"ip":"192.168.1.1","timestamp":"2026-01-17T23:46:32.153Z"}],"msg":"[SECURITY_EVENT][CRITICAL] blacklisted_ip: Attempted access from blocked IP","msg":"[SECURITY_EVENT][CRITICAL] blacklisted_ip: Attempted access from blocked IP"}
{"level":"warn","time":1768693592664,"name":"BobyWorld","version":"0.1.0","env":"test","args":[{"type":"blacklisted_ip","severity":"critical","score":100,"description":"Attempted access from blocked IP","evidence":{"ip":"192.168.1.1","timestamp":"2026-01-17T23:46:32.153Z"},"ip":"192.168.1.1","endpoint":"/api/attack","timestamp":1768693592153}],"msg":"[AdvancedRateLimiter] Suspicious activity:","msg":"[AdvancedRateLimiter] Suspicious activity:"}
{"level":"warn","time":1768693592971,"name":"BobyWorld","version":"0.1.0","env":"test","args":[{"ip":"192.168.1.1","timestamp":"2026-01-17T23:46:32.971Z"}],"msg":"[SECURITY_EVENT][CRITICAL] blacklisted_ip: Attempted access from blocked IP","msg":"[SECURITY_EVENT][CRITICAL] blacklisted_ip: Attempted access from blocked IP"}
{"level":"warn","time":1768693593486,"name":"BobyWorld","version":"0.1.0","env":"test","args":[{"type":"blacklisted_ip","severity":"critical","score":100,"description":"Attempted access from blocked IP","evidence":{"ip":"192.168.1.1","timestamp":"2026-01-17T23:46:32.971Z"},"ip":"192.168.1.1","endpoint":"/api/attack","timestamp":1768693592971}],"msg":"[AdvancedRateLimiter] Suspicious activity:","msg":"[AdvancedRateLimiter] Suspicious activity:"}
{"level":"warn","time":1768693593722,"name":"BobyWorld","version":"0.1.0","env":"test","args":[{"ip":"192.168.1.1","timestamp":"2026-01-17T23:46:33.722Z"}],"msg":"[SECURITY_EVENT][CRITICAL] blacklisted_ip: Attempted access from blocked IP","msg":"[SECURITY_EVENT][CRITICAL] blacklisted_ip: Attempted access from blocked IP"}
{"level":"warn","time":1768693594092,"name":"BobyWorld","version":"0.1.0","env":"test","args":[{"type":"blacklisted_ip","severity":"critical","score":100,"description":"Attempted access from blocked IP","evidence":{"ip":"192.168.1.1","timestamp":"2026-01-17T23:46:33.722Z"},"ip":"192.168.1.1","endpoint":"/api/attack","timestamp":1768693593722}],"msg":"[AdvancedRateLimiter] Suspicious activity:","msg":"[AdvancedRateLimiter] Suspicious activity:"}
{"level":"warn","time":1768693594349,"name":"BobyWorld","version":"0.1.0","env":"test","args":[{"ip":"192.168.1.1","timestamp":"2026-01-17T23:46:34.348Z"}],"msg":"[SECURITY_EVENT][CRITICAL] blacklisted_ip: Attempted access from blocked IP","msg":"[SECURITY_EVENT][CRITICAL] blacklisted_ip: Attempted access from blocked IP"}
{"level":"warn","time":1768693594717,"name":"BobyWorld","version":"0.1.0","env":"test","args":[{"type":"blacklisted_ip","severity":"critical","score":100,"description":"Attempted access from blocked IP","evidence":{"ip":"192.168.1.1","timestamp":"2026-01-17T23:46:34.348Z"},"ip":"192.168.1.1","endpoint":"/api/attack","timestamp":1768693594349}],"msg":"[AdvancedRateLimiter] Suspicious activity:","msg":"[AdvancedRateLimiter] Suspicious activity:"}
{"level":"warn","time":1768693594957,"name":"BobyWorld","version":"0.1.0","env":"test","args":[{"ip":"192.168.1.1","timestamp":"2026-01-17T23:46:34.957Z"}],"msg":"[SECURITY_EVENT][CRITICAL] blacklisted_ip: Attempted access from blocked IP","msg":"[SECURITY_EVENT][CRITICAL] blacklisted_ip: Attempted access from blocked IP"}
{"level":"warn","time":1768693595322,"name":"BobyWorld","version":"0.1.0","env":"test","args":[{"type":"blacklisted_ip","severity":"critical","score":100,"description":"Attempted access from blocked IP","evidence":{"ip":"192.168.1.1","timestamp":"2026-01-17T23:46:34.957Z"},"ip":"192.168.1.1","endpoint":"/api/attack","timestamp":1768693594957}],"msg":"[AdvancedRateLimiter] Suspicious activity:","msg":"[AdvancedRateLimiter] Suspicious activity:"}
{"level":"warn","time":1768693595559,"name":"BobyWorld","version":"0.1.0","env":"test","args":[{"ip":"192.168.1.1","timestamp":"2026-01-17T23:46:35.559Z"}],"msg":"[SECURITY_EVENT][CRITICAL] blacklisted_ip: Attempted access from blocked IP","msg":"[SECURITY_EVENT][CRITICAL] blacklisted_ip: Attempted access from blocked IP"}
{"level":"warn","time":1768693595922,"name":"BobyWorld","version":"0.1.0","env":"test","args":[{"type":"blacklisted_ip","severity":"critical","score":100,"description":"Attempted access from blocked IP","evidence":{"ip":"192.168.1.1","timestamp":"2026-01-17T23:46:35.559Z"},"ip":"192.168.1.1","endpoint":"/api/attack","timestamp":1768693595559}],"msg":"[AdvancedRateLimiter] Suspicious activity:","msg":"[AdvancedRateLimiter] Suspicious activity:"}
{"level":"warn","time":1768693596167,"name":"BobyWorld","version":"0.1.0","env":"test","args":[{"ip":"192.168.1.1","timestamp":"2026-01-17T23:46:36.167Z"}],"msg":"[SECURITY_EVENT][CRITICAL] blacklisted_ip: Attempted access from blocked IP","msg":"[SECURITY_EVENT][CRITICAL] blacklisted_ip: Attempted access from blocked IP"}
{"level":"warn","time":1768693596548,"name":"BobyWorld","version":"0.1.0","env":"test","args":[{"type":"blacklisted_ip","severity":"critical","score":100,"description":"Attempted access from blocked IP","evidence":{"ip":"192.168.1.1","timestamp":"2026-01-17T23:46:36.167Z"},"ip":"192.168.1.1","endpoint":"/api/attack","timestamp":1768693596167}],"msg":"[AdvancedRateLimiter] Suspicious activity:","msg":"[AdvancedRateLimiter] Suspicious activity:"}
{"level":"warn","time":1768693596792,"name":"BobyWorld","version":"0.1.0","env":"test","args":[{"ip":"192.168.1.1","timestamp":"2026-01-17T23:46:36.792Z"}],"msg":"[SECURITY_EVENT][CRITICAL] blacklisted_ip: Attempted access from blocked IP","msg":"[SECURITY_EVENT][CRITICAL] blacklisted_ip: Attempted access from blocked IP"}
{"level":"warn","time":1768693597272,"name":"BobyWorld","version":"0.1.0","env":"test","args":[{"type":"blacklisted_ip","severity":"critical","score":100,"description":"Attempted access from blocked IP","evidence":{"ip":"192.168.1.1","timestamp":"2026-01-17T23:46:36.792Z"},"ip":"192.168.1.1","endpoint":"/api/attack","timestamp":1768693596792}],"msg":"[AdvancedRateLimiter] Suspicious activity:","msg":"[AdvancedRateLimiter] Suspicious activity:"}
{"level":"warn","time":1768693597681,"name":"BobyWorld","version":"0.1.0","env":"test","args":[{"ip":"192.168.1.1","timestamp":"2026-01-17T23:46:37.681Z"}],"msg":"[SECURITY_EVENT][CRITICAL] blacklisted_ip: Attempted access from blocked IP","msg":"[SECURITY_EVENT][CRITICAL] blacklisted_ip: Attempted access from blocked IP"}
{"level":"warn","time":1768693598296,"name":"BobyWorld","version":"0.1.0","env":"test","args":[{"type":"blacklisted_ip","severity":"critical","score":100,"description":"Attempted access from blocked IP","evidence":{"ip":"192.168.1.1","timestamp":"2026-01-17T23:46:37.681Z"},"ip":"192.168.1.1","endpoint":"/api/attack","timestamp":1768693597681}],"msg":"[AdvancedRateLimiter] Suspicious activity:","msg":"[AdvancedRateLimiter] Suspicious activity:"}
{"level":"warn","time":1768693598705,"name":"BobyWorld","version":"0.1.0","env":"test","args":[{"ip":"192.168.1.1","timestamp":"2026-01-17T23:46:38.705Z"}],"msg":"[SECURITY_EVENT][CRITICAL] blacklisted_ip: Attempted access from blocked IP","msg":"[SECURITY_EVENT][CRITICAL] blacklisted_ip: Attempted access from blocked IP"}
{"level":"warn","time":1768693599218,"name":"BobyWorld","version":"0.1.0","env":"test","args":[{"type":"blacklisted_ip","severity":"critical","score":100,"description":"Attempted access from blocked IP","evidence":{"ip":"192.168.1.1","timestamp":"2026-01-17T23:46:38.705Z"},"ip":"192.168.1.1","endpoint":"/api/attack","timestamp":1768693598705}],"msg":"[AdvancedRateLimiter] Suspicious activity:","msg":"[AdvancedRateLimiter] Suspicious activity:"}
{"level":"warn","time":1768693599627,"name":"BobyWorld","version":"0.1.0","env":"test","args":[{"ip":"192.168.1.1","timestamp":"2026-01-17T23:46:39.627Z"}],"msg":"[SECURITY_EVENT][CRITICAL] blacklisted_ip: Attempted access from blocked IP","msg":"[SECURITY_EVENT][CRITICAL] blacklisted_ip: Attempted access from blocked IP"}
{"level":"warn","time":1768693600225,"name":"BobyWorld","version":"0.1.0","env":"test","args":[{"type":"blacklisted_ip","severity":"critical","score":100,"description":"Attempted access from blocked IP","evidence":{"ip":"192.168.1.1","timestamp":"2026-01-17T23:46:39.627Z"},"ip":"192.168.1.1","endpoint":"/api/attack","timestamp":1768693599627}],"msg":"[AdvancedRateLimiter] Suspicious activity:","msg":"[AdvancedRateLimiter] Suspicious activity:"}
{"level":"warn","time":1768693600549,"name":"BobyWorld","version":"0.1.0","env":"test","args":[{"ip":"192.168.1.1","timestamp":"2026-01-17T23:46:40.548Z"}],"msg":"[SECURITY_EVENT][CRITICAL] blacklisted_ip: Attempted access from blocked IP","msg":"[SECURITY_EVENT][CRITICAL] blacklisted_ip: Attempted access from blocked IP"}
{"level":"warn","time":1768693601113,"name":"BobyWorld","version":"0.1.0","env":"test","args":[{"type":"blacklisted_ip","severity":"critical","score":100,"description":"Attempted access from blocked IP","evidence":{"ip":"192.168.1.1","timestamp":"2026-01-17T23:46:40.548Z"},"ip":"192.168.1.1","endpoint":"/api/attack","timestamp":1768693600549}],"msg":"[AdvancedRateLimiter] Suspicious activity:","msg":"[AdvancedRateLimiter] Suspicious activity:"}
{"level":"warn","time":1768693601471,"name":"BobyWorld","version":"0.1.0","env":"test","args":[{"ip":"192.168.1.1","timestamp":"2026-01-17T23:46:41.471Z"}],"msg":"[SECURITY_EVENT][CRITICAL] blacklisted_ip: Attempted access from blocked IP","msg":"[SECURITY_EVENT][CRITICAL] blacklisted_ip: Attempted access from blocked IP"}
{"level":"warn","time":1768693602085,"name":"BobyWorld","version":"0.1.0","env":"test","args":[{"type":"blacklisted_ip","severity":"critical","score":100,"description":"Attempted access from blocked IP","evidence":{"ip":"192.168.1.1","timestamp":"2026-01-17T23:46:41.471Z"},"ip":"192.168.1.1","endpoint":"/api/attack","timestamp":1768693601471}],"msg":"[AdvancedRateLimiter] Suspicious activity:","msg":"[AdvancedRateLimiter] Suspicious activity:"}
{"level":"warn","time":1768693602453,"name":"BobyWorld","version":"0.1.0","env":"test","args":[{"ip":"192.168.1.1","timestamp":"2026-01-17T23:46:42.453Z"}],"msg":"[SECURITY_EVENT][CRITICAL] blacklisted_ip: Attempted access from blocked IP","msg":"[SECURITY_EVENT][CRITICAL] blacklisted_ip: Attempted access from blocked IP"}
{"level":"warn","time":1768693603011,"name":"BobyWorld","version":"0.1.0","env":"test","args":[{"type":"blacklisted_ip","severity":"critical","score":100,"description":"Attempted access from blocked IP","evidence":{"ip":"192.168.1.1","timestamp":"2026-01-17T23:46:42.453Z"},"ip":"192.168.1.1","endpoint":"/api/attack","timestamp":1768693602453}],"msg":"[AdvancedRateLimiter] Suspicious activity:","msg":"[AdvancedRateLimiter] Suspicious activity:"}
{"level":"warn","time":1768693603356,"name":"BobyWorld","version":"0.1.0","env":"test","args":[{"ip":"192.168.1.1","timestamp":"2026-01-17T23:46:43.356Z"}],"msg":"[SECURITY_EVENT][CRITICAL] blacklisted_ip: Attempted access from blocked IP","msg":"[SECURITY_EVENT][CRITICAL] blacklisted_ip: Attempted access from blocked IP"}
{"level":"warn","time":1768693603943,"name":"BobyWorld","version":"0.1.0","env":"test","args":[{"type":"blacklisted_ip","severity":"critical","score":100,"description":"Attempted access from blocked IP","evidence":{"ip":"192.168.1.1","timestamp":"2026-01-17T23:46:43.356Z"},"ip":"192.168.1.1","endpoint":"/api/attack","timestamp":1768693603357}],"msg":"[AdvancedRateLimiter] Suspicious activity:","msg":"[AdvancedRateLimiter] Suspicious activity:"}
{"level":"warn","time":1768693604290,"name":"BobyWorld","version":"0.1.0","env":"test","args":[{"ip":"192.168.1.1","timestamp":"2026-01-17T23:46:44.290Z"}],"msg":"[SECURITY_EVENT][CRITICAL] blacklisted_ip: Attempted access from blocked IP","msg":"[SECURITY_EVENT][CRITICAL] blacklisted_ip: Attempted access from blocked IP"}
{"level":"warn","time":1768693604761,"name":"BobyWorld","version":"0.1.0","env":"test","args":[{"type":"blacklisted_ip","severity":"critical","score":100,"description":"Attempted access from blocked IP","evidence":{"ip":"192.168.1.1","timestamp":"2026-01-17T23:46:44.290Z"},"ip":"192.168.1.1","endpoint":"/api/attack","timestamp":1768693604290}],"msg":"[AdvancedRateLimiter] Suspicious activity:","msg":"[AdvancedRateLimiter] Suspicious activity:"}
{"level":"warn","time":1768693605109,"name":"BobyWorld","version":"0.1.0","env":"test","args":[{"ip":"192.168.1.1","timestamp":"2026-01-17T23:46:45.109Z"}],"msg":"[SECURITY_EVENT][CRITICAL] blacklisted_ip: Attempted access from blocked IP","msg":"[SECURITY_EVENT][CRITICAL] blacklisted_ip: Attempted access from blocked IP"}
{"level":"warn","time":1768693605668,"name":"BobyWorld","version":"0.1.0","env":"test","args":[{"type":"blacklisted_ip","severity":"critical","score":100,"description":"Attempted access from blocked IP","evidence":{"ip":"192.168.1.1","timestamp":"2026-01-17T23:46:45.109Z"},"ip":"192.168.1.1","endpoint":"/api/attack","timestamp":1768693605109}],"msg":"[AdvancedRateLimiter] Suspicious activity:","msg":"[AdvancedRateLimiter] Suspicious activity:"}
{"level":"warn","time":1768693606014,"name":"BobyWorld","version":"0.1.0","env":"test","args":[{"ip":"192.168.1.1","timestamp":"2026-01-17T23:46:46.014Z"}],"msg":"[SECURITY_EVENT][CRITICAL] blacklisted_ip: Attempted access from blocked IP","msg":"[SECURITY_EVENT][CRITICAL] blacklisted_ip: Attempted access from blocked IP"}
{"level":"warn","time":1768693606472,"name":"BobyWorld","version":"0.1.0","env":"test","args":[{"type":"blacklisted_ip","severity":"critical","score":100,"description":"Attempted access from blocked IP","evidence":{"ip":"192.168.1.1","timestamp":"2026-01-17T23:46:46.014Z"},"ip":"192.168.1.1","endpoint":"/api/attack","timestamp":1768693606014}],"msg":"[AdvancedRateLimiter] Suspicious activity:","msg":"[AdvancedRateLimiter] Suspicious activity:"}
{"level":"warn","time":1768693606829,"name":"BobyWorld","version":"0.1.0","env":"test","args":[{"ip":"192.168.1.1","timestamp":"2026-01-17T23:46:46.829Z"}],"msg":"[SECURITY_EVENT][CRITICAL] blacklisted_ip: Attempted access from blocked IP","msg":"[SECURITY_EVENT][CRITICAL] blacklisted_ip: Attempted access from blocked IP"}
{"level":"warn","time":1768693607385,"name":"BobyWorld","version":"0.1.0","env":"test","args":[{"type":"blacklisted_ip","severity":"critical","score":100,"description":"Attempted access from blocked IP","evidence":{"ip":"192.168.1.1","timestamp":"2026-01-17T23:46:46.829Z"},"ip":"192.168.1.1","endpoint":"/api/attack","timestamp":1768693606829}],"msg":"[AdvancedRateLimiter] Suspicious activity:","msg":"[AdvancedRateLimiter] Suspicious activity:"}
{"level":"warn","time":1768693607731,"name":"BobyWorld","version":"0.1.0","env":"test","args":[{"ip":"192.168.1.1","timestamp":"2026-01-17T23:46:47.731Z"}],"msg":"[SECURITY_EVENT][CRITICAL] blacklisted_ip: Attempted access from blocked IP","msg":"[SECURITY_EVENT][CRITICAL] blacklisted_ip: Attempted access from blocked IP"}
{"level":"error","time":1768693607759,"name":"BobyWorld","version":"0.1.0","env":"test","err":{"type":"Object","message":"Cannot read properties of null (reading 'URL')","stack":"TypeError: Cannot read properties of null (reading 'URL')\n    at new XMLHttpRequestImpl (/home/mohamed/Downloads/Boby-s-World-PROD-main/node_modules/jsdom/lib/jsdom/living/xhr/XMLHttpRequest-impl.js:113:32)\n    at Object.exports.setup (/home/mohamed/Downloads/Boby-s-World-PROD-main/node_modules/jsdom/lib/jsdom/living/generated/XMLHttpRequest.js:62:12)\n    at new XMLHttpRequest (/home/mohamed/Downloads/Boby-s-World-PROD-main/node_modules/jsdom/lib/jsdom/living/generated/XMLHttpRequest.js:99:22)\n    at dispatchXhrRequest (/home/mohamed/Downloads/Boby-s-World-PROD-main/node_modules/axios/lib/adapters/xhr.js:33:19)\n    at new Promise (<anonymous>)\n    at xhr (/home/mohamed/Downloads/Boby-s-World-PROD-main/node_modules/axios/lib/adapters/xhr.js:15:10)\n    at Axios.dispatchRequest (/home/mohamed/Downloads/Boby-s-World-PROD-main/node_modules/axios/lib/core/dispatchRequest.js:51:10)\n    at Axios._request (/home/mohamed/Downloads/Boby-s-World-PROD-main/node_modules/axios/lib/core/Axios.js:185:33)\n    at Axios.request (/home/mohamed/Downloads/Boby-s-World-PROD-main/node_modules/axios/lib/core/Axios.js:40:25)\n    at Axios.httpMethod [as post] (/home/mohamed/Downloads/Boby-s-World-PROD-main/node_modules/axios/lib/core/Axios.js:224:19)\n    at Function.wrap (/home/mohamed/Downloads/Boby-s-World-PROD-main/node_modules/axios/lib/helpers/bind.js:12:15)\n    at sendSlackAlert (/home/mohamed/Downloads/Boby-s-World-PROD-main/src/lib/slack-alert.ts:35:47)\n    at SecurityLogger.logEvent (/home/mohamed/Downloads/Boby-s-World-PROD-main/src/lib/securityLogger.ts:65:50)\n    at AdvancedRateLimiter.logSuspiciousActivity (/home/mohamed/Downloads/Boby-s-World-PROD-main/src/lib/advancedRateLimiter.ts:66:50)\n    at AdvancedRateLimiter.handleBlacklisted (/home/mohamed/Downloads/Boby-s-World-PROD-main/src/lib/advancedRateLimiter.ts:147:20)\n    at AdvancedRateLimiter.checkRateLimit (/home/mohamed/Downloads/Boby-s-World-PROD-main/src/lib/advancedRateLimiter.ts:104:77)\n    at processTicksAndRejections (node:internal/process/task_queues:105:5)\n    at /home/mohamed/Downloads/Boby-s-World-PROD-main/src/tests/utils/securityTestCases.ts:209:28","name":"SerializedError"},"msg":"[SlackAlert] Failed to send Slack alert:","msg":"[SlackAlert] Failed to send Slack alert:"}
{"level":"warn","time":1768693608197,"name":"BobyWorld","version":"0.1.0","env":"test","args":[{"type":"blacklisted_ip","severity":"critical","score":100,"description":"Attempted access from blocked IP","evidence":{"ip":"192.168.1.1","timestamp":"2026-01-17T23:46:47.731Z"},"ip":"192.168.1.1","endpoint":"/api/attack","timestamp":1768693607759}],"msg":"[AdvancedRateLimiter] Suspicious activity:","msg":"[AdvancedRateLimiter] Suspicious activity:"}
{"level":"warn","time":1768693608469,"name":"BobyWorld","version":"0.1.0","env":"test","args":[{"ip":"192.168.1.1","timestamp":"2026-01-17T23:46:48.468Z"}],"msg":"[SECURITY_EVENT][CRITICAL] blacklisted_ip: Attempted access from blocked IP","msg":"[SECURITY_EVENT][CRITICAL] blacklisted_ip: Attempted access from blocked IP"}
{"level":"warn","time":1768693609024,"name":"BobyWorld","version":"0.1.0","env":"test","args":[{"type":"blacklisted_ip","severity":"critical","score":100,"description":"Attempted access from blocked IP","evidence":{"ip":"192.168.1.1","timestamp":"2026-01-17T23:46:48.468Z"},"ip":"192.168.1.1","endpoint":"/api/attack","timestamp":1768693608469}],"msg":"[AdvancedRateLimiter] Suspicious activity:","msg":"[AdvancedRateLimiter] Suspicious activity:"}
{"level":"warn","time":1768693609368,"name":"BobyWorld","version":"0.1.0","env":"test","args":[{"ip":"192.168.1.1","timestamp":"2026-01-17T23:46:49.368Z"}],"msg":"[SECURITY_EVENT][CRITICAL] blacklisted_ip: Attempted access from blocked IP","msg":"[SECURITY_EVENT][CRITICAL] blacklisted_ip: Attempted access from blocked IP"}
{"level":"warn","time":1768693609836,"name":"BobyWorld","version":"0.1.0","env":"test","args":[{"type":"blacklisted_ip","severity":"critical","score":100,"description":"Attempted access from blocked IP","evidence":{"ip":"192.168.1.1","timestamp":"2026-01-17T23:46:49.368Z"},"ip":"192.168.1.1","endpoint":"/api/attack","timestamp":1768693609368}],"msg":"[AdvancedRateLimiter] Suspicious activity:","msg":"[AdvancedRateLimiter] Suspicious activity:"}
{"level":"warn","time":1768693610174,"name":"BobyWorld","version":"0.1.0","env":"test","args":[{"ip":"192.168.1.1","timestamp":"2026-01-17T23:46:50.174Z"}],"msg":"[SECURITY_EVENT][CRITICAL] blacklisted_ip: Attempted access from blocked IP","msg":"[SECURITY_EVENT][CRITICAL] blacklisted_ip: Attempted access from blocked IP"}
{"level":"warn","time":1768693610744,"name":"BobyWorld","version":"0.1.0","env":"test","args":[{"type":"blacklisted_ip","severity":"critical","score":100,"description":"Attempted access from blocked IP","evidence":{"ip":"192.168.1.1","timestamp":"2026-01-17T23:46:50.174Z"},"ip":"192.168.1.1","endpoint":"/api/attack","timestamp":1768693610174}],"msg":"[AdvancedRateLimiter] Suspicious activity:","msg":"[AdvancedRateLimiter] Suspicious activity:"}
{"level":"warn","time":1768693611089,"name":"BobyWorld","version":"0.1.0","env":"test","args":[{"ip":"192.168.1.1","timestamp":"2026-01-17T23:46:51.088Z"}],"msg":"[SECURITY_EVENT][CRITICAL] blacklisted_ip: Attempted access from blocked IP","msg":"[SECURITY_EVENT][CRITICAL] blacklisted_ip: Attempted access from blocked IP"}
{"level":"warn","time":1768693611552,"name":"BobyWorld","version":"0.1.0","env":"test","args":[{"type":"blacklisted_ip","severity":"critical","score":100,"description":"Attempted access from blocked IP","evidence":{"ip":"192.168.1.1","timestamp":"2026-01-17T23:46:51.088Z"},"ip":"192.168.1.1","endpoint":"/api/attack","timestamp":1768693611089}],"msg":"[AdvancedRateLimiter] Suspicious activity:","msg":"[AdvancedRateLimiter] Suspicious activity:"}
{"level":"warn","time":1768693611909,"name":"BobyWorld","version":"0.1.0","env":"test","args":[{"ip":"192.168.1.1","timestamp":"2026-01-17T23:46:51.909Z"}],"msg":"[SECURITY_EVENT][CRITICAL] blacklisted_ip: Attempted access from blocked IP","msg":"[SECURITY_EVENT][CRITICAL] blacklisted_ip: Attempted access from blocked IP"}
{"level":"warn","time":1768693612464,"name":"BobyWorld","version":"0.1.0","env":"test","args":[{"type":"blacklisted_ip","severity":"critical","score":100,"description":"Attempted access from blocked IP","evidence":{"ip":"192.168.1.1","timestamp":"2026-01-17T23:46:51.909Z"},"ip":"192.168.1.1","endpoint":"/api/attack","timestamp":1768693611909}],"msg":"[AdvancedRateLimiter] Suspicious activity:","msg":"[AdvancedRateLimiter] Suspicious activity:"}
{"level":"warn","time":1768693612810,"name":"BobyWorld","version":"0.1.0","env":"test","args":[{"ip":"192.168.1.1","timestamp":"2026-01-17T23:46:52.810Z"}],"msg":"[SECURITY_EVENT][CRITICAL] blacklisted_ip: Attempted access from blocked IP","msg":"[SECURITY_EVENT][CRITICAL] blacklisted_ip: Attempted access from blocked IP"}
{"level":"warn","time":1768693613321,"name":"BobyWorld","version":"0.1.0","env":"test","args":[{"type":"blacklisted_ip","severity":"critical","score":100,"description":"Attempted access from blocked IP","evidence":{"ip":"192.168.1.1","timestamp":"2026-01-17T23:46:52.810Z"},"ip":"192.168.1.1","endpoint":"/api/attack","timestamp":1768693612810}],"msg":"[AdvancedRateLimiter] Suspicious activity:","msg":"[AdvancedRateLimiter] Suspicious activity:"}
{"level":"warn","time":1768693613628,"name":"BobyWorld","version":"0.1.0","env":"test","args":[{"ip":"192.168.1.1","timestamp":"2026-01-17T23:46:53.628Z"}],"msg":"[SECURITY_EVENT][CRITICAL] blacklisted_ip: Attempted access from blocked IP","msg":"[SECURITY_EVENT][CRITICAL] blacklisted_ip: Attempted access from blocked IP"}
{"level":"warn","time":1768693614092,"name":"BobyWorld","version":"0.1.0","env":"test","args":[{"type":"blacklisted_ip","severity":"critical","score":100,"description":"Attempted access from blocked IP","evidence":{"ip":"192.168.1.1","timestamp":"2026-01-17T23:46:53.628Z"},"ip":"192.168.1.1","endpoint":"/api/attack","timestamp":1768693613629}],"msg":"[AdvancedRateLimiter] Suspicious activity:","msg":"[AdvancedRateLimiter] Suspicious activity:"}
{"level":"warn","time":1768693614358,"name":"BobyWorld","version":"0.1.0","env":"test","args":[{"ip":"192.168.1.1","timestamp":"2026-01-17T23:46:54.358Z"}],"msg":"[SECURITY_EVENT][CRITICAL] blacklisted_ip: Attempted access from blocked IP","msg":"[SECURITY_EVENT][CRITICAL] blacklisted_ip: Attempted access from blocked IP"}
{"level":"warn","time":1768693614727,"name":"BobyWorld","version":"0.1.0","env":"test","args":[{"type":"blacklisted_ip","severity":"critical","score":100,"description":"Attempted access from blocked IP","evidence":{"ip":"192.168.1.1","timestamp":"2026-01-17T23:46:54.358Z"},"ip":"192.168.1.1","endpoint":"/api/attack","timestamp":1768693614358}],"msg":"[AdvancedRateLimiter] Suspicious activity:","msg":"[AdvancedRateLimiter] Suspicious activity:"}
{"level":"warn","time":1768693614988,"name":"BobyWorld","version":"0.1.0","env":"test","args":[{"ip":"192.168.1.1","timestamp":"2026-01-17T23:46:54.988Z"}],"msg":"[SECURITY_EVENT][CRITICAL] blacklisted_ip: Attempted access from blocked IP","msg":"[SECURITY_EVENT][CRITICAL] blacklisted_ip: Attempted access from blocked IP"}
{"level":"warn","time":1768693615499,"name":"BobyWorld","version":"0.1.0","env":"test","args":[{"type":"blacklisted_ip","severity":"critical","score":100,"description":"Attempted access from blocked IP","evidence":{"ip":"192.168.1.1","timestamp":"2026-01-17T23:46:54.988Z"},"ip":"192.168.1.1","endpoint":"/api/attack","timestamp":1768693614989}],"msg":"[AdvancedRateLimiter] Suspicious activity:","msg":"[AdvancedRateLimiter] Suspicious activity:"}
{"level":"warn","time":1768693615908,"name":"BobyWorld","version":"0.1.0","env":"test","args":[{"ip":"192.168.1.1","timestamp":"2026-01-17T23:46:55.908Z"}],"msg":"[SECURITY_EVENT][CRITICAL] blacklisted_ip: Attempted access from blocked IP","msg":"[SECURITY_EVENT][CRITICAL] blacklisted_ip: Attempted access from blocked IP"}
{"level":"warn","time":1768693616523,"name":"BobyWorld","version":"0.1.0","env":"test","args":[{"type":"blacklisted_ip","severity":"critical","score":100,"description":"Attempted access from blocked IP","evidence":{"ip":"192.168.1.1","timestamp":"2026-01-17T23:46:55.908Z"},"ip":"192.168.1.1","endpoint":"/api/attack","timestamp":1768693615908}],"msg":"[AdvancedRateLimiter] Suspicious activity:","msg":"[AdvancedRateLimiter] Suspicious activity:"}
{"level":"warn","time":1768693616847,"name":"BobyWorld","version":"0.1.0","env":"test","args":[{"ip":"192.168.1.1","timestamp":"2026-01-17T23:46:56.847Z"}],"msg":"[SECURITY_EVENT][CRITICAL] blacklisted_ip: Attempted access from blocked IP","msg":"[SECURITY_EVENT][CRITICAL] blacklisted_ip: Attempted access from blocked IP"}
{"level":"warn","time":1768693617321,"name":"BobyWorld","version":"0.1.0","env":"test","args":[{"type":"blacklisted_ip","severity":"critical","score":100,"description":"Attempted access from blocked IP","evidence":{"ip":"192.168.1.1","timestamp":"2026-01-17T23:46:56.847Z"},"ip":"192.168.1.1","endpoint":"/api/attack","timestamp":1768693616847}],"msg":"[AdvancedRateLimiter] Suspicious activity:","msg":"[AdvancedRateLimiter] Suspicious activity:"}
{"level":"warn","time":1768693617649,"name":"BobyWorld","version":"0.1.0","env":"test","args":[{"ip":"192.168.1.1","timestamp":"2026-01-17T23:46:57.649Z"}],"msg":"[SECURITY_EVENT][CRITICAL] blacklisted_ip: Attempted access from blocked IP","msg":"[SECURITY_EVENT][CRITICAL] blacklisted_ip: Attempted access from blocked IP"}
{"level":"warn","time":1768693618263,"name":"BobyWorld","version":"0.1.0","env":"test","args":[{"type":"blacklisted_ip","severity":"critical","score":100,"description":"Attempted access from blocked IP","evidence":{"ip":"192.168.1.1","timestamp":"2026-01-17T23:46:57.649Z"},"ip":"192.168.1.1","endpoint":"/api/attack","timestamp":1768693617649}],"msg":"[AdvancedRateLimiter] Suspicious activity:","msg":"[AdvancedRateLimiter] Suspicious activity:"}
{"level":"warn","time":1768693618571,"name":"BobyWorld","version":"0.1.0","env":"test","args":[{"ip":"192.168.1.1","timestamp":"2026-01-17T23:46:58.571Z"}],"msg":"[SECURITY_EVENT][CRITICAL] blacklisted_ip: Attempted access from blocked IP","msg":"[SECURITY_EVENT][CRITICAL] blacklisted_ip: Attempted access from blocked IP"}
{"level":"warn","time":1768693619162,"name":"BobyWorld","version":"0.1.0","env":"test","args":[{"type":"blacklisted_ip","severity":"critical","score":100,"description":"Attempted access from blocked IP","evidence":{"ip":"192.168.1.1","timestamp":"2026-01-17T23:46:58.571Z"},"ip":"192.168.1.1","endpoint":"/api/attack","timestamp":1768693618572}],"msg":"[AdvancedRateLimiter] Suspicious activity:","msg":"[AdvancedRateLimiter] Suspicious activity:"}
{"level":"warn","time":1768693619492,"name":"BobyWorld","version":"0.1.0","env":"test","args":[{"ip":"192.168.1.1","timestamp":"2026-01-17T23:46:59.492Z"}],"msg":"[SECURITY_EVENT][CRITICAL] blacklisted_ip: Attempted access from blocked IP","msg":"[SECURITY_EVENT][CRITICAL] blacklisted_ip: Attempted access from blocked IP"}
{"level":"warn","time":1768693620005,"name":"BobyWorld","version":"0.1.0","env":"test","args":[{"type":"blacklisted_ip","severity":"critical","score":100,"description":"Attempted access from blocked IP","evidence":{"ip":"192.168.1.1","timestamp":"2026-01-17T23:46:59.492Z"},"ip":"192.168.1.1","endpoint":"/api/attack","timestamp":1768693619493}],"msg":"[AdvancedRateLimiter] Suspicious activity:","msg":"[AdvancedRateLimiter] Suspicious activity:"}
{"level":"warn","time":1768693620414,"name":"BobyWorld","version":"0.1.0","env":"test","args":[{"ip":"192.168.1.1","timestamp":"2026-01-17T23:47:00.414Z"}],"msg":"[SECURITY_EVENT][CRITICAL] blacklisted_ip: Attempted access from blocked IP","msg":"[SECURITY_EVENT][CRITICAL] blacklisted_ip: Attempted access from blocked IP"}
{"level":"warn","time":1768693621030,"name":"BobyWorld","version":"0.1.0","env":"test","args":[{"type":"blacklisted_ip","severity":"critical","score":100,"description":"Attempted access from blocked IP","evidence":{"ip":"192.168.1.1","timestamp":"2026-01-17T23:47:00.414Z"},"ip":"192.168.1.1","endpoint":"/api/attack","timestamp":1768693620414}],"msg":"[AdvancedRateLimiter] Suspicious activity:","msg":"[AdvancedRateLimiter] Suspicious activity:"}
{"level":"warn","time":1768693621318,"name":"BobyWorld","version":"0.1.0","env":"test","args":[{"ip":"192.168.1.1","timestamp":"2026-01-17T23:47:01.317Z"}],"msg":"[SECURITY_EVENT][CRITICAL] blacklisted_ip: Attempted access from blocked IP","msg":"[SECURITY_EVENT][CRITICAL] blacklisted_ip: Attempted access from blocked IP"}
{"level":"warn","time":1768693621682,"name":"BobyWorld","version":"0.1.0","env":"test","args":[{"type":"blacklisted_ip","severity":"critical","score":100,"description":"Attempted access from blocked IP","evidence":{"ip":"192.168.1.1","timestamp":"2026-01-17T23:47:01.317Z"},"ip":"192.168.1.1","endpoint":"/api/attack","timestamp":1768693621318}],"msg":"[AdvancedRateLimiter] Suspicious activity:","msg":"[AdvancedRateLimiter] Suspicious activity:"}
{"level":"warn","time":1768693621919,"name":"BobyWorld","version":"0.1.0","env":"test","args":[{"ip":"192.168.1.1","timestamp":"2026-01-17T23:47:01.919Z"}],"msg":"[SECURITY_EVENT][CRITICAL] blacklisted_ip: Attempted access from blocked IP","msg":"[SECURITY_EVENT][CRITICAL] blacklisted_ip: Attempted access from blocked IP"}
{"level":"warn","time":1768693622281,"name":"BobyWorld","version":"0.1.0","env":"test","args":[{"type":"blacklisted_ip","severity":"critical","score":100,"description":"Attempted access from blocked IP","evidence":{"ip":"192.168.1.1","timestamp":"2026-01-17T23:47:01.919Z"},"ip":"192.168.1.1","endpoint":"/api/attack","timestamp":1768693621919}],"msg":"[AdvancedRateLimiter] Suspicious activity:","msg":"[AdvancedRateLimiter] Suspicious activity:"}
{"level":"warn","time":1768693622532,"name":"BobyWorld","version":"0.1.0","env":"test","args":[{"ip":"192.168.1.1","timestamp":"2026-01-17T23:47:02.532Z"}],"msg":"[SECURITY_EVENT][CRITICAL] blacklisted_ip: Attempted access from blocked IP","msg":"[SECURITY_EVENT][CRITICAL] blacklisted_ip: Attempted access from blocked IP"}
{"level":"warn","time":1768693622891,"name":"BobyWorld","version":"0.1.0","env":"test","args":[{"type":"blacklisted_ip","severity":"critical","score":100,"description":"Attempted access from blocked IP","evidence":{"ip":"192.168.1.1","timestamp":"2026-01-17T23:47:02.532Z"},"ip":"192.168.1.1","endpoint":"/api/attack","timestamp":1768693622532}],"msg":"[AdvancedRateLimiter] Suspicious activity:","msg":"[AdvancedRateLimiter] Suspicious activity:"}
{"level":"warn","time":1768693623132,"name":"BobyWorld","version":"0.1.0","env":"test","args":[{"ip":"192.168.1.1","timestamp":"2026-01-17T23:47:03.132Z"}],"msg":"[SECURITY_EVENT][CRITICAL] blacklisted_ip: Attempted access from blocked IP","msg":"[SECURITY_EVENT][CRITICAL] blacklisted_ip: Attempted access from blocked IP"}
{"level":"warn","time":1768693623508,"name":"BobyWorld","version":"0.1.0","env":"test","args":[{"type":"blacklisted_ip","severity":"critical","score":100,"description":"Attempted access from blocked IP","evidence":{"ip":"192.168.1.1","timestamp":"2026-01-17T23:47:03.132Z"},"ip":"192.168.1.1","endpoint":"/api/attack","timestamp":1768693623132}],"msg":"[AdvancedRateLimiter] Suspicious activity:","msg":"[AdvancedRateLimiter] Suspicious activity:"}
{"level":"warn","time":1768693623751,"name":"BobyWorld","version":"0.1.0","env":"test","args":[{"ip":"192.168.1.1","timestamp":"2026-01-17T23:47:03.751Z"}],"msg":"[SECURITY_EVENT][CRITICAL] blacklisted_ip: Attempted access from blocked IP","msg":"[SECURITY_EVENT][CRITICAL] blacklisted_ip: Attempted access from blocked IP"}
{"level":"warn","time":1768693624117,"name":"BobyWorld","version":"0.1.0","env":"test","args":[{"type":"blacklisted_ip","severity":"critical","score":100,"description":"Attempted access from blocked IP","evidence":{"ip":"192.168.1.1","timestamp":"2026-01-17T23:47:03.751Z"},"ip":"192.168.1.1","endpoint":"/api/attack","timestamp":1768693623751}],"msg":"[AdvancedRateLimiter] Suspicious activity:","msg":"[AdvancedRateLimiter] Suspicious activity:"}
{"level":"warn","time":1768693624367,"name":"BobyWorld","version":"0.1.0","env":"test","args":[{"ip":"192.168.1.1","timestamp":"2026-01-17T23:47:04.367Z"}],"msg":"[SECURITY_EVENT][CRITICAL] blacklisted_ip: Attempted access from blocked IP","msg":"[SECURITY_EVENT][CRITICAL] blacklisted_ip: Attempted access from blocked IP"}
{"level":"warn","time":1768693624752,"name":"BobyWorld","version":"0.1.0","env":"test","args":[{"type":"blacklisted_ip","severity":"critical","score":100,"description":"Attempted access from blocked IP","evidence":{"ip":"192.168.1.1","timestamp":"2026-01-17T23:47:04.367Z"},"ip":"192.168.1.1","endpoint":"/api/attack","timestamp":1768693624367}],"msg":"[AdvancedRateLimiter] Suspicious activity:","msg":"[AdvancedRateLimiter] Suspicious activity:"}
{"level":"warn","time":1768693624997,"name":"BobyWorld","version":"0.1.0","env":"test","args":[{"ip":"192.168.1.1","timestamp":"2026-01-17T23:47:04.997Z"}],"msg":"[SECURITY_EVENT][CRITICAL] blacklisted_ip: Attempted access from blocked IP","msg":"[SECURITY_EVENT][CRITICAL] blacklisted_ip: Attempted access from blocked IP"}
{"level":"warn","time":1768693625534,"name":"BobyWorld","version":"0.1.0","env":"test","args":[{"type":"blacklisted_ip","severity":"critical","score":100,"description":"Attempted access from blocked IP","evidence":{"ip":"192.168.1.1","timestamp":"2026-01-17T23:47:04.997Z"},"ip":"192.168.1.1","endpoint":"/api/attack","timestamp":1768693624997}],"msg":"[AdvancedRateLimiter] Suspicious activity:","msg":"[AdvancedRateLimiter] Suspicious activity:"}
{"level":"warn","time":1768693625944,"name":"BobyWorld","version":"0.1.0","env":"test","args":[{"ip":"192.168.1.1","timestamp":"2026-01-17T23:47:05.944Z"}],"msg":"[SECURITY_EVENT][CRITICAL] blacklisted_ip: Attempted access from blocked IP","msg":"[SECURITY_EVENT][CRITICAL] blacklisted_ip: Attempted access from blocked IP"}
{"level":"warn","time":1768693626559,"name":"BobyWorld","version":"0.1.0","env":"test","args":[{"type":"blacklisted_ip","severity":"critical","score":100,"description":"Attempted access from blocked IP","evidence":{"ip":"192.168.1.1","timestamp":"2026-01-17T23:47:05.944Z"},"ip":"192.168.1.1","endpoint":"/api/attack","timestamp":1768693625944}],"msg":"[AdvancedRateLimiter] Suspicious activity:","msg":"[AdvancedRateLimiter] Suspicious activity:"}
{"level":"warn","time":1768693626968,"name":"BobyWorld","version":"0.1.0","env":"test","args":[{"ip":"192.168.1.1","timestamp":"2026-01-17T23:47:06.968Z"}],"msg":"[SECURITY_EVENT][CRITICAL] blacklisted_ip: Attempted access from blocked IP","msg":"[SECURITY_EVENT][CRITICAL] blacklisted_ip: Attempted access from blocked IP"}
{"level":"warn","time":1768693627332,"name":"BobyWorld","version":"0.1.0","env":"test","args":[{"type":"blacklisted_ip","severity":"critical","score":100,"description":"Attempted access from blocked IP","evidence":{"ip":"192.168.1.1","timestamp":"2026-01-17T23:47:06.968Z"},"ip":"192.168.1.1","endpoint":"/api/attack","timestamp":1768693626968}],"msg":"[AdvancedRateLimiter] Suspicious activity:","msg":"[AdvancedRateLimiter] Suspicious activity:"}
{"level":"warn","time":1768693627588,"name":"BobyWorld","version":"0.1.0","env":"test","args":[{"ip":"192.168.1.1","timestamp":"2026-01-17T23:47:07.588Z"}],"msg":"[SECURITY_EVENT][CRITICAL] blacklisted_ip: Attempted access from blocked IP","msg":"[SECURITY_EVENT][CRITICAL] blacklisted_ip: Attempted access from blocked IP"}
{"level":"warn","time":1768693627954,"name":"BobyWorld","version":"0.1.0","env":"test","args":[{"type":"blacklisted_ip","severity":"critical","score":100,"description":"Attempted access from blocked IP","evidence":{"ip":"192.168.1.1","timestamp":"2026-01-17T23:47:07.588Z"},"ip":"192.168.1.1","endpoint":"/api/attack","timestamp":1768693627588}],"msg":"[AdvancedRateLimiter] Suspicious activity:","msg":"[AdvancedRateLimiter] Suspicious activity:"}
{"level":"warn","time":1768693628193,"name":"BobyWorld","version":"0.1.0","env":"test","args":[{"ip":"192.168.1.1","timestamp":"2026-01-17T23:47:08.193Z"}],"msg":"[SECURITY_EVENT][CRITICAL] blacklisted_ip: Attempted access from blocked IP","msg":"[SECURITY_EVENT][CRITICAL] blacklisted_ip: Attempted access from blocked IP"}
{"level":"warn","time":1768693628558,"name":"BobyWorld","version":"0.1.0","env":"test","args":[{"type":"blacklisted_ip","severity":"critical","score":100,"description":"Attempted access from blocked IP","evidence":{"ip":"192.168.1.1","timestamp":"2026-01-17T23:47:08.193Z"},"ip":"192.168.1.1","endpoint":"/api/attack","timestamp":1768693628193}],"msg":"[AdvancedRateLimiter] Suspicious activity:","msg":"[AdvancedRateLimiter] Suspicious activity:"}
{"level":"warn","time":1768693628808,"name":"BobyWorld","version":"0.1.0","env":"test","args":[{"ip":"192.168.1.1","timestamp":"2026-01-17T23:47:08.808Z"}],"msg":"[SECURITY_EVENT][CRITICAL] blacklisted_ip: Attempted access from blocked IP","msg":"[SECURITY_EVENT][CRITICAL] blacklisted_ip: Attempted access from blocked IP"}
{"level":"warn","time":1768693629220,"name":"BobyWorld","version":"0.1.0","env":"test","args":[{"type":"blacklisted_ip","severity":"critical","score":100,"description":"Attempted access from blocked IP","evidence":{"ip":"192.168.1.1","timestamp":"2026-01-17T23:47:08.808Z"},"ip":"192.168.1.1","endpoint":"/api/attack","timestamp":1768693628809}],"msg":"[AdvancedRateLimiter] Suspicious activity:","msg":"[AdvancedRateLimiter] Suspicious activity:"}
{"level":"warn","time":1768693629594,"name":"BobyWorld","version":"0.1.0","env":"test","args":[{"ip":"192.168.1.1","timestamp":"2026-01-17T23:47:09.594Z"}],"msg":"[SECURITY_EVENT][CRITICAL] blacklisted_ip: Attempted access from blocked IP","msg":"[SECURITY_EVENT][CRITICAL] blacklisted_ip: Attempted access from blocked IP"}
{"level":"warn","time":1768693630142,"name":"BobyWorld","version":"0.1.0","env":"test","args":[{"type":"blacklisted_ip","severity":"critical","score":100,"description":"Attempted access from blocked IP","evidence":{"ip":"192.168.1.1","timestamp":"2026-01-17T23:47:09.594Z"},"ip":"192.168.1.1","endpoint":"/api/attack","timestamp":1768693629594}],"msg":"[AdvancedRateLimiter] Suspicious activity:","msg":"[AdvancedRateLimiter] Suspicious activity:"}
{"level":"warn","time":1768693630552,"name":"BobyWorld","version":"0.1.0","env":"test","args":[{"ip":"192.168.1.1","timestamp":"2026-01-17T23:47:10.552Z"}],"msg":"[SECURITY_EVENT][CRITICAL] blacklisted_ip: Attempted access from blocked IP","msg":"[SECURITY_EVENT][CRITICAL] blacklisted_ip: Attempted access from blocked IP"}
{"level":"warn","time":1768693631069,"name":"BobyWorld","version":"0.1.0","env":"test","args":[{"type":"blacklisted_ip","severity":"critical","score":100,"description":"Attempted access from blocked IP","evidence":{"ip":"192.168.1.1","timestamp":"2026-01-17T23:47:10.552Z"},"ip":"192.168.1.1","endpoint":"/api/attack","timestamp":1768693630553}],"msg":"[AdvancedRateLimiter] Suspicious activity:","msg":"[AdvancedRateLimiter] Suspicious activity:"}
{"level":"warn","time":1768693631473,"name":"BobyWorld","version":"0.1.0","env":"test","args":[{"ip":"192.168.1.1","timestamp":"2026-01-17T23:47:11.473Z"}],"msg":"[SECURITY_EVENT][CRITICAL] blacklisted_ip: Attempted access from blocked IP","msg":"[SECURITY_EVENT][CRITICAL] blacklisted_ip: Attempted access from blocked IP"}
{"level":"warn","time":1768693632064,"name":"BobyWorld","version":"0.1.0","env":"test","args":[{"type":"blacklisted_ip","severity":"critical","score":100,"description":"Attempted access from blocked IP","evidence":{"ip":"192.168.1.1","timestamp":"2026-01-17T23:47:11.473Z"},"ip":"192.168.1.1","endpoint":"/api/attack","timestamp":1768693631473}],"msg":"[AdvancedRateLimiter] Suspicious activity:","msg":"[AdvancedRateLimiter] Suspicious activity:"}
{"level":"warn","time":1768693632309,"name":"BobyWorld","version":"0.1.0","env":"test","args":[{"ip":"192.168.1.1","timestamp":"2026-01-17T23:47:12.309Z"}],"msg":"[SECURITY_EVENT][CRITICAL] blacklisted_ip: Attempted access from blocked IP","msg":"[SECURITY_EVENT][CRITICAL] blacklisted_ip: Attempted access from blocked IP"}
{"level":"warn","time":1768693632909,"name":"BobyWorld","version":"0.1.0","env":"test","args":[{"type":"blacklisted_ip","severity":"critical","score":100,"description":"Attempted access from blocked IP","evidence":{"ip":"192.168.1.1","timestamp":"2026-01-17T23:47:12.309Z"},"ip":"192.168.1.1","endpoint":"/api/attack","timestamp":1768693632309}],"msg":"[AdvancedRateLimiter] Suspicious activity:","msg":"[AdvancedRateLimiter] Suspicious activity:"}
{"level":"warn","time":1768693633277,"name":"BobyWorld","version":"0.1.0","env":"test","args":[{"ip":"192.168.1.1","timestamp":"2026-01-17T23:47:13.277Z"}],"msg":"[SECURITY_EVENT][CRITICAL] blacklisted_ip: Attempted access from blocked IP","msg":"[SECURITY_EVENT][CRITICAL] blacklisted_ip: Attempted access from blocked IP"}
{"level":"warn","time":1768693633668,"name":"BobyWorld","version":"0.1.0","env":"test","args":[{"type":"blacklisted_ip","severity":"critical","score":100,"description":"Attempted access from blocked IP","evidence":{"ip":"192.168.1.1","timestamp":"2026-01-17T23:47:13.277Z"},"ip":"192.168.1.1","endpoint":"/api/attack","timestamp":1768693633277}],"msg":"[AdvancedRateLimiter] Suspicious activity:","msg":"[AdvancedRateLimiter] Suspicious activity:"}
{"level":"warn","time":1768693633909,"name":"BobyWorld","version":"0.1.0","env":"test","args":[{"ip":"192.168.1.1","timestamp":"2026-01-17T23:47:13.909Z"}],"msg":"[SECURITY_EVENT][CRITICAL] blacklisted_ip: Attempted access from blocked IP","msg":"[SECURITY_EVENT][CRITICAL] blacklisted_ip: Attempted access from blocked IP"}
{"level":"warn","time":1768693634276,"name":"BobyWorld","version":"0.1.0","env":"test","args":[{"type":"blacklisted_ip","severity":"critical","score":100,"description":"Attempted access from blocked IP","evidence":{"ip":"192.168.1.1","timestamp":"2026-01-17T23:47:13.909Z"},"ip":"192.168.1.1","endpoint":"/api/attack","timestamp":1768693633909}],"msg":"[AdvancedRateLimiter] Suspicious activity:","msg":"[AdvancedRateLimiter] Suspicious activity:"}
{"level":"warn","time":1768693634511,"name":"BobyWorld","version":"0.1.0","env":"test","args":[{"ip":"192.168.1.1","timestamp":"2026-01-17T23:47:14.511Z"}],"msg":"[SECURITY_EVENT][CRITICAL] blacklisted_ip: Attempted access from blocked IP","msg":"[SECURITY_EVENT][CRITICAL] blacklisted_ip: Attempted access from blocked IP"}
{"level":"warn","time":1768693634883,"name":"BobyWorld","version":"0.1.0","env":"test","args":[{"type":"blacklisted_ip","severity":"critical","score":100,"description":"Attempted access from blocked IP","evidence":{"ip":"192.168.1.1","timestamp":"2026-01-17T23:47:14.511Z"},"ip":"192.168.1.1","endpoint":"/api/attack","timestamp":1768693634511}],"msg":"[AdvancedRateLimiter] Suspicious activity:","msg":"[AdvancedRateLimiter] Suspicious activity:"}
{"level":"warn","time":1768693635122,"name":"BobyWorld","version":"0.1.0","env":"test","args":[{"ip":"192.168.1.1","timestamp":"2026-01-17T23:47:15.122Z"}],"msg":"[SECURITY_EVENT][CRITICAL] blacklisted_ip: Attempted access from blocked IP","msg":"[SECURITY_EVENT][CRITICAL] blacklisted_ip: Attempted access from blocked IP"}
{"level":"warn","time":1768693635487,"name":"BobyWorld","version":"0.1.0","env":"test","args":[{"type":"blacklisted_ip","severity":"critical","score":100,"description":"Attempted access from blocked IP","evidence":{"ip":"192.168.1.1","timestamp":"2026-01-17T23:47:15.122Z"},"ip":"192.168.1.1","endpoint":"/api/attack","timestamp":1768693635122}],"msg":"[AdvancedRateLimiter] Suspicious activity:","msg":"[AdvancedRateLimiter] Suspicious activity:"}
{"level":"warn","time":1768693635727,"name":"BobyWorld","version":"0.1.0","env":"test","args":[{"ip":"192.168.1.1","timestamp":"2026-01-17T23:47:15.727Z"}],"msg":"[SECURITY_EVENT][CRITICAL] blacklisted_ip: Attempted access from blocked IP","msg":"[SECURITY_EVENT][CRITICAL] blacklisted_ip: Attempted access from blocked IP"}
{"level":"warn","time":1768693636116,"name":"BobyWorld","version":"0.1.0","env":"test","args":[{"type":"blacklisted_ip","severity":"critical","score":100,"description":"Attempted access from blocked IP","evidence":{"ip":"192.168.1.1","timestamp":"2026-01-17T23:47:15.727Z"},"ip":"192.168.1.1","endpoint":"/api/attack","timestamp":1768693635727}],"msg":"[AdvancedRateLimiter] Suspicious activity:","msg":"[AdvancedRateLimiter] Suspicious activity:"}
{"level":"warn","time":1768693636359,"name":"BobyWorld","version":"0.1.0","env":"test","args":[{"ip":"192.168.1.1","timestamp":"2026-01-17T23:47:16.359Z"}],"msg":"[SECURITY_EVENT][CRITICAL] blacklisted_ip: Attempted access from blocked IP","msg":"[SECURITY_EVENT][CRITICAL] blacklisted_ip: Attempted access from blocked IP"}
{"level":"warn","time":1768693636722,"name":"BobyWorld","version":"0.1.0","env":"test","args":[{"type":"blacklisted_ip","severity":"critical","score":100,"description":"Attempted access from blocked IP","evidence":{"ip":"192.168.1.1","timestamp":"2026-01-17T23:47:16.359Z"},"ip":"192.168.1.1","endpoint":"/api/attack","timestamp":1768693636359}],"msg":"[AdvancedRateLimiter] Suspicious activity:","msg":"[AdvancedRateLimiter] Suspicious activity:"}
{"level":"warn","time":1768693636967,"name":"BobyWorld","version":"0.1.0","env":"test","args":[{"ip":"192.168.1.1","timestamp":"2026-01-17T23:47:16.966Z"}],"msg":"[SECURITY_EVENT][CRITICAL] blacklisted_ip: Attempted access from blocked IP","msg":"[SECURITY_EVENT][CRITICAL] blacklisted_ip: Attempted access from blocked IP"}
{"level":"warn","time":1768693637351,"name":"BobyWorld","version":"0.1.0","env":"test","args":[{"type":"blacklisted_ip","severity":"critical","score":100,"description":"Attempted access from blocked IP","evidence":{"ip":"192.168.1.1","timestamp":"2026-01-17T23:47:16.966Z"},"ip":"192.168.1.1","endpoint":"/api/attack","timestamp":1768693636967}],"msg":"[AdvancedRateLimiter] Suspicious activity:","msg":"[AdvancedRateLimiter] Suspicious activity:"}
{"level":"warn","time":1768693637592,"name":"BobyWorld","version":"0.1.0","env":"test","args":[{"ip":"192.168.1.1","timestamp":"2026-01-17T23:47:17.592Z"}],"msg":"[SECURITY_EVENT][CRITICAL] blacklisted_ip: Attempted access from blocked IP","msg":"[SECURITY_EVENT][CRITICAL] blacklisted_ip: Attempted access from blocked IP"}
{"level":"warn","time":1768693637967,"name":"BobyWorld","version":"0.1.0","env":"test","args":[{"type":"blacklisted_ip","severity":"critical","score":100,"description":"Attempted access from blocked IP","evidence":{"ip":"192.168.1.1","timestamp":"2026-01-17T23:47:17.592Z"},"ip":"192.168.1.1","endpoint":"/api/attack","timestamp":1768693637592}],"msg":"[AdvancedRateLimiter] Suspicious activity:","msg":"[AdvancedRateLimiter] Suspicious activity:"}
{"level":"warn","time":1768693638229,"name":"BobyWorld","version":"0.1.0","env":"test","args":[{"ip":"192.168.1.1","timestamp":"2026-01-17T23:47:18.229Z"}],"msg":"[SECURITY_EVENT][CRITICAL] blacklisted_ip: Attempted access from blocked IP","msg":"[SECURITY_EVENT][CRITICAL] blacklisted_ip: Attempted access from blocked IP"}
{"level":"warn","time":1768693638628,"name":"BobyWorld","version":"0.1.0","env":"test","args":[{"type":"blacklisted_ip","severity":"critical","score":100,"description":"Attempted access from blocked IP","evidence":{"ip":"192.168.1.1","timestamp":"2026-01-17T23:47:18.229Z"},"ip":"192.168.1.1","endpoint":"/api/attack","timestamp":1768693638229}],"msg":"[AdvancedRateLimiter] Suspicious activity:","msg":"[AdvancedRateLimiter] Suspicious activity:"}
{"level":"warn","time":1768693638872,"name":"BobyWorld","version":"0.1.0","env":"test","args":[{"ip":"192.168.1.1","timestamp":"2026-01-17T23:47:18.872Z"}],"msg":"[SECURITY_EVENT][CRITICAL] blacklisted_ip: Attempted access from blocked IP","msg":"[SECURITY_EVENT][CRITICAL] blacklisted_ip: Attempted access from blocked IP"}
{"level":"warn","time":1768693639358,"name":"BobyWorld","version":"0.1.0","env":"test","args":[{"type":"blacklisted_ip","severity":"critical","score":100,"description":"Attempted access from blocked IP","evidence":{"ip":"192.168.1.1","timestamp":"2026-01-17T23:47:18.872Z"},"ip":"192.168.1.1","endpoint":"/api/attack","timestamp":1768693638872}],"msg":"[AdvancedRateLimiter] Suspicious activity:","msg":"[AdvancedRateLimiter] Suspicious activity:"}
{"level":"warn","time":1768693639768,"name":"BobyWorld","version":"0.1.0","env":"test","args":[{"ip":"192.168.1.1","timestamp":"2026-01-17T23:47:19.768Z"}],"msg":"[SECURITY_EVENT][CRITICAL] blacklisted_ip: Attempted access from blocked IP","msg":"[SECURITY_EVENT][CRITICAL] blacklisted_ip: Attempted access from blocked IP"}
{"level":"warn","time":1768693640382,"name":"BobyWorld","version":"0.1.0","env":"test","args":[{"type":"blacklisted_ip","severity":"critical","score":100,"description":"Attempted access from blocked IP","evidence":{"ip":"192.168.1.1","timestamp":"2026-01-17T23:47:19.768Z"},"ip":"192.168.1.1","endpoint":"/api/attack","timestamp":1768693639768}],"msg":"[AdvancedRateLimiter] Suspicious activity:","msg":"[AdvancedRateLimiter] Suspicious activity:"}
{"level":"warn","time":1768693640791,"name":"BobyWorld","version":"0.1.0","env":"test","args":[{"ip":"192.168.1.1","timestamp":"2026-01-17T23:47:20.791Z"}],"msg":"[SECURITY_EVENT][CRITICAL] blacklisted_ip: Attempted access from blocked IP","msg":"[SECURITY_EVENT][CRITICAL] blacklisted_ip: Attempted access from blocked IP"}
{"level":"warn","time":1768693641243,"name":"BobyWorld","version":"0.1.0","env":"test","args":[{"type":"blacklisted_ip","severity":"critical","score":100,"description":"Attempted access from blocked IP","evidence":{"ip":"192.168.1.1","timestamp":"2026-01-17T23:47:20.791Z"},"ip":"192.168.1.1","endpoint":"/api/attack","timestamp":1768693640791}],"msg":"[AdvancedRateLimiter] Suspicious activity:","msg":"[AdvancedRateLimiter] Suspicious activity:"}
{"level":"warn","time":1768693641508,"name":"BobyWorld","version":"0.1.0","env":"test","args":[{"ip":"192.168.1.1","timestamp":"2026-01-17T23:47:21.508Z"}],"msg":"[SECURITY_EVENT][CRITICAL] blacklisted_ip: Attempted access from blocked IP","msg":"[SECURITY_EVENT][CRITICAL] blacklisted_ip: Attempted access from blocked IP"}
{"level":"warn","time":1768693641881,"name":"BobyWorld","version":"0.1.0","env":"test","args":[{"type":"blacklisted_ip","severity":"critical","score":100,"description":"Attempted access from blocked IP","evidence":{"ip":"192.168.1.1","timestamp":"2026-01-17T23:47:21.508Z"},"ip":"192.168.1.1","endpoint":"/api/attack","timestamp":1768693641509}],"msg":"[AdvancedRateLimiter] Suspicious activity:","msg":"[AdvancedRateLimiter] Suspicious activity:"}
{"level":"warn","time":1768693642116,"name":"BobyWorld","version":"0.1.0","env":"test","args":[{"ip":"192.168.1.1","timestamp":"2026-01-17T23:47:22.116Z"}],"msg":"[SECURITY_EVENT][CRITICAL] blacklisted_ip: Attempted access from blocked IP","msg":"[SECURITY_EVENT][CRITICAL] blacklisted_ip: Attempted access from blocked IP"}
{"level":"warn","time":1768693642471,"name":"BobyWorld","version":"0.1.0","env":"test","args":[{"type":"blacklisted_ip","severity":"critical","score":100,"description":"Attempted access from blocked IP","evidence":{"ip":"192.168.1.1","timestamp":"2026-01-17T23:47:22.116Z"},"ip":"192.168.1.1","endpoint":"/api/attack","timestamp":1768693642116}],"msg":"[AdvancedRateLimiter] Suspicious activity:","msg":"[AdvancedRateLimiter] Suspicious activity:"}
{"level":"warn","time":1768693642708,"name":"BobyWorld","version":"0.1.0","env":"test","args":[{"ip":"192.168.1.1","timestamp":"2026-01-17T23:47:22.708Z"}],"msg":"[SECURITY_EVENT][CRITICAL] blacklisted_ip: Attempted access from blocked IP","msg":"[SECURITY_EVENT][CRITICAL] blacklisted_ip: Attempted access from blocked IP"}
{"level":"warn","time":1768693643078,"name":"BobyWorld","version":"0.1.0","env":"test","args":[{"type":"blacklisted_ip","severity":"critical","score":100,"description":"Attempted access from blocked IP","evidence":{"ip":"192.168.1.1","timestamp":"2026-01-17T23:47:22.708Z"},"ip":"192.168.1.1","endpoint":"/api/attack","timestamp":1768693642708}],"msg":"[AdvancedRateLimiter] Suspicious activity:","msg":"[AdvancedRateLimiter] Suspicious activity:"}
{"level":"warn","time":1768693643322,"name":"BobyWorld","version":"0.1.0","env":"test","args":[{"ip":"192.168.1.1","timestamp":"2026-01-17T23:47:23.322Z"}],"msg":"[SECURITY_EVENT][CRITICAL] blacklisted_ip: Attempted access from blocked IP","msg":"[SECURITY_EVENT][CRITICAL] blacklisted_ip: Attempted access from blocked IP"}
{"level":"warn","time":1768693643708,"name":"BobyWorld","version":"0.1.0","env":"test","args":[{"type":"blacklisted_ip","severity":"critical","score":100,"description":"Attempted access from blocked IP","evidence":{"ip":"192.168.1.1","timestamp":"2026-01-17T23:47:23.322Z"},"ip":"192.168.1.1","endpoint":"/api/attack","timestamp":1768693643322}],"msg":"[AdvancedRateLimiter] Suspicious activity:","msg":"[AdvancedRateLimiter] Suspicious activity:"}
{"level":"warn","time":1768693643956,"name":"BobyWorld","version":"0.1.0","env":"test","args":[{"ip":"192.168.1.1","timestamp":"2026-01-17T23:47:23.956Z"}],"msg":"[SECURITY_EVENT][CRITICAL] blacklisted_ip: Attempted access from blocked IP","msg":"[SECURITY_EVENT][CRITICAL] blacklisted_ip: Attempted access from blocked IP"}
{"level":"warn","time":1768693644327,"name":"BobyWorld","version":"0.1.0","env":"test","args":[{"type":"blacklisted_ip","severity":"critical","score":100,"description":"Attempted access from blocked IP","evidence":{"ip":"192.168.1.1","timestamp":"2026-01-17T23:47:23.956Z"},"ip":"192.168.1.1","endpoint":"/api/attack","timestamp":1768693643957}],"msg":"[AdvancedRateLimiter] Suspicious activity:","msg":"[AdvancedRateLimiter] Suspicious activity:"}
{"level":"warn","time":1768693644588,"name":"BobyWorld","version":"0.1.0","env":"test","args":[{"ip":"192.168.1.1","timestamp":"2026-01-17T23:47:24.588Z"}],"msg":"[SECURITY_EVENT][CRITICAL] blacklisted_ip: Attempted access from blocked IP","msg":"[SECURITY_EVENT][CRITICAL] blacklisted_ip: Attempted access from blocked IP"}
{"level":"warn","time":1768693644948,"name":"BobyWorld","version":"0.1.0","env":"test","args":[{"type":"blacklisted_ip","severity":"critical","score":100,"description":"Attempted access from blocked IP","evidence":{"ip":"192.168.1.1","timestamp":"2026-01-17T23:47:24.588Z"},"ip":"192.168.1.1","endpoint":"/api/attack","timestamp":1768693644588}],"msg":"[AdvancedRateLimiter] Suspicious activity:","msg":"[AdvancedRateLimiter] Suspicious activity:"}
{"level":"warn","time":1768693645297,"name":"BobyWorld","version":"0.1.0","env":"test","args":[{"ip":"192.168.1.1","timestamp":"2026-01-17T23:47:25.297Z"}],"msg":"[SECURITY_EVENT][CRITICAL] blacklisted_ip: Attempted access from blocked IP","msg":"[SECURITY_EVENT][CRITICAL] blacklisted_ip: Attempted access from blocked IP"}
{"level":"warn","time":1768693645809,"name":"BobyWorld","version":"0.1.0","env":"test","args":[{"type":"blacklisted_ip","severity":"critical","score":100,"description":"Attempted access from blocked IP","evidence":{"ip":"192.168.1.1","timestamp":"2026-01-17T23:47:25.297Z"},"ip":"192.168.1.1","endpoint":"/api/attack","timestamp":1768693645297}],"msg":"[AdvancedRateLimiter] Suspicious activity:","msg":"[AdvancedRateLimiter] Suspicious activity:"}
{"level":"warn","time":1768693646116,"name":"BobyWorld","version":"0.1.0","env":"test","args":[{"ip":"192.168.1.1","timestamp":"2026-01-17T23:47:26.116Z"}],"msg":"[SECURITY_EVENT][CRITICAL] blacklisted_ip: Attempted access from blocked IP","msg":"[SECURITY_EVENT][CRITICAL] blacklisted_ip: Attempted access from blocked IP"}
{"level":"warn","time":1768693646731,"name":"BobyWorld","version":"0.1.0","env":"test","args":[{"type":"blacklisted_ip","severity":"critical","score":100,"description":"Attempted access from blocked IP","evidence":{"ip":"192.168.1.1","timestamp":"2026-01-17T23:47:26.116Z"},"ip":"192.168.1.1","endpoint":"/api/attack","timestamp":1768693646116}],"msg":"[AdvancedRateLimiter] Suspicious activity:","msg":"[AdvancedRateLimiter] Suspicious activity:"}
{"level":"warn","time":1768693647121,"name":"BobyWorld","version":"0.1.0","env":"test","args":[{"ip":"192.168.1.1","timestamp":"2026-01-17T23:47:27.121Z"}],"msg":"[SECURITY_EVENT][CRITICAL] blacklisted_ip: Attempted access from blocked IP","msg":"[SECURITY_EVENT][CRITICAL] blacklisted_ip: Attempted access from blocked IP"}
{"level":"warn","time":1768693647550,"name":"BobyWorld","version":"0.1.0","env":"test","args":[{"type":"blacklisted_ip","severity":"critical","score":100,"description":"Attempted access from blocked IP","evidence":{"ip":"192.168.1.1","timestamp":"2026-01-17T23:47:27.121Z"},"ip":"192.168.1.1","endpoint":"/api/attack","timestamp":1768693647121}],"msg":"[AdvancedRateLimiter] Suspicious activity:","msg":"[AdvancedRateLimiter] Suspicious activity:"}
{"level":"warn","time":1768693647857,"name":"BobyWorld","version":"0.1.0","env":"test","args":[{"ip":"192.168.1.1","timestamp":"2026-01-17T23:47:27.857Z"}],"msg":"[SECURITY_EVENT][CRITICAL] blacklisted_ip: Attempted access from blocked IP","msg":"[SECURITY_EVENT][CRITICAL] blacklisted_ip: Attempted access from blocked IP"}
{"level":"warn","time":1768693648473,"name":"BobyWorld","version":"0.1.0","env":"test","args":[{"type":"blacklisted_ip","severity":"critical","score":100,"description":"Attempted access from blocked IP","evidence":{"ip":"192.168.1.1","timestamp":"2026-01-17T23:47:27.857Z"},"ip":"192.168.1.1","endpoint":"/api/attack","timestamp":1768693647858}],"msg":"[AdvancedRateLimiter] Suspicious activity:","msg":"[AdvancedRateLimiter] Suspicious activity:"}
{"level":"warn","time":1768693648779,"name":"BobyWorld","version":"0.1.0","env":"test","args":[{"ip":"192.168.1.1","timestamp":"2026-01-17T23:47:28.779Z"}],"msg":"[SECURITY_EVENT][CRITICAL] blacklisted_ip: Attempted access from blocked IP","msg":"[SECURITY_EVENT][CRITICAL] blacklisted_ip: Attempted access from blocked IP"}
{"level":"warn","time":1768693649236,"name":"BobyWorld","version":"0.1.0","env":"test","args":[{"type":"blacklisted_ip","severity":"critical","score":100,"description":"Attempted access from blocked IP","evidence":{"ip":"192.168.1.1","timestamp":"2026-01-17T23:47:28.779Z"},"ip":"192.168.1.1","endpoint":"/api/attack","timestamp":1768693648779}],"msg":"[AdvancedRateLimiter] Suspicious activity:","msg":"[AdvancedRateLimiter] Suspicious activity:"}
{"level":"warn","time":1768693649482,"name":"BobyWorld","version":"0.1.0","env":"test","args":[{"ip":"192.168.1.1","timestamp":"2026-01-17T23:47:29.482Z"}],"msg":"[SECURITY_EVENT][CRITICAL] blacklisted_ip: Attempted access from blocked IP","msg":"[SECURITY_EVENT][CRITICAL] blacklisted_ip: Attempted access from blocked IP"}
{"level":"warn","time":1768693649853,"name":"BobyWorld","version":"0.1.0","env":"test","args":[{"type":"blacklisted_ip","severity":"critical","score":100,"description":"Attempted access from blocked IP","evidence":{"ip":"192.168.1.1","timestamp":"2026-01-17T23:47:29.482Z"},"ip":"192.168.1.1","endpoint":"/api/attack","timestamp":1768693649482}],"msg":"[AdvancedRateLimiter] Suspicious activity:","msg":"[AdvancedRateLimiter] Suspicious activity:"}
{"level":"warn","time":1768693650110,"name":"BobyWorld","version":"0.1.0","env":"test","args":[{"ip":"192.168.1.1","timestamp":"2026-01-17T23:47:30.110Z"}],"msg":"[SECURITY_EVENT][CRITICAL] blacklisted_ip: Attempted access from blocked IP","msg":"[SECURITY_EVENT][CRITICAL] blacklisted_ip: Attempted access from blocked IP"}
{"level":"warn","time":1768693650482,"name":"BobyWorld","version":"0.1.0","env":"test","args":[{"type":"blacklisted_ip","severity":"critical","score":100,"description":"Attempted access from blocked IP","evidence":{"ip":"192.168.1.1","timestamp":"2026-01-17T23:47:30.110Z"},"ip":"192.168.1.1","endpoint":"/api/attack","timestamp":1768693650111}],"msg":"[AdvancedRateLimiter] Suspicious activity:","msg":"[AdvancedRateLimiter] Suspicious activity:"}
{"level":"warn","time":1768693650722,"name":"BobyWorld","version":"0.1.0","env":"test","args":[{"ip":"192.168.1.1","timestamp":"2026-01-17T23:47:30.722Z"}],"msg":"[SECURITY_EVENT][CRITICAL] blacklisted_ip: Attempted access from blocked IP","msg":"[SECURITY_EVENT][CRITICAL] blacklisted_ip: Attempted access from blocked IP"}
{"level":"warn","time":1768693651087,"name":"BobyWorld","version":"0.1.0","env":"test","args":[{"type":"blacklisted_ip","severity":"critical","score":100,"description":"Attempted access from blocked IP","evidence":{"ip":"192.168.1.1","timestamp":"2026-01-17T23:47:30.722Z"},"ip":"192.168.1.1","endpoint":"/api/attack","timestamp":1768693650723}],"msg":"[AdvancedRateLimiter] Suspicious activity:","msg":"[AdvancedRateLimiter] Suspicious activity:"}
{"level":"warn","time":1768693651348,"name":"BobyWorld","version":"0.1.0","env":"test","args":[{"ip":"192.168.1.1","timestamp":"2026-01-17T23:47:31.348Z"}],"msg":"[SECURITY_EVENT][CRITICAL] blacklisted_ip: Attempted access from blocked IP","msg":"[SECURITY_EVENT][CRITICAL] blacklisted_ip: Attempted access from blocked IP"}
{"level":"warn","time":1768693651953,"name":"BobyWorld","version":"0.1.0","env":"test","args":[{"type":"blacklisted_ip","severity":"critical","score":100,"description":"Attempted access from blocked IP","evidence":{"ip":"192.168.1.1","timestamp":"2026-01-17T23:47:31.348Z"},"ip":"192.168.1.1","endpoint":"/api/attack","timestamp":1768693651348}],"msg":"[AdvancedRateLimiter] Suspicious activity:","msg":"[AdvancedRateLimiter] Suspicious activity:"}
{"level":"warn","time":1768693652365,"name":"BobyWorld","version":"0.1.0","env":"test","args":[{"ip":"192.168.1.1","timestamp":"2026-01-17T23:47:32.365Z"}],"msg":"[SECURITY_EVENT][CRITICAL] blacklisted_ip: Attempted access from blocked IP","msg":"[SECURITY_EVENT][CRITICAL] blacklisted_ip: Attempted access from blocked IP"}
{"level":"warn","time":1768693652977,"name":"BobyWorld","version":"0.1.0","env":"test","args":[{"type":"blacklisted_ip","severity":"critical","score":100,"description":"Attempted access from blocked IP","evidence":{"ip":"192.168.1.1","timestamp":"2026-01-17T23:47:32.365Z"},"ip":"192.168.1.1","endpoint":"/api/attack","timestamp":1768693652365}],"msg":"[AdvancedRateLimiter] Suspicious activity:","msg":"[AdvancedRateLimiter] Suspicious activity:"}
{"level":"warn","time":1768693653284,"name":"BobyWorld","version":"0.1.0","env":"test","args":[{"ip":"192.168.1.1","timestamp":"2026-01-17T23:47:33.284Z"}],"msg":"[SECURITY_EVENT][CRITICAL] blacklisted_ip: Attempted access from blocked IP","msg":"[SECURITY_EVENT][CRITICAL] blacklisted_ip: Attempted access from blocked IP"}
{"level":"warn","time":1768693653899,"name":"BobyWorld","version":"0.1.0","env":"test","args":[{"type":"blacklisted_ip","severity":"critical","score":100,"description":"Attempted access from blocked IP","evidence":{"ip":"192.168.1.1","timestamp":"2026-01-17T23:47:33.284Z"},"ip":"192.168.1.1","endpoint":"/api/attack","timestamp":1768693653284}],"msg":"[AdvancedRateLimiter] Suspicious activity:","msg":"[AdvancedRateLimiter] Suspicious activity:"}
{"level":"warn","time":1768693654308,"name":"BobyWorld","version":"0.1.0","env":"test","args":[{"ip":"192.168.1.1","timestamp":"2026-01-17T23:47:34.308Z"}],"msg":"[SECURITY_EVENT][CRITICAL] blacklisted_ip: Attempted access from blocked IP","msg":"[SECURITY_EVENT][CRITICAL] blacklisted_ip: Attempted access from blocked IP"}
{"level":"warn","time":1768693654923,"name":"BobyWorld","version":"0.1.0","env":"test","args":[{"type":"blacklisted_ip","severity":"critical","score":100,"description":"Attempted access from blocked IP","evidence":{"ip":"192.168.1.1","timestamp":"2026-01-17T23:47:34.308Z"},"ip":"192.168.1.1","endpoint":"/api/attack","timestamp":1768693654308}],"msg":"[AdvancedRateLimiter] Suspicious activity:","msg":"[AdvancedRateLimiter] Suspicious activity:"}
{"level":"warn","time":1768693655332,"name":"BobyWorld","version":"0.1.0","env":"test","args":[{"ip":"192.168.1.1","timestamp":"2026-01-17T23:47:35.332Z"}],"msg":"[SECURITY_EVENT][CRITICAL] blacklisted_ip: Attempted access from blocked IP","msg":"[SECURITY_EVENT][CRITICAL] blacklisted_ip: Attempted access from blocked IP"}
{"level":"warn","time":1768693655844,"name":"BobyWorld","version":"0.1.0","env":"test","args":[{"type":"blacklisted_ip","severity":"critical","score":100,"description":"Attempted access from blocked IP","evidence":{"ip":"192.168.1.1","timestamp":"2026-01-17T23:47:35.332Z"},"ip":"192.168.1.1","endpoint":"/api/attack","timestamp":1768693655332}],"msg":"[AdvancedRateLimiter] Suspicious activity:","msg":"[AdvancedRateLimiter] Suspicious activity:"}
{"level":"warn","time":1768693656254,"name":"BobyWorld","version":"0.1.0","env":"test","args":[{"ip":"192.168.1.1","timestamp":"2026-01-17T23:47:36.254Z"}],"msg":"[SECURITY_EVENT][CRITICAL] blacklisted_ip: Attempted access from blocked IP","msg":"[SECURITY_EVENT][CRITICAL] blacklisted_ip: Attempted access from blocked IP"}
{"level":"warn","time":1768693656848,"name":"BobyWorld","version":"0.1.0","env":"test","args":[{"type":"blacklisted_ip","severity":"critical","score":100,"description":"Attempted access from blocked IP","evidence":{"ip":"192.168.1.1","timestamp":"2026-01-17T23:47:36.254Z"},"ip":"192.168.1.1","endpoint":"/api/attack","timestamp":1768693656254}],"msg":"[AdvancedRateLimiter] Suspicious activity:","msg":"[AdvancedRateLimiter] Suspicious activity:"}
{"level":"warn","time":1768693657278,"name":"BobyWorld","version":"0.1.0","env":"test","args":[{"ip":"192.168.1.1","timestamp":"2026-01-17T23:47:37.278Z"}],"msg":"[SECURITY_EVENT][CRITICAL] blacklisted_ip: Attempted access from blocked IP","msg":"[SECURITY_EVENT][CRITICAL] blacklisted_ip: Attempted access from blocked IP"}
{"level":"warn","time":1768693657790,"name":"BobyWorld","version":"0.1.0","env":"test","args":[{"type":"blacklisted_ip","severity":"critical","score":100,"description":"Attempted access from blocked IP","evidence":{"ip":"192.168.1.1","timestamp":"2026-01-17T23:47:37.278Z"},"ip":"192.168.1.1","endpoint":"/api/attack","timestamp":1768693657278}],"msg":"[AdvancedRateLimiter] Suspicious activity:","msg":"[AdvancedRateLimiter] Suspicious activity:"}
{"level":"warn","time":1768693658200,"name":"BobyWorld","version":"0.1.0","env":"test","args":[{"ip":"192.168.1.1","timestamp":"2026-01-17T23:47:38.200Z"}],"msg":"[SECURITY_EVENT][CRITICAL] blacklisted_ip: Attempted access from blocked IP","msg":"[SECURITY_EVENT][CRITICAL] blacklisted_ip: Attempted access from blocked IP"}
{"level":"warn","time":1768693658814,"name":"BobyWorld","version":"0.1.0","env":"test","args":[{"type":"blacklisted_ip","severity":"critical","score":100,"description":"Attempted access from blocked IP","evidence":{"ip":"192.168.1.1","timestamp":"2026-01-17T23:47:38.200Z"},"ip":"192.168.1.1","endpoint":"/api/attack","timestamp":1768693658200}],"msg":"[AdvancedRateLimiter] Suspicious activity:","msg":"[AdvancedRateLimiter] Suspicious activity:"}
{"level":"warn","time":1768693659122,"name":"BobyWorld","version":"0.1.0","env":"test","args":[{"ip":"192.168.1.1","timestamp":"2026-01-17T23:47:39.122Z"}],"msg":"[SECURITY_EVENT][CRITICAL] blacklisted_ip: Attempted access from blocked IP","msg":"[SECURITY_EVENT][CRITICAL] blacklisted_ip: Attempted access from blocked IP"}
{"level":"warn","time":1768693659528,"name":"BobyWorld","version":"0.1.0","env":"test","args":[{"type":"blacklisted_ip","severity":"critical","score":100,"description":"Attempted access from blocked IP","evidence":{"ip":"192.168.1.1","timestamp":"2026-01-17T23:47:39.122Z"},"ip":"192.168.1.1","endpoint":"/api/attack","timestamp":1768693659123}],"msg":"[AdvancedRateLimiter] Suspicious activity:","msg":"[AdvancedRateLimiter] Suspicious activity:"}
{"level":"warn","time":1768693659788,"name":"BobyWorld","version":"0.1.0","env":"test","args":[{"ip":"192.168.1.1","timestamp":"2026-01-17T23:47:39.788Z"}],"msg":"[SECURITY_EVENT][CRITICAL] blacklisted_ip: Attempted access from blocked IP","msg":"[SECURITY_EVENT][CRITICAL] blacklisted_ip: Attempted access from blocked IP"}
{"level":"warn","time":1768693660166,"name":"BobyWorld","version":"0.1.0","env":"test","args":[{"type":"blacklisted_ip","severity":"critical","score":100,"description":"Attempted access from blocked IP","evidence":{"ip":"192.168.1.1","timestamp":"2026-01-17T23:47:39.788Z"},"ip":"192.168.1.1","endpoint":"/api/attack","timestamp":1768693659788}],"msg":"[AdvancedRateLimiter] Suspicious activity:","msg":"[AdvancedRateLimiter] Suspicious activity:"}
{"level":"warn","time":1768693660407,"name":"BobyWorld","version":"0.1.0","env":"test","args":[{"ip":"192.168.1.1","timestamp":"2026-01-17T23:47:40.406Z"}],"msg":"[SECURITY_EVENT][CRITICAL] blacklisted_ip: Attempted access from blocked IP","msg":"[SECURITY_EVENT][CRITICAL] blacklisted_ip: Attempted access from blocked IP"}
{"level":"warn","time":1768693661108,"name":"BobyWorld","version":"0.1.0","env":"test","args":[{"type":"blacklisted_ip","severity":"critical","score":100,"description":"Attempted access from blocked IP","evidence":{"ip":"192.168.1.1","timestamp":"2026-01-17T23:47:40.406Z"},"ip":"192.168.1.1","endpoint":"/api/attack","timestamp":1768693660721}],"msg":"[AdvancedRateLimiter] Suspicious activity:","msg":"[AdvancedRateLimiter] Suspicious activity:"}
{"level":"warn","time":1768693661416,"name":"BobyWorld","version":"0.1.0","env":"test","args":[{"ip":"192.168.1.1","timestamp":"2026-01-17T23:47:41.416Z"}],"msg":"[SECURITY_EVENT][CRITICAL] blacklisted_ip: Attempted access from blocked IP","msg":"[SECURITY_EVENT][CRITICAL] blacklisted_ip: Attempted access from blocked IP"}
{"level":"warn","time":1768693661988,"name":"BobyWorld","version":"0.1.0","env":"test","args":[{"type":"blacklisted_ip","severity":"critical","score":100,"description":"Attempted access from blocked IP","evidence":{"ip":"192.168.1.1","timestamp":"2026-01-17T23:47:41.416Z"},"ip":"192.168.1.1","endpoint":"/api/attack","timestamp":1768693661417}],"msg":"[AdvancedRateLimiter] Suspicious activity:","msg":"[AdvancedRateLimiter] Suspicious activity:"}
{"level":"warn","time":1768693662397,"name":"BobyWorld","version":"0.1.0","env":"test","args":[{"ip":"192.168.1.1","timestamp":"2026-01-17T23:47:42.397Z"}],"msg":"[SECURITY_EVENT][CRITICAL] blacklisted_ip: Attempted access from blocked IP","msg":"[SECURITY_EVENT][CRITICAL] blacklisted_ip: Attempted access from blocked IP"}
{"level":"warn","time":1768693662910,"name":"BobyWorld","version":"0.1.0","env":"test","args":[{"type":"blacklisted_ip","severity":"critical","score":100,"description":"Attempted access from blocked IP","evidence":{"ip":"192.168.1.1","timestamp":"2026-01-17T23:47:42.397Z"},"ip":"192.168.1.1","endpoint":"/api/attack","timestamp":1768693662398}],"msg":"[AdvancedRateLimiter] Suspicious activity:","msg":"[AdvancedRateLimiter] Suspicious activity:"}
{"level":"warn","time":1768693663232,"name":"BobyWorld","version":"0.1.0","env":"test","args":[{"ip":"192.168.1.1","timestamp":"2026-01-17T23:47:43.232Z"}],"msg":"[SECURITY_EVENT][CRITICAL] blacklisted_ip: Attempted access from blocked IP","msg":"[SECURITY_EVENT][CRITICAL] blacklisted_ip: Attempted access from blocked IP"}
{"level":"warn","time":1768693663832,"name":"BobyWorld","version":"0.1.0","env":"test","args":[{"type":"blacklisted_ip","severity":"critical","score":100,"description":"Attempted access from blocked IP","evidence":{"ip":"192.168.1.1","timestamp":"2026-01-17T23:47:43.232Z"},"ip":"192.168.1.1","endpoint":"/api/attack","timestamp":1768693663232}],"msg":"[AdvancedRateLimiter] Suspicious activity:","msg":"[AdvancedRateLimiter] Suspicious activity:"}
{"level":"warn","time":1768693664139,"name":"BobyWorld","version":"0.1.0","env":"test","args":[{"ip":"192.168.1.1","timestamp":"2026-01-17T23:47:44.139Z"}],"msg":"[SECURITY_EVENT][CRITICAL] blacklisted_ip: Attempted access from blocked IP","msg":"[SECURITY_EVENT][CRITICAL] blacklisted_ip: Attempted access from blocked IP"}
{"level":"warn","time":1768693664753,"name":"BobyWorld","version":"0.1.0","env":"test","args":[{"type":"blacklisted_ip","severity":"critical","score":100,"description":"Attempted access from blocked IP","evidence":{"ip":"192.168.1.1","timestamp":"2026-01-17T23:47:44.139Z"},"ip":"192.168.1.1","endpoint":"/api/attack","timestamp":1768693664139}],"msg":"[AdvancedRateLimiter] Suspicious activity:","msg":"[AdvancedRateLimiter] Suspicious activity:"}
{"level":"warn","time":1768693665163,"name":"BobyWorld","version":"0.1.0","env":"test","args":[{"ip":"192.168.1.1","timestamp":"2026-01-17T23:47:45.163Z"}],"msg":"[SECURITY_EVENT][CRITICAL] blacklisted_ip: Attempted access from blocked IP","msg":"[SECURITY_EVENT][CRITICAL] blacklisted_ip: Attempted access from blocked IP"}
{"level":"warn","time":1768693665567,"name":"BobyWorld","version":"0.1.0","env":"test","args":[{"type":"blacklisted_ip","severity":"critical","score":100,"description":"Attempted access from blocked IP","evidence":{"ip":"192.168.1.1","timestamp":"2026-01-17T23:47:45.163Z"},"ip":"192.168.1.1","endpoint":"/api/attack","timestamp":1768693665163}],"msg":"[AdvancedRateLimiter] Suspicious activity:","msg":"[AdvancedRateLimiter] Suspicious activity:"}
{"level":"warn","time":1768693665828,"name":"BobyWorld","version":"0.1.0","env":"test","args":[{"ip":"192.168.1.1","timestamp":"2026-01-17T23:47:45.828Z"}],"msg":"[SECURITY_EVENT][CRITICAL] blacklisted_ip: Attempted access from blocked IP","msg":"[SECURITY_EVENT][CRITICAL] blacklisted_ip: Attempted access from blocked IP"}
{"level":"warn","time":1768693666207,"name":"BobyWorld","version":"0.1.0","env":"test","args":[{"type":"blacklisted_ip","severity":"critical","score":100,"description":"Attempted access from blocked IP","evidence":{"ip":"192.168.1.1","timestamp":"2026-01-17T23:47:45.828Z"},"ip":"192.168.1.1","endpoint":"/api/attack","timestamp":1768693665828}],"msg":"[AdvancedRateLimiter] Suspicious activity:","msg":"[AdvancedRateLimiter] Suspicious activity:"}
{"level":"warn","time":1768693666447,"name":"BobyWorld","version":"0.1.0","env":"test","args":[{"ip":"192.168.1.1","timestamp":"2026-01-17T23:47:46.447Z"}],"msg":"[SECURITY_EVENT][CRITICAL] blacklisted_ip: Attempted access from blocked IP","msg":"[SECURITY_EVENT][CRITICAL] blacklisted_ip: Attempted access from blocked IP"}
{"level":"warn","time":1768693666828,"name":"BobyWorld","version":"0.1.0","env":"test","args":[{"type":"blacklisted_ip","severity":"critical","score":100,"description":"Attempted access from blocked IP","evidence":{"ip":"192.168.1.1","timestamp":"2026-01-17T23:47:46.447Z"},"ip":"192.168.1.1","endpoint":"/api/attack","timestamp":1768693666447}],"msg":"[AdvancedRateLimiter] Suspicious activity:","msg":"[AdvancedRateLimiter] Suspicious activity:"}
  ●  process.exit called with "0"

      219 |      * Update configuration
      220 |      */
    > 221 |     updateConfig(config: Partial<BufferingConfig>): void {
          |                             ^
      222 |         const wasEnabled = this.config.enabled;
      223 |         this.config = { ...this.config, ...config };
      224 |

      at process.<anonymous> (src/lib/logging/middleware/BufferingMiddleware.ts:221:29)
